106.75.166.28 - - [19/Jan/2025:05:00:37 -0300] "GET / HTTP/1.1" 404 2186 "http://45.223.225.106:8091" "Mozilla/5.0 (Windows NT 6.1) AppleWebKit/537.36 (KHTML, like Gecko) Chrome/49.0.2623.112 Safari/537.36"
106.75.166.28 - - [19/Jan/2025:05:00:42 -0300] "GET /favicon.ico HTTP/1.1" 404 2186 "https://sitemaps.mlopes.xyz" "Mozilla/5.0 (Windows NT 6.1) AppleWebKit/537.36 (KHTML, like Gecko) Chrome/49.0.2623.112 Safari/537.36"
106.75.139.250 - - [19/Jan/2025:05:00:51 -0300] "GET / HTTP/1.1" 301 175 "https://45.5.58.158:3352" "Mozilla/5.0 (Windows NT 6.1) AppleWebKit/537.36 (KHTML, like Gecko) Chrome/49.0.2623.112 Safari/537.36"
106.75.139.250 - - [19/Jan/2025:05:00:54 -0300] "GET / HTTP/1.1" 404 2186 "https://45.5.58.158:3352" "Mozilla/5.0 (Windows NT 6.1) AppleWebKit/537.36 (KHTML, like Gecko) Chrome/49.0.2623.112 Safari/537.36"
106.75.139.250 - - [19/Jan/2025:05:01:00 -0300] "GET /favicon.ico HTTP/1.1" 404 2186 "https://sitemaps.mlopes.xyz" "Mozilla/5.0 (Windows NT 6.1) AppleWebKit/537.36 (KHTML, like Gecko) Chrome/49.0.2623.112 Safari/537.36"
149.50.103.48 - - [19/Jan/2025:05:01:08 -0300] "GET / HTTP/1.1" 301 175 "-" "Hello World/1.0"
185.242.226.154 - - [19/Jan/2025:05:09:00 -0300] "GET / HTTP/1.1" 301 175 "-" "Mozilla/5.0 (Windows NT 10.0; Win64; x64) AppleWebKit/537.36 (KHTML, like Gecko) Chrome/88.0.4324.190 Safari/537.36"
185.242.226.154 - - [19/Jan/2025:05:09:01 -0300] "GET / HTTP/1.1" 200 128646 "http://179.232.255.135:80/" "Mozilla/5.0 (Windows NT 10.0; Win64; x64) AppleWebKit/537.36 (KHTML, like Gecko) Chrome/88.0.4324.190 Safari/537.36"
141.148.153.213 - - [19/Jan/2025:05:11:34 -0300] "GET / HTTP/1.1" 404 2186 "-" "Mozilla/5.0 (iPhone; CPU iPhone OS 17_0 like Mac OS X) AppleWebKit/605.1.15 (KHTML, like Gecko) Version/17.0 Mobile/15E148 Safari/604.1"
141.148.153.213 - - [19/Jan/2025:05:11:35 -0300] "GET / HTTP/1.1" 404 2186 "-" "Mozilla/5.0 (iPhone; CPU iPhone OS 16_0 like Mac OS X) AppleWebKit/605.1.15 (KHTML, like Gecko) Version/18.2 Mobile/15E148 Safari/604.1"
141.148.153.213 - - [19/Jan/2025:05:11:35 -0300] "GET /favicon.ico HTTP/1.1" 404 2186 "-" "Mozilla/5.0 (iPhone; CPU iPhone OS 16_0 like Mac OS X) AppleWebKit/605.1.15 (KHTML, like Gecko) Version/18.2 Mobile/15E148 Safari/604.1"
141.148.153.213 - - [19/Jan/2025:05:11:36 -0300] "GET /favicon.ico HTTP/1.1" 404 2186 "-" "Mozilla/5.0 (iPhone; CPU iPhone OS 17_0 like Mac OS X) AppleWebKit/605.1.15 (KHTML, like Gecko) Version/17.0 Mobile/15E148 Safari/604.1"
141.148.153.213 - - [19/Jan/2025:05:13:08 -0300] "GET / HTTP/1.1" 404 2186 "-" "Mozilla/5.0 (iPhone; CPU iPhone OS 17_0 like Mac OS X) AppleWebKit/605.1.15 (KHTML, like Gecko) Version/17.0 Mobile/15E148 Safari/604.1"
141.148.153.213 - - [19/Jan/2025:05:13:09 -0300] "GET / HTTP/1.1" 404 2186 "-" "Mozilla/5.0 (iPhone; CPU iPhone OS 16_0 like Mac OS X) AppleWebKit/605.1.15 (KHTML, like Gecko) Version/18.2 Mobile/15E148 Safari/604.1"
141.148.153.213 - - [19/Jan/2025:05:13:11 -0300] "GET /favicon.ico HTTP/1.1" 404 2186 "-" "Mozilla/5.0 (iPhone; CPU iPhone OS 16_0 like Mac OS X) AppleWebKit/605.1.15 (KHTML, like Gecko) Version/18.2 Mobile/15E148 Safari/604.1"
141.148.153.213 - - [19/Jan/2025:05:13:11 -0300] "GET /favicon.ico HTTP/1.1" 404 2186 "-" "Mozilla/5.0 (iPhone; CPU iPhone OS 17_0 like Mac OS X) AppleWebKit/605.1.15 (KHTML, like Gecko) Version/17.0 Mobile/15E148 Safari/604.1"
78.108.178.104 - - [19/Jan/2025:05:15:10 -0300] "GET / HTTP/1.1" 301 175 "-" "Mozilla/5.0"
47.242.224.70 - - [19/Jan/2025:05:15:23 -0300] "GET / HTTP/1.1" 404 2186 "-" "Opera/9.80 (X11; Linux i686; U; ru) Presto/2.8.131 Version/11.11"
31.220.1.144 - - [19/Jan/2025:05:16:21 -0300] "HEAD / HTTP/1.0" 301 0 "-" "-"
179.43.169.162 - - [19/Jan/2025:05:19:12 -0300] "GET / HTTP/1.1" 301 175 "-" "Hello World/1.0"
54.68.164.148 - - [19/Jan/2025:05:19:39 -0300] "GET / HTTP/1.1" 200 128646 "-" "Mozilla/5.0 (Linux; Android 12; Pixel 6) AppleWebKit/537.36 (KHTML, like Gecko) Chrome/114.0.0.0 Mobile Safari/537.36"
34.212.233.24 - - [19/Jan/2025:05:24:52 -0300] "GET / HTTP/1.1" 404 2186 "-" "Mozilla/5.0 (Linux; Android 12; Pixel 6) AppleWebKit/537.36 (KHTML, like Gecko) Chrome/114.0.0.0 Mobile Safari/537.36"
94.225.100.154 - - [19/Jan/2025:05:28:30 -0300] "GET /.env HTTP/1.1" 301 175 "-" "Mozilla/5.0 (Macintosh; Intel Mac OS X 10_10_1) AppleWebKit/537.36 (KHTML, like Gecko) Chrome/39.0.2171.95 Safari/537.36"
179.43.169.162 - - [19/Jan/2025:05:28:59 -0300] "POST /boaform/admin/formLogin HTTP/1.1" 301 175 "http://179.232.255.135:80/admin/login.asp" "Mozilla/5.0 (X11; Ubuntu; Linux x86_64; rv:71.0) Gecko/20100101 Firefox/71.0"
179.43.169.162 - - [19/Jan/2025:05:28:59 -0300] "" 400 0 "-" "-"
149.50.103.48 - - [19/Jan/2025:05:29:07 -0300] "GET / HTTP/1.1" 301 175 "-" "Hello World/1.0"
94.225.100.154 - - [19/Jan/2025:05:29:10 -0300] "GET /.env HTTP/1.1" 301 175 "-" "Mozilla/5.0 (Macintosh; Intel Mac OS X 10_10_1) AppleWebKit/537.36 (KHTML, like Gecko) Chrome/39.0.2171.95 Safari/537.36"
94.225.100.154 - - [19/Jan/2025:05:29:14 -0300] "GET /.env HTTP/1.1" 404 2186 "-" "Mozilla/5.0 (Macintosh; Intel Mac OS X 10_10_1) AppleWebKit/537.36 (KHTML, like Gecko) Chrome/39.0.2171.95 Safari/537.36"
94.225.100.154 - - [19/Jan/2025:05:30:17 -0300] "GET /.env HTTP/1.1" 404 2186 "-" "Mozilla/5.0 (Macintosh; Intel Mac OS X 10_10_1) AppleWebKit/537.36 (KHTML, like Gecko) Chrome/39.0.2171.95 Safari/537.36"
179.43.169.162 - - [19/Jan/2025:05:32:51 -0300] "POST /boaform/admin/formLogin HTTP/1.1" 301 175 "http://179.232.255.135:80/admin/login.asp" "Mozilla/5.0 (X11; Ubuntu; Linux x86_64; rv:71.0) Gecko/20100101 Firefox/71.0"
179.43.169.162 - - [19/Jan/2025:05:32:51 -0300] "" 400 0 "-" "-"
216.218.206.69 - - [19/Jan/2025:05:33:51 -0300] "GET / HTTP/1.1" 301 175 "-" "Mozilla/5.0 (Windows NT 10.0; Win64; x64) AppleWebKit/537.36 (KHTML, like Gecko) Chrome/117.0.5938.132 Safari/537.36"
216.218.206.69 - - [19/Jan/2025:05:35:39 -0300] "GET /webui/ HTTP/1.1" 301 175 "-" "Mozilla/5.0 (Windows NT 10.0; rv:109.0) Gecko/20100101 Firefox/115.0"
216.218.206.69 - - [19/Jan/2025:05:36:20 -0300] "GET / HTTP/1.1" 301 175 "-" "Mozilla/5.0 (Windows NT 10.0; rv:109.0) Gecko/20100101 Firefox/115.0"
216.218.206.69 - - [19/Jan/2025:05:36:22 -0300] "GET / HTTP/1.1" 200 128646 "http://179.232.255.135/" "Mozilla/5.0 (Windows NT 10.0; rv:109.0) Gecko/20100101 Firefox/115.0"
216.218.206.69 - - [19/Jan/2025:05:36:39 -0300] "GET /favicon.ico HTTP/1.1" 301 175 "-" "Mozilla/5.0 (Macintosh; Intel Mac OS X 10_15_7) AppleWebKit/605.1.15 (KHTML, like Gecko) Version/17.4 Safari/605.1.15"
216.218.206.69 - - [19/Jan/2025:05:37:41 -0300] "GET /geoserver/web/ HTTP/1.1" 301 175 "-" "Mozilla/5.0 (Windows NT 10.0; Win64; x64) AppleWebKit/537.36 (KHTML, like Gecko) Chrome/117.0.5938.132 Safari/537.36"
5.181.190.248 - - [19/Jan/2025:05:37:47 -0300] "GET / HTTP/1.1" 301 175 "-" "-"
5.181.190.248 - - [19/Jan/2025:05:37:48 -0300] "GET / HTTP/1.1" 200 128646 "http://179.232.255.135:80/" "-"
179.43.169.162 - - [19/Jan/2025:05:39:29 -0300] "POST /boaform/admin/formLogin HTTP/1.1" 301 175 "http://179.232.255.135:80/admin/login.asp" "Mozilla/5.0 (X11; Ubuntu; Linux x86_64; rv:71.0) Gecko/20100101 Firefox/71.0"
179.43.169.162 - - [19/Jan/2025:05:39:30 -0300] "" 400 0 "-" "-"
149.50.103.48 - - [19/Jan/2025:05:41:22 -0300] "GET / HTTP/1.1" 301 175 "-" "Hello World/1.0"
154.28.229.91 - - [19/Jan/2025:05:41:48 -0300] "GET / HTTP/1.1" 404 2186 "-" "Mozilla/5.0 (X11; Linux x86_64) AppleWebKit/537.36 (KHTML, like Gecko) Chrome/117.0.0.0 Safari/537.36"
154.28.229.159 - - [19/Jan/2025:05:41:48 -0300] "GET / HTTP/1.1" 404 2186 "-" "Mozilla/5.0 (Windows NT 10.0; Win64; x64) AppleWebKit/537.36 (KHTML, like Gecko) Chrome/116.0.0.0 Safari/537.36"
154.28.229.196 - - [19/Jan/2025:05:41:58 -0300] "GET / HTTP/1.1" 404 2186 "-" "Mozilla/5.0 (Windows NT 10.0; Win64; x64) AppleWebKit/537.36 (KHTML, like Gecko) Chrome/117.0.0.0 Safari/537.36"
154.28.229.196 - - [19/Jan/2025:05:41:58 -0300] "GET / HTTP/1.1" 404 2186 "-" "Mozilla/5.0 (Windows NT 10.0; Win64; x64) AppleWebKit/537.36 (KHTML, like Gecko) Chrome/117.0.0.0 Safari/537.36"
179.43.169.162 - - [19/Jan/2025:05:42:56 -0300] "POST /boaform/admin/formLogin HTTP/1.1" 301 175 "http://179.232.255.135:80/admin/login.asp" "Mozilla/5.0 (X11; Ubuntu; Linux x86_64; rv:71.0) Gecko/20100101 Firefox/71.0"
179.43.169.162 - - [19/Jan/2025:05:42:56 -0300] "" 400 0 "-" "-"
146.19.24.168 - - [19/Jan/2025:05:49:59 -0300] "GET / HTTP/1.1" 301 175 "-" "-"
47.242.224.70 - - [19/Jan/2025:05:53:34 -0300] "GET / HTTP/1.1" 404 2186 "-" "Mozilla/5.0 (Windows; U; Windows NT 5.0; de-AT; rv:1.8a4) Gecko/20040927"
213.232.87.234 - - [19/Jan/2025:05:54:48 -0300] "GET /secrets.json HTTP/1.1" 404 2186 "-" "Go-http-client/1.1"
213.232.87.234 - - [19/Jan/2025:05:54:48 -0300] "GET /config.yaml HTTP/1.1" 404 2186 "-" "Go-http-client/1.1"
213.232.87.234 - - [19/Jan/2025:05:54:48 -0300] "GET /.svn/wc.db HTTP/1.1" 404 2186 "-" "Go-http-client/1.1"
213.232.87.234 - - [19/Jan/2025:05:54:48 -0300] "GET /config/database.php HTTP/1.1" 404 2186 "-" "Go-http-client/1.1"
213.232.87.234 - - [19/Jan/2025:05:54:48 -0300] "GET /etc/ssl/private/server.key HTTP/1.1" 404 2186 "-" "Go-http-client/1.1"
213.232.87.234 - - [19/Jan/2025:05:54:48 -0300] "GET /_vti_pvt/service.pwd HTTP/1.1" 404 2186 "-" "Go-http-client/1.1"
213.232.87.234 - - [19/Jan/2025:05:54:48 -0300] "GET /.env HTTP/1.1" 404 2186 "-" "Go-http-client/1.1"
213.232.87.234 - - [19/Jan/2025:05:54:48 -0300] "GET /_vti_pvt/authors.pwd HTTP/1.1" 404 2186 "-" "Go-http-client/1.1"
213.232.87.234 - - [19/Jan/2025:05:54:48 -0300] "GET /backup.tar.gz HTTP/1.1" 404 2186 "-" "Go-http-client/1.1"
213.232.87.234 - - [19/Jan/2025:05:54:48 -0300] "GET /etc/shadow HTTP/1.1" 404 2186 "-" "Go-http-client/1.1"
213.232.87.234 - - [19/Jan/2025:05:54:48 -0300] "GET /server-status HTTP/1.1" 404 2186 "-" "Go-http-client/1.1"
213.232.87.234 - - [19/Jan/2025:05:54:48 -0300] "GET /server.key HTTP/1.1" 404 2186 "-" "Go-http-client/1.1"
213.232.87.234 - - [19/Jan/2025:05:54:48 -0300] "GET /config/production.json HTTP/1.1" 404 2186 "-" "Go-http-client/1.1"
213.232.87.234 - - [19/Jan/2025:05:54:48 -0300] "GET /feed HTTP/1.1" 404 2186 "-" "Go-http-client/1.1"
213.232.87.234 - - [19/Jan/2025:05:54:49 -0300] "GET /.kube/config HTTP/1.1" 404 2186 "-" "Go-http-client/1.1"
213.232.87.234 - - [19/Jan/2025:05:54:49 -0300] "GET /.env.production HTTP/1.1" 404 2186 "-" "Go-http-client/1.1"
213.232.87.234 - - [19/Jan/2025:05:54:49 -0300] "GET /dump.sql HTTP/1.1" 404 2186 "-" "Go-http-client/1.1"
213.232.87.234 - - [19/Jan/2025:05:54:49 -0300] "GET /config.php HTTP/1.1" 404 2186 "-" "Go-http-client/1.1"
213.232.87.234 - - [19/Jan/2025:05:54:50 -0300] "GET /config.xml HTTP/1.1" 404 2186 "-" "Go-http-client/1.1"
213.232.87.234 - - [19/Jan/2025:05:54:50 -0300] "GET /database.sql HTTP/1.1" 404 2186 "-" "Go-http-client/1.1"
213.232.87.234 - - [19/Jan/2025:05:54:50 -0300] "GET /config.yml HTTP/1.1" 404 2186 "-" "Go-http-client/1.1"
213.232.87.234 - - [19/Jan/2025:05:54:50 -0300] "GET /config.json HTTP/1.1" 404 2186 "-" "Go-http-client/1.1"
213.232.87.234 - - [19/Jan/2025:05:54:50 -0300] "GET /.aws/credentials HTTP/1.1" 404 2186 "-" "Go-http-client/1.1"
213.232.87.234 - - [19/Jan/2025:05:54:50 -0300] "GET /.vscode/sftp.json HTTP/1.1" 404 2186 "-" "Go-http-client/1.1"
213.232.87.234 - - [19/Jan/2025:05:54:50 -0300] "GET /cloud-config.yml HTTP/1.1" 404 2186 "-" "Go-http-client/1.1"
213.232.87.234 - - [19/Jan/2025:05:54:50 -0300] "GET /web.config HTTP/1.1" 404 2186 "-" "Go-http-client/1.1"
213.232.87.234 - - [19/Jan/2025:05:54:50 -0300] "GET /wp-config.php HTTP/1.1" 404 2186 "-" "Go-http-client/1.1"
213.232.87.234 - - [19/Jan/2025:05:54:50 -0300] "GET /backup.sql HTTP/1.1" 404 2186 "-" "Go-http-client/1.1"
213.232.87.234 - - [19/Jan/2025:05:54:50 -0300] "GET /docker-compose.yml HTTP/1.1" 404 2186 "-" "Go-http-client/1.1"
213.232.87.234 - - [19/Jan/2025:05:54:50 -0300] "GET /user_secrets.yml HTTP/1.1" 404 2186 "-" "Go-http-client/1.1"
213.232.87.234 - - [19/Jan/2025:05:54:50 -0300] "GET /.ssh/id_ecdsa HTTP/1.1" 404 2186 "-" "Go-http-client/1.1"
213.232.87.234 - - [19/Jan/2025:05:54:50 -0300] "GET /_vti_pvt/administrators.pwd HTTP/1.1" 404 2186 "-" "Go-http-client/1.1"
213.232.87.234 - - [19/Jan/2025:05:54:50 -0300] "GET /.ssh/id_ed25519 HTTP/1.1" 404 2186 "-" "Go-http-client/1.1"
213.232.87.234 - - [19/Jan/2025:05:54:51 -0300] "GET /backup.zip HTTP/1.1" 404 2186 "-" "Go-http-client/1.1"
213.232.87.234 - - [19/Jan/2025:05:54:51 -0300] "GET /.ssh/id_rsa HTTP/1.1" 404 2186 "-" "Go-http-client/1.1"
213.232.87.234 - - [19/Jan/2025:05:54:51 -0300] "GET /wp-admin/setup-config.php HTTP/1.1" 404 2186 "-" "Go-http-client/1.1"
213.232.87.234 - - [19/Jan/2025:05:54:51 -0300] "GET /.git/HEAD HTTP/1.1" 404 2186 "-" "Go-http-client/1.1"
213.232.87.234 - - [19/Jan/2025:05:54:51 -0300] "GET /phpinfo.php HTTP/1.1" 404 2186 "-" "Go-http-client/1.1"
213.232.87.234 - - [19/Jan/2025:05:54:51 -0300] "GET /api/.env HTTP/1.1" 404 2186 "-" "Go-http-client/1.1"
213.232.87.234 - - [19/Jan/2025:05:54:51 -0300] "GET / HTTP/1.1" 404 2186 "-" "Go-http-client/1.1"
95.214.53.198 - - [19/Jan/2025:05:55:15 -0300] "GET /AdminPage/conf/runCmd?cmd=ping%20-c%209%2069.30.211.34 HTTP/1.1" 301 175 "-" "-"
45.149.241.245 - - [19/Jan/2025:05:58:03 -0300] "GET /.env HTTP/1.1" 301 175 "-" "Mozilla/5.0 (X11; Linux x86_64) AppleWebKit/537.36 (KHTML, like Gecko) Chrome/81.0.4044.129 Safari/537.36"
45.149.241.245 - - [19/Jan/2025:05:58:03 -0300] "POST / HTTP/1.1" 301 175 "-" "Mozilla/5.0 (X11; Linux x86_64) AppleWebKit/537.36 (KHTML, like Gecko) Chrome/81.0.4044.129 Safari/537.36"
13.211.140.162 - - [19/Jan/2025:06:02:02 -0300] "GET /.git/config HTTP/1.1" 301 175 "-" "Mozilla/5.0 (Linux; Android 9; HMA-L29) AppleWebKit/537.36 (KHTML, like Gecko) Chrome/76.0.3809.111 Mobile Safari/537.36"
- - - [19/Jan/2025:06:02:07 -0300] "POST /deploy-challenge HTTP/1.1" 200 5 "-" "curl/8.5.0"
23.178.112.101 - - [19/Jan/2025:06:02:19 -0300] "GET /.well-known/acme-challenge/1GO6mZGjwjnCvP6kusiHDuZxxaBFib9pzbhQIACwZrQ HTTP/1.1" 200 99 "-" "Mozilla/5.0 (compatible; Let's Encrypt validation server; +https://www.letsencrypt.org)"
3.17.190.239 - - [19/Jan/2025:06:02:29 -0300] "GET /.well-known/acme-challenge/1GO6mZGjwjnCvP6kusiHDuZxxaBFib9pzbhQIACwZrQ HTTP/1.1" 200 99 "-" "Mozilla/5.0 (compatible; Let's Encrypt validation server; +https://www.letsencrypt.org)"
35.86.163.51 - - [19/Jan/2025:06:02:30 -0300] "GET /.well-known/acme-challenge/1GO6mZGjwjnCvP6kusiHDuZxxaBFib9pzbhQIACwZrQ HTTP/1.1" 200 99 "-" "Mozilla/5.0 (compatible; Let's Encrypt validation server; +https://www.letsencrypt.org)"
18.138.240.167 - - [19/Jan/2025:06:02:30 -0300] "GET /.well-known/acme-challenge/1GO6mZGjwjnCvP6kusiHDuZxxaBFib9pzbhQIACwZrQ HTTP/1.1" 200 99 "-" "Mozilla/5.0 (compatible; Let's Encrypt validation server; +https://www.letsencrypt.org)"
13.48.10.230 - - [19/Jan/2025:06:02:30 -0300] "GET /.well-known/acme-challenge/1GO6mZGjwjnCvP6kusiHDuZxxaBFib9pzbhQIACwZrQ HTTP/1.1" 200 99 "-" "Mozilla/5.0 (compatible; Let's Encrypt validation server; +https://www.letsencrypt.org)"
- - - [19/Jan/2025:06:02:30 -0300] "POST /clean-challenge HTTP/1.1" 200 5 "-" "curl/8.5.0"
34.218.210.227 - - [19/Jan/2025:06:02:41 -0300] "GET / HTTP/1.1" 404 2186 "-" "Mozilla/5.0 (Linux; Android 12; Pixel 6) AppleWebKit/537.36 (KHTML, like Gecko) Chrome/114.0.0.0 Mobile Safari/537.36"
124.236.100.56 - - [19/Jan/2025:06:02:43 -0300] "GET / HTTP/1.1" 301 175 "-" "Mozilla/5.0 (Windows NT 6.1; Win64; x64; rv:25.0) Gecko/20100101 Firefox/29.0"
124.236.100.56 - - [19/Jan/2025:06:02:43 -0300] "GET / HTTP/1.1" 301 175 "-" "Mozilla/5.0 (Windows NT 10.0; Win64; x64) AppleWebKit/537.36 (KHTML, like Gecko) Chrome/61.0.3163.100 Safari/537.36 OPR/48.0.2685.35"
- - - [19/Jan/2025:06:02:46 -0300] "POST /deploy-challenge HTTP/1.1" 200 5 "-" "curl/8.5.0"
34.218.210.227 - - [19/Jan/2025:06:02:46 -0300] "GET / HTTP/1.1" 404 2186 "-" "Mozilla/5.0 (Linux; Android 12; Pixel 6) AppleWebKit/537.36 (KHTML, like Gecko) Chrome/114.0.0.0 Mobile Safari/537.36"
23.178.112.103 - - [19/Jan/2025:06:02:58 -0300] "GET /.well-known/acme-challenge/jvE5ibEQxp0qb4j64kukvLXMwLNQ2OYIYcyFZzOCOgU HTTP/1.1" 200 99 "-" "Mozilla/5.0 (compatible; Let's Encrypt validation server; +https://www.letsencrypt.org)"
18.227.111.41 - - [19/Jan/2025:06:03:08 -0300] "GET /.well-known/acme-challenge/jvE5ibEQxp0qb4j64kukvLXMwLNQ2OYIYcyFZzOCOgU HTTP/1.1" 200 99 "-" "Mozilla/5.0 (compatible; Let's Encrypt validation server; +https://www.letsencrypt.org)"
13.51.252.47 - - [19/Jan/2025:06:03:08 -0300] "GET /.well-known/acme-challenge/jvE5ibEQxp0qb4j64kukvLXMwLNQ2OYIYcyFZzOCOgU HTTP/1.1" 200 99 "-" "Mozilla/5.0 (compatible; Let's Encrypt validation server; +https://www.letsencrypt.org)"
54.202.217.136 - - [19/Jan/2025:06:03:08 -0300] "GET /.well-known/acme-challenge/jvE5ibEQxp0qb4j64kukvLXMwLNQ2OYIYcyFZzOCOgU HTTP/1.1" 200 99 "-" "Mozilla/5.0 (compatible; Let's Encrypt validation server; +https://www.letsencrypt.org)"
13.213.7.252 - - [19/Jan/2025:06:03:09 -0300] "GET /.well-known/acme-challenge/jvE5ibEQxp0qb4j64kukvLXMwLNQ2OYIYcyFZzOCOgU HTTP/1.1" 200 99 "-" "Mozilla/5.0 (compatible; Let's Encrypt validation server; +https://www.letsencrypt.org)"
- - - [19/Jan/2025:06:03:09 -0300] "POST /clean-challenge HTTP/1.1" 200 5 "-" "curl/8.5.0"
- - - [19/Jan/2025:06:03:12 -0300] "POST /deploy-cert HTTP/1.1" 200 5 "-" "curl/8.5.0"
193.142.146.175 - - [19/Jan/2025:06:04:17 -0300] "GET / HTTP/1.1" 301 175 "-" "-"
193.142.146.175 - - [19/Jan/2025:06:04:17 -0300] "GET /logon.htm HTTP/1.1" 301 175 "-" "Hello World"
157.230.19.140 - - [19/Jan/2025:06:04:19 -0300] "\x16\x03\x01\x01\x01\x01\x00\x00\xFD\x03\x03\xAB\xCD\xECi%I\xB2#\xCA%\xFAz'\xFD\xB7\xBC\xC8\x01\xFE;\xE2\xC3\xE3\xF2]\xD0\xED\x13\xBA\xBF\x08\xBB G\x7F\x90\xFB\xF0\xE5vvu\x9E\xEE\xDA\xE9A5\x05\x8AJM$\x99\xBC\xF1\x9A\xC1\x84\xF7\x8CR\x88Y\xC6\x00&\xC0+\xC0/\xC0,\xC00\xCC\xA9\xCC\xA8\xC0\x09\xC0\x13\xC0" 400 163 "-" "-"
209.38.208.202 - - [19/Jan/2025:06:04:20 -0300] "GET / HTTP/1.1" 404 2186 "-" "-"
157.230.19.140 - - [19/Jan/2025:06:04:20 -0300] "GET / HTTP/1.1" 301 175 "-" "-"
157.230.19.140 - - [19/Jan/2025:06:04:20 -0300] "GET / HTTP/1.1" 301 175 "-" "Mozilla/5.0 (Linux; Android 6.0; HTC One M9 Build/MRA394865) AppleWebKit/537.36 (KHTML, like Gecko) Chrome/52.0.3018.98 Mobile Safari/537.3"
157.230.19.140 - - [19/Jan/2025:06:04:21 -0300] "GET /actuator/env HTTP/1.1" 301 175 "-" "Go-http-client/1.1"
157.230.19.140 - - [19/Jan/2025:06:04:21 -0300] "GET /server HTTP/1.1" 301 175 "-" "Go-http-client/1.1"
157.230.19.140 - - [19/Jan/2025:06:04:22 -0300] "GET /.vscode/sftp.json HTTP/1.1" 301 175 "-" "Go-http-client/1.1"
157.230.19.140 - - [19/Jan/2025:06:04:22 -0300] "GET /about HTTP/1.1" 301 175 "-" "Go-http-client/1.1"
157.230.19.140 - - [19/Jan/2025:06:04:23 -0300] "GET /debug/default/view?panel=config HTTP/1.1" 301 175 "-" "Go-http-client/1.1"
157.230.19.140 - - [19/Jan/2025:06:04:23 -0300] "GET /v2/_catalog HTTP/1.1" 301 175 "-" "Go-http-client/1.1"
157.230.19.140 - - [19/Jan/2025:06:04:24 -0300] "GET /ecp/Current/exporttool/microsoft.exchange.ediscovery.exporttool.application HTTP/1.1" 301 175 "-" "Go-http-client/1.1"
157.230.19.140 - - [19/Jan/2025:06:04:24 -0300] "GET /server-status HTTP/1.1" 301 175 "-" "Go-http-client/1.1"
157.230.19.140 - - [19/Jan/2025:06:04:24 -0300] "GET /login.action HTTP/1.1" 301 175 "-" "Go-http-client/1.1"
157.230.19.140 - - [19/Jan/2025:06:04:25 -0300] "GET /_all_dbs HTTP/1.1" 301 175 "-" "Mozilla/5.0 (l9scan/2.0.533313e2535323e2233323e2937313; +https://leakix.net)"
157.230.19.140 - - [19/Jan/2025:06:04:25 -0300] "GET /.DS_Store HTTP/1.1" 301 175 "-" "Go-http-client/1.1"
157.230.19.140 - - [19/Jan/2025:06:04:26 -0300] "GET /.env HTTP/1.1" 301 175 "-" "Go-http-client/1.1"
157.230.19.140 - - [19/Jan/2025:06:04:26 -0300] "GET /.git/config HTTP/1.1" 301 175 "-" "Go-http-client/1.1"
157.230.19.140 - - [19/Jan/2025:06:04:27 -0300] "GET /s/533313e2535323e2233323e2937313/_/;/META-INF/maven/com.atlassian.jira/jira-webapp-dist/pom.properties HTTP/1.1" 301 175 "-" "Go-http-client/1.1"
157.230.19.140 - - [19/Jan/2025:06:04:27 -0300] "GET /config.json HTTP/1.1" 301 175 "-" "Go-http-client/1.1"
157.230.19.140 - - [19/Jan/2025:06:04:28 -0300] "GET /telescope/requests HTTP/1.1" 301 175 "-" "Go-http-client/1.1"
157.230.19.140 - - [19/Jan/2025:06:04:28 -0300] "GET /info.php HTTP/1.1" 301 175 "-" "Go-http-client/1.1"
157.230.19.140 - - [19/Jan/2025:06:04:29 -0300] "GET /?rest_route=/wp/v2/users/ HTTP/1.1" 301 175 "-" "Go-http-client/1.1"
209.38.208.202 - - [19/Jan/2025:06:04:29 -0300] "GET / HTTP/1.1" 404 2186 "-" "Mozilla/5.0 (Linux; Android 6.0; HTC One M9 Build/MRA394865) AppleWebKit/537.36 (KHTML, like Gecko) Chrome/52.0.3018.98 Mobile Safari/537.3"
209.38.208.202 - - [19/Jan/2025:06:04:30 -0300] "GET /actuator/env HTTP/1.1" 404 2186 "-" "Go-http-client/1.1"
34.72.176.129 - - [19/Jan/2025:06:04:31 -0300] "GET / HTTP/1.1" 301 175 "-" "Mozilla/5.0 (X11; Linux x86_64) AppleWebKit/537.36 (KHTML, like Gecko) HeadlessChrome/125.0.6422.60 Safari/537.36"
209.38.208.202 - - [19/Jan/2025:06:04:31 -0300] "GET /server HTTP/1.1" 404 2186 "-" "Go-http-client/1.1"
209.38.208.202 - - [19/Jan/2025:06:04:32 -0300] "GET /version HTTP/1.1" 404 2186 "-" "Go-http-client/1.1"
209.38.208.202 - - [19/Jan/2025:06:04:33 -0300] "GET /.vscode/sftp.json HTTP/1.1" 404 2186 "-" "Go-http-client/1.1"
209.38.208.202 - - [19/Jan/2025:06:04:34 -0300] "GET /about HTTP/1.1" 404 2186 "-" "Go-http-client/1.1"
34.123.170.104 - - [19/Jan/2025:06:04:34 -0300] "GET / HTTP/1.1" 404 2186 "-" "Mozilla/5.0 (X11; Linux x86_64) AppleWebKit/537.36 (KHTML, like Gecko) HeadlessChrome/125.0.6422.60 Safari/537.36"
209.38.208.202 - - [19/Jan/2025:06:04:34 -0300] "GET /debug/default/view?panel=config HTTP/1.1" 404 2186 "-" "Go-http-client/1.1"
209.38.208.202 - - [19/Jan/2025:06:04:35 -0300] "GET /v2/_catalog HTTP/1.1" 404 2186 "-" "Go-http-client/1.1"
205.169.39.171 - - [19/Jan/2025:06:04:35 -0300] "GET / HTTP/1.1" 301 175 "-" "Mozilla/5.0 (Windows NT 6.1; Win64; x64) AppleWebKit/537.36 (KHTML, like Gecko) Chrome/83.0.4103.61 Safari/537.36"
209.38.208.202 - - [19/Jan/2025:06:04:36 -0300] "GET /ecp/Current/exporttool/microsoft.exchange.ediscovery.exporttool.application HTTP/1.1" 404 2186 "-" "Go-http-client/1.1"
209.38.208.202 - - [19/Jan/2025:06:04:36 -0300] "GET /server-status HTTP/1.1" 404 2186 "-" "Go-http-client/1.1"
209.38.208.202 - - [19/Jan/2025:06:04:37 -0300] "GET /login.action HTTP/1.1" 404 2186 "-" "Go-http-client/1.1"
209.38.208.202 - - [19/Jan/2025:06:04:38 -0300] "GET /_all_dbs HTTP/1.1" 404 2186 "-" "Mozilla/5.0 (l9scan/2.0.533313e2535323e2233323e2937313; +https://leakix.net)"
209.38.208.202 - - [19/Jan/2025:06:04:39 -0300] "GET /.DS_Store HTTP/1.1" 404 2186 "-" "Go-http-client/1.1"
205.169.39.171 - - [19/Jan/2025:06:04:39 -0300] "GET / HTTP/1.1" 404 2186 "-" "Mozilla/5.0 (Windows NT 6.1; Win64; x64) AppleWebKit/537.36 (KHTML, like Gecko) Chrome/83.0.4103.61 Safari/537.36"
209.38.208.202 - - [19/Jan/2025:06:04:39 -0300] "GET /.env HTTP/1.1" 404 2186 "-" "Go-http-client/1.1"
209.38.208.202 - - [19/Jan/2025:06:04:40 -0300] "GET /.git/config HTTP/1.1" 404 2186 "-" "Go-http-client/1.1"
209.38.208.202 - - [19/Jan/2025:06:04:41 -0300] "GET /s/533313e2535323e2233323e2937313/_/;/META-INF/maven/com.atlassian.jira/jira-webapp-dist/pom.properties HTTP/1.1" 404 2186 "-" "Go-http-client/1.1"
209.38.208.202 - - [19/Jan/2025:06:04:42 -0300] "GET /config.json HTTP/1.1" 404 2186 "-" "Go-http-client/1.1"
209.38.208.202 - - [19/Jan/2025:06:04:42 -0300] "GET /telescope/requests HTTP/1.1" 404 2186 "-" "Go-http-client/1.1"
209.38.208.202 - - [19/Jan/2025:06:04:43 -0300] "GET /info.php HTTP/1.1" 404 2186 "-" "Go-http-client/1.1"
209.38.208.202 - - [19/Jan/2025:06:04:44 -0300] "GET /?rest_route=/wp/v2/users/ HTTP/1.1" 404 2186 "-" "Go-http-client/1.1"
78.108.178.104 - - [19/Jan/2025:06:04:48 -0300] "GET / HTTP/1.1" 301 175 "-" "Mozilla/5.0"
52.39.47.255 - - [19/Jan/2025:06:06:40 -0300] "GET / HTTP/1.1" 404 2186 "-" "Mozilla/5.0 (Linux; Android 12; Pixel 6) AppleWebKit/537.36 (KHTML, like Gecko) Chrome/114.0.0.0 Mobile Safari/537.36"
149.50.103.48 - - [19/Jan/2025:06:06:50 -0300] "GET / HTTP/1.1" 301 175 "-" "Hello World/1.0"
205.169.39.55 - - [19/Jan/2025:06:08:48 -0300] "GET / HTTP/1.1" 301 175 "-" "Mozilla/5.0 (Windows NT 10.0; Win64; x64) AppleWebKit/537.36 (KHTML, like Gecko) Chrome/117.0.5938.132 Safari/537.36"
205.169.39.55 - - [19/Jan/2025:06:08:54 -0300] "GET / HTTP/1.1" 404 2186 "-" "Mozilla/5.0 (Windows NT 10.0; Win64; x64) AppleWebKit/537.36 (KHTML, like Gecko) Chrome/117.0.5938.132 Safari/537.36"
106.75.154.180 - - [19/Jan/2025:06:09:12 -0300] "GET / HTTP/1.1" 301 175 "https://www.theincrement.xyz" "Mozilla/5.0 (Windows NT 6.1) AppleWebKit/537.36 (KHTML, like Gecko) Chrome/49.0.2623.112 Safari/537.36"
106.75.174.197 - - [19/Jan/2025:06:09:13 -0300] "GET / HTTP/1.1" 404 2186 "https://175denotantanmen.savings.co.jp" "Mozilla/5.0 (Windows NT 6.1) AppleWebKit/537.36 (KHTML, like Gecko) Chrome/49.0.2623.112 Safari/537.36"
106.75.154.180 - - [19/Jan/2025:06:09:14 -0300] "GET / HTTP/1.1" 404 2186 "https://www.theincrement.xyz" "Mozilla/5.0 (Windows NT 6.1) AppleWebKit/537.36 (KHTML, like Gecko) Chrome/49.0.2623.112 Safari/537.36"
106.75.174.197 - - [19/Jan/2025:06:09:17 -0300] "GET /favicon.ico HTTP/1.1" 404 2186 "https://www.mlopes.xyz" "Mozilla/5.0 (Windows NT 6.1) AppleWebKit/537.36 (KHTML, like Gecko) Chrome/49.0.2623.112 Safari/537.36"
106.75.154.180 - - [19/Jan/2025:06:09:18 -0300] "GET /favicon.ico HTTP/1.1" 404 2186 "https://www.mlopes.xyz" "Mozilla/5.0 (Windows NT 6.1) AppleWebKit/537.36 (KHTML, like Gecko) Chrome/49.0.2623.112 Safari/537.36"
82.102.17.185 - - [19/Jan/2025:06:09:19 -0300] "GET / HTTP/1.1" 301 175 "-" "Mozilla/5.0 (Macintosh; Intel Mac OS X 10_15_7) AppleWebKit/605.1.15 (KHTML, like Gecko) Version/17.5 Safari/605.1.15"
216.238.119.45 - - [19/Jan/2025:06:09:19 -0300] "GET / HTTP/1.1" 301 175 "-" "Mozilla/5.0 (Linux; Android 10; K) AppleWebKit/537.36 (KHTML, like Gecko) Chrome/126.0.0.0 Mobile Safari/537.36"
82.102.17.185 - - [19/Jan/2025:06:09:33 -0300] "GET / HTTP/1.1" 301 175 "-" "Mozilla/5.0 Autopliuslt/10.7.0 EmbeddedBrowser (iPhone; CPU iPhone OS 17_5_1 like Mac OS X) AppleWebKit/605.1.15 (KHTML, like Gecko) Mobile/15E148 DeviceUID:  VendorUID:  AppPkgID: lt.plius.auto"
82.102.17.185 - - [19/Jan/2025:06:09:39 -0300] "GET /favicon.ico HTTP/1.1" 301 175 "-" "Mozilla/5.0 (Macintosh; Intel Mac OS X 10_15_7) AppleWebKit/605.1.15 (KHTML, like Gecko) Version/17.5 Safari/605.1.15"
82.102.17.185 - - [19/Jan/2025:06:09:41 -0300] "GET /favicon.ico HTTP/1.1" 404 2186 "http://www.mlopes.xyz/favicon.ico" "Mozilla/5.0 (Macintosh; Intel Mac OS X 10_15_7) AppleWebKit/605.1.15 (KHTML, like Gecko) Version/17.5 Safari/605.1.15"
35.152.145.104 - - [19/Jan/2025:06:10:17 -0300] "GET / HTTP/1.1" 404 2186 "http://www.mlopes.xyz/" "Mozilla/5.0 (Macintosh; Intel Mac OS X 10.15; rv:125.0) Gecko/20100101 Firefox/125.0"
149.78.184.101 - - [19/Jan/2025:06:10:17 -0300] "GET / HTTP/1.1" 404 2186 "http://www.mlopes.xyz/" "Mozilla/5.0 (Linux; Android 10; K) AppleWebKit/537.36 (KHTML, like Gecko) Chrome/126.0.0.0 Mobile Safari/537.36"
212.102.49.192 - - [19/Jan/2025:06:10:17 -0300] "GET / HTTP/1.1" 404 2186 "http://www.mlopes.xyz/" "Mozilla/5.0 (Macintosh; Intel Mac OS X 10_15_7) AppleWebKit/537.36 (KHTML, like Gecko) Chrome/125.0.0.0 Safari/537.36"
212.102.49.192 - - [19/Jan/2025:06:10:18 -0300] "GET /MiFUqhQuh HTTP/1.1" 404 2186 "http://www.mlopes.xyz/" "Mozilla/5.0 (Macintosh; Intel Mac OS X 10_15_7) AppleWebKit/605.1.15 (KHTML, like Gecko) Version/17.5 Safari/605.1.15"
212.102.49.192 - - [19/Jan/2025:06:10:19 -0300] "GET / HTTP/1.1" 404 2186 "http://www.mlopes.xyz/" "Mozilla/5.0 Autopliuslt/10.7.0 EmbeddedBrowser (iPhone; CPU iPhone OS 17_5_1 like Mac OS X) AppleWebKit/605.1.15 (KHTML, like Gecko) Mobile/15E148 DeviceUID:  VendorUID:  AppPkgID: lt.plius.auto"
212.102.49.192 - - [19/Jan/2025:06:10:20 -0300] "GET /favicon.ico HTTP/1.1" 404 2186 "http://www.mlopes.xyz/" "Mozilla/5.0 (Macintosh; Intel Mac OS X 10_15_7) AppleWebKit/537.36 (KHTML, like Gecko) Chrome/125.0.0.0 Safari/537.36"
46.101.214.31 - - [19/Jan/2025:06:10:40 -0300] "GET / HTTP/1.1" 301 175 "-" "Mozilla/5.0 (compatible)"
46.101.214.31 - - [19/Jan/2025:06:10:41 -0300] "GET /ads.txt HTTP/1.1" 301 175 "-" "Mozilla/5.0 (compatible)"
- - - [19/Jan/2025:06:10:51 -0300] "POST /deploy-cert HTTP/1.1" 200 5 "-" "curl/8.5.0"
54.68.164.148 - - [19/Jan/2025:06:11:21 -0300] "GET / HTTP/1.1" 404 2186 "-" "Mozilla/5.0 (Linux; Android 12; Pixel 6) AppleWebKit/537.36 (KHTML, like Gecko) Chrome/114.0.0.0 Mobile Safari/537.36"
207.154.197.113 - - [19/Jan/2025:06:12:02 -0300] "\x16\x03\x01\x01\x02\x01\x00\x00\xFE\x03\x03!`\xE7\xE0#\x8E\xDEu\xC5^<\x8F8\x11\x15\xAD\xB9\x045\x07\xD6\xFA\x1Eg\xD3\xFC}\x81\x8AP\xC8H :\x7FX{\xB9\xB2\x82!\x98\x15\xD4\x99\x87\x020I\x11\xDE\xFE\x93" 400 163 "-" "-"
164.90.208.56 - - [19/Jan/2025:06:12:03 -0300] "GET / HTTP/1.1" 404 2186 "-" "-"
207.154.197.113 - - [19/Jan/2025:06:12:03 -0300] "GET / HTTP/1.1" 301 175 "-" "-"
207.154.197.113 - - [19/Jan/2025:06:12:03 -0300] "GET / HTTP/1.1" 301 175 "-" "Mozilla/5.0 (Linux; Android 6.0; HTC One M9 Build/MRA394865) AppleWebKit/537.36 (KHTML, like Gecko) Chrome/52.0.3018.98 Mobile Safari/537.3"
207.154.197.113 - - [19/Jan/2025:06:12:04 -0300] "GET /actuator/env HTTP/1.1" 301 175 "-" "Go-http-client/1.1"
207.154.197.113 - - [19/Jan/2025:06:12:04 -0300] "GET /server HTTP/1.1" 301 175 "-" "Go-http-client/1.1"
207.154.197.113 - - [19/Jan/2025:06:12:05 -0300] "GET /.vscode/sftp.json HTTP/1.1" 301 175 "-" "Go-http-client/1.1"
207.154.197.113 - - [19/Jan/2025:06:12:05 -0300] "GET /about HTTP/1.1" 301 175 "-" "Go-http-client/1.1"
207.154.197.113 - - [19/Jan/2025:06:12:06 -0300] "GET /debug/default/view?panel=config HTTP/1.1" 301 175 "-" "Go-http-client/1.1"
207.154.197.113 - - [19/Jan/2025:06:12:06 -0300] "GET /v2/_catalog HTTP/1.1" 301 175 "-" "Go-http-client/1.1"
207.154.197.113 - - [19/Jan/2025:06:12:07 -0300] "GET /ecp/Current/exporttool/microsoft.exchange.ediscovery.exporttool.application HTTP/1.1" 301 175 "-" "Go-http-client/1.1"
207.154.197.113 - - [19/Jan/2025:06:12:07 -0300] "GET /server-status HTTP/1.1" 301 175 "-" "Go-http-client/1.1"
207.154.197.113 - - [19/Jan/2025:06:12:08 -0300] "GET /login.action HTTP/1.1" 301 175 "-" "Go-http-client/1.1"
207.154.197.113 - - [19/Jan/2025:06:12:08 -0300] "GET /_all_dbs HTTP/1.1" 301 175 "-" "Mozilla/5.0 (l9scan/2.0.533313e2535323e2233323e2937313; +https://leakix.net)"
207.154.197.113 - - [19/Jan/2025:06:12:09 -0300] "GET /.DS_Store HTTP/1.1" 301 175 "-" "Go-http-client/1.1"
207.154.197.113 - - [19/Jan/2025:06:12:09 -0300] "GET /.env HTTP/1.1" 301 175 "-" "Go-http-client/1.1"
207.154.197.113 - - [19/Jan/2025:06:12:10 -0300] "GET /.git/config HTTP/1.1" 301 175 "-" "Go-http-client/1.1"
207.154.197.113 - - [19/Jan/2025:06:12:10 -0300] "GET /s/533313e2535323e2233323e2937313/_/;/META-INF/maven/com.atlassian.jira/jira-webapp-dist/pom.properties HTTP/1.1" 301 175 "-" "Go-http-client/1.1"
207.154.197.113 - - [19/Jan/2025:06:12:11 -0300] "GET /config.json HTTP/1.1" 301 175 "-" "Go-http-client/1.1"
207.154.197.113 - - [19/Jan/2025:06:12:11 -0300] "GET /telescope/requests HTTP/1.1" 301 175 "-" "Go-http-client/1.1"
207.154.197.113 - - [19/Jan/2025:06:12:12 -0300] "GET /info.php HTTP/1.1" 301 175 "-" "Go-http-client/1.1"
207.154.197.113 - - [19/Jan/2025:06:12:12 -0300] "GET /?rest_route=/wp/v2/users/ HTTP/1.1" 301 175 "-" "Go-http-client/1.1"
164.90.208.56 - - [19/Jan/2025:06:12:13 -0300] "GET / HTTP/1.1" 404 2186 "-" "Mozilla/5.0 (Linux; Android 6.0; HTC One M9 Build/MRA394865) AppleWebKit/537.36 (KHTML, like Gecko) Chrome/52.0.3018.98 Mobile Safari/537.3"
164.90.208.56 - - [19/Jan/2025:06:12:13 -0300] "GET /actuator/env HTTP/1.1" 404 2186 "-" "Go-http-client/1.1"
164.90.208.56 - - [19/Jan/2025:06:12:14 -0300] "GET /server HTTP/1.1" 404 2186 "-" "Go-http-client/1.1"
164.90.208.56 - - [19/Jan/2025:06:12:15 -0300] "GET /version HTTP/1.1" 404 2186 "-" "Go-http-client/1.1"
164.90.208.56 - - [19/Jan/2025:06:12:16 -0300] "GET /.vscode/sftp.json HTTP/1.1" 404 2186 "-" "Go-http-client/1.1"
164.90.208.56 - - [19/Jan/2025:06:12:16 -0300] "GET /about HTTP/1.1" 404 2186 "-" "Go-http-client/1.1"
164.90.208.56 - - [19/Jan/2025:06:12:17 -0300] "GET /debug/default/view?panel=config HTTP/1.1" 404 2186 "-" "Go-http-client/1.1"
164.90.208.56 - - [19/Jan/2025:06:12:18 -0300] "GET /v2/_catalog HTTP/1.1" 404 2186 "-" "Go-http-client/1.1"
164.90.208.56 - - [19/Jan/2025:06:12:19 -0300] "GET /ecp/Current/exporttool/microsoft.exchange.ediscovery.exporttool.application HTTP/1.1" 404 2186 "-" "Go-http-client/1.1"
164.90.208.56 - - [19/Jan/2025:06:12:19 -0300] "GET /server-status HTTP/1.1" 404 2186 "-" "Go-http-client/1.1"
51.81.245.138 - - [19/Jan/2025:06:12:19 -0300] "GET / HTTP/1.1" 404 2186 "-" "Mozilla/5.0 (Windows NT 10.0; Win64; x64) AppleWebKit/537.36 (KHTML, like Gecko) Chrome/108.0.0.0 Safari/537.36"
164.90.208.56 - - [19/Jan/2025:06:12:20 -0300] "GET /login.action HTTP/1.1" 404 2186 "-" "Go-http-client/1.1"
51.81.245.138 - - [19/Jan/2025:06:12:20 -0300] "GET /favicon.ico HTTP/1.1" 404 2186 "-" "python-requests/2.25.1"
164.90.208.56 - - [19/Jan/2025:06:12:21 -0300] "GET /_all_dbs HTTP/1.1" 404 2186 "-" "Mozilla/5.0 (l9scan/2.0.533313e2535323e2233323e2937313; +https://leakix.net)"
34.123.170.104 - - [19/Jan/2025:06:12:21 -0300] "GET / HTTP/1.1" 301 175 "-" "Mozilla/5.0 (X11; Linux x86_64) AppleWebKit/537.36 (KHTML, like Gecko) HeadlessChrome/125.0.6422.60 Safari/537.36"
164.90.208.56 - - [19/Jan/2025:06:12:21 -0300] "GET /.DS_Store HTTP/1.1" 404 2186 "-" "Go-http-client/1.1"
164.90.208.56 - - [19/Jan/2025:06:12:22 -0300] "GET /.env HTTP/1.1" 404 2186 "-" "Go-http-client/1.1"
34.72.176.129 - - [19/Jan/2025:06:12:22 -0300] "GET / HTTP/1.1" 404 2186 "-" "Mozilla/5.0 (X11; Linux x86_64) AppleWebKit/537.36 (KHTML, like Gecko) HeadlessChrome/125.0.6422.60 Safari/537.36"
164.90.208.56 - - [19/Jan/2025:06:12:23 -0300] "GET /.git/config HTTP/1.1" 404 2186 "-" "Go-http-client/1.1"
164.90.208.56 - - [19/Jan/2025:06:12:24 -0300] "GET /s/533313e2535323e2233323e2937313/_/;/META-INF/maven/com.atlassian.jira/jira-webapp-dist/pom.properties HTTP/1.1" 404 2186 "-" "Go-http-client/1.1"
104.164.173.54 - - [19/Jan/2025:06:12:24 -0300] "GET / HTTP/1.1" 404 2186 "-" "Mozilla/5.0 (Windows NT 10.0; Win64; x64) AppleWebKit/537.36 (KHTML, like Gecko) Chrome/116.0.0.0 Safari/537.36"
164.90.208.56 - - [19/Jan/2025:06:12:24 -0300] "GET /config.json HTTP/1.1" 404 2186 "-" "Go-http-client/1.1"
164.90.208.56 - - [19/Jan/2025:06:12:25 -0300] "GET /telescope/requests HTTP/1.1" 404 2186 "-" "Go-http-client/1.1"
164.90.208.56 - - [19/Jan/2025:06:12:26 -0300] "GET /info.php HTTP/1.1" 404 2186 "-" "Go-http-client/1.1"
164.90.208.56 - - [19/Jan/2025:06:12:27 -0300] "GET /?rest_route=/wp/v2/users/ HTTP/1.1" 404 2186 "-" "Go-http-client/1.1"
205.169.39.93 - - [19/Jan/2025:06:12:44 -0300] "GET / HTTP/1.1" 301 175 "-" "Mozilla/5.0 (Windows NT 6.1; Win64; x64) AppleWebKit/537.36 (KHTML, like Gecko) Chrome/83.0.4103.61 Safari/537.36"
205.169.39.93 - - [19/Jan/2025:06:12:46 -0300] "GET / HTTP/1.1" 404 2186 "-" "Mozilla/5.0 (Windows NT 6.1; Win64; x64) AppleWebKit/537.36 (KHTML, like Gecko) Chrome/83.0.4103.61 Safari/537.36"
205.169.39.2 - - [19/Jan/2025:06:17:26 -0300] "GET / HTTP/1.1" 301 175 "-" "Mozilla/5.0 (Windows NT 10.0; Win64; x64) AppleWebKit/537.36 (KHTML, like Gecko) Chrome/117.0.5938.132 Safari/537.36"
205.169.39.2 - - [19/Jan/2025:06:17:30 -0300] "GET / HTTP/1.1" 404 2186 "-" "Mozilla/5.0 (Windows NT 10.0; Win64; x64) AppleWebKit/537.36 (KHTML, like Gecko) Chrome/117.0.5938.132 Safari/537.36"
149.50.103.48 - - [19/Jan/2025:06:17:53 -0300] "GET / HTTP/1.1" 301 175 "-" "Hello World/1.0"
149.88.22.69 - - [19/Jan/2025:06:18:35 -0300] "GET / HTTP/1.1" 301 175 "-" "Mozilla/5.0 (Windows NT 10.0; Win64; x64) AppleWebKit/537.36 (KHTML, like Gecko) Chrome/95.0.4638.69 Safari/537.36"
149.88.22.69 - - [19/Jan/2025:06:18:36 -0300] "" 400 0 "-" "-"
149.88.22.69 - - [19/Jan/2025:06:18:36 -0300] "GET //wp-includes/ID3/license.txt HTTP/1.1" 404 2186 "-" "Mozilla/5.0 (Windows NT 10.0; Win64; x64) AppleWebKit/537.36 (KHTML, like Gecko) Chrome/95.0.4638.69 Safari/537.36"
149.88.22.69 - - [19/Jan/2025:06:18:37 -0300] "GET //feed/ HTTP/1.1" 404 2186 "-" "Mozilla/5.0 (Windows NT 10.0; Win64; x64) AppleWebKit/537.36 (KHTML, like Gecko) Chrome/95.0.4638.69 Safari/537.36"
149.88.22.69 - - [19/Jan/2025:06:18:37 -0300] "GET //xmlrpc.php?rsd HTTP/1.1" 404 2186 "-" "Mozilla/5.0 (Windows NT 10.0; Win64; x64) AppleWebKit/537.36 (KHTML, like Gecko) Chrome/95.0.4638.69 Safari/537.36"
149.88.22.69 - - [19/Jan/2025:06:18:37 -0300] "GET //blog/wp-includes/wlwmanifest.xml HTTP/1.1" 404 2186 "-" "Mozilla/5.0 (Windows NT 10.0; Win64; x64) AppleWebKit/537.36 (KHTML, like Gecko) Chrome/95.0.4638.69 Safari/537.36"
149.88.22.69 - - [19/Jan/2025:06:18:38 -0300] "GET //web/wp-includes/wlwmanifest.xml HTTP/1.1" 404 2186 "-" "Mozilla/5.0 (Windows NT 10.0; Win64; x64) AppleWebKit/537.36 (KHTML, like Gecko) Chrome/95.0.4638.69 Safari/537.36"
149.88.22.69 - - [19/Jan/2025:06:18:38 -0300] "GET //wordpress/wp-includes/wlwmanifest.xml HTTP/1.1" 404 2186 "-" "Mozilla/5.0 (Windows NT 10.0; Win64; x64) AppleWebKit/537.36 (KHTML, like Gecko) Chrome/95.0.4638.69 Safari/537.36"
149.88.22.69 - - [19/Jan/2025:06:18:38 -0300] "GET //wp/wp-includes/wlwmanifest.xml HTTP/1.1" 404 2186 "-" "Mozilla/5.0 (Windows NT 10.0; Win64; x64) AppleWebKit/537.36 (KHTML, like Gecko) Chrome/95.0.4638.69 Safari/537.36"
149.88.22.69 - - [19/Jan/2025:06:18:38 -0300] "GET //2020/wp-includes/wlwmanifest.xml HTTP/1.1" 404 2186 "-" "Mozilla/5.0 (Windows NT 10.0; Win64; x64) AppleWebKit/537.36 (KHTML, like Gecko) Chrome/95.0.4638.69 Safari/537.36"
149.88.22.69 - - [19/Jan/2025:06:18:39 -0300] "GET //2019/wp-includes/wlwmanifest.xml HTTP/1.1" 404 2186 "-" "Mozilla/5.0 (Windows NT 10.0; Win64; x64) AppleWebKit/537.36 (KHTML, like Gecko) Chrome/95.0.4638.69 Safari/537.36"
149.88.22.69 - - [19/Jan/2025:06:18:39 -0300] "GET //2021/wp-includes/wlwmanifest.xml HTTP/1.1" 404 2186 "-" "Mozilla/5.0 (Windows NT 10.0; Win64; x64) AppleWebKit/537.36 (KHTML, like Gecko) Chrome/95.0.4638.69 Safari/537.36"
149.88.22.69 - - [19/Jan/2025:06:18:39 -0300] "GET //shop/wp-includes/wlwmanifest.xml HTTP/1.1" 404 2186 "-" "Mozilla/5.0 (Windows NT 10.0; Win64; x64) AppleWebKit/537.36 (KHTML, like Gecko) Chrome/95.0.4638.69 Safari/537.36"
149.88.22.69 - - [19/Jan/2025:06:18:39 -0300] "GET //wp1/wp-includes/wlwmanifest.xml HTTP/1.1" 404 2186 "-" "Mozilla/5.0 (Windows NT 10.0; Win64; x64) AppleWebKit/537.36 (KHTML, like Gecko) Chrome/95.0.4638.69 Safari/537.36"
149.88.22.69 - - [19/Jan/2025:06:18:40 -0300] "GET //test/wp-includes/wlwmanifest.xml HTTP/1.1" 404 2186 "-" "Mozilla/5.0 (Windows NT 10.0; Win64; x64) AppleWebKit/537.36 (KHTML, like Gecko) Chrome/95.0.4638.69 Safari/537.36"
149.88.22.69 - - [19/Jan/2025:06:18:40 -0300] "GET //site/wp-includes/wlwmanifest.xml HTTP/1.1" 404 2186 "-" "Mozilla/5.0 (Windows NT 10.0; Win64; x64) AppleWebKit/537.36 (KHTML, like Gecko) Chrome/95.0.4638.69 Safari/537.36"
149.88.22.69 - - [19/Jan/2025:06:18:40 -0300] "GET //cms/wp-includes/wlwmanifest.xml HTTP/1.1" 404 2186 "-" "Mozilla/5.0 (Windows NT 10.0; Win64; x64) AppleWebKit/537.36 (KHTML, like Gecko) Chrome/95.0.4638.69 Safari/537.36"
149.88.22.69 - - [19/Jan/2025:06:18:40 -0300] "" 400 0 "-" "-"
179.43.169.162 - - [19/Jan/2025:06:21:16 -0300] "GET / HTTP/1.1" 301 175 "-" "Hello World/1.0"
94.225.100.154 - - [19/Jan/2025:06:22:21 -0300] "GET /.env HTTP/1.1" 301 175 "-" "Mozilla/5.0 (Macintosh; Intel Mac OS X 10_10_1) AppleWebKit/537.36 (KHTML, like Gecko) Chrome/39.0.2171.95 Safari/537.36"
94.225.100.154 - - [19/Jan/2025:06:23:05 -0300] "GET /.env HTTP/1.1" 404 2186 "-" "Mozilla/5.0 (Macintosh; Intel Mac OS X 10_10_1) AppleWebKit/537.36 (KHTML, like Gecko) Chrome/39.0.2171.95 Safari/537.36"
94.225.100.154 - - [19/Jan/2025:06:23:38 -0300] "GET /.env HTTP/1.1" 301 175 "-" "Mozilla/5.0 (Macintosh; Intel Mac OS X 10_10_1) AppleWebKit/537.36 (KHTML, like Gecko) Chrome/39.0.2171.95 Safari/537.36"
94.225.100.154 - - [19/Jan/2025:06:24:28 -0300] "GET /.env HTTP/1.1" 404 2186 "-" "Mozilla/5.0 (Macintosh; Intel Mac OS X 10_10_1) AppleWebKit/537.36 (KHTML, like Gecko) Chrome/39.0.2171.95 Safari/537.36"
154.28.229.5 - - [19/Jan/2025:06:28:14 -0300] "GET / HTTP/1.1" 404 2186 "-" "Mozilla/5.0 (Windows NT 10.0; Win64; x64) AppleWebKit/537.36 (KHTML, like Gecko) Chrome/117.0.0.0 Safari/537.36"
154.28.229.5 - - [19/Jan/2025:06:28:14 -0300] "GET / HTTP/1.1" 404 2186 "-" "Mozilla/5.0 (Windows NT 10.0; Win64; x64) AppleWebKit/537.36 (KHTML, like Gecko) Chrome/117.0.0.0 Safari/537.36"
179.43.169.162 - - [19/Jan/2025:06:29:34 -0300] "POST /boaform/admin/formLogin HTTP/1.1" 301 175 "http://179.232.255.135:80/admin/login.asp" "Mozilla/5.0 (X11; Ubuntu; Linux x86_64; rv:71.0) Gecko/20100101 Firefox/71.0"
179.43.169.162 - - [19/Jan/2025:06:29:34 -0300] "" 400 0 "-" "-"
94.225.100.154 - - [19/Jan/2025:06:30:20 -0300] "GET /.env HTTP/1.1" 301 175 "-" "Mozilla/5.0 (Macintosh; Intel Mac OS X 10_10_1) AppleWebKit/537.36 (KHTML, like Gecko) Chrome/39.0.2171.95 Safari/537.36"
94.225.100.154 - - [19/Jan/2025:06:31:09 -0300] "GET /.env HTTP/1.1" 404 2186 "-" "Mozilla/5.0 (Macintosh; Intel Mac OS X 10_10_1) AppleWebKit/537.36 (KHTML, like Gecko) Chrome/39.0.2171.95 Safari/537.36"
179.43.169.162 - - [19/Jan/2025:06:32:46 -0300] "POST /boaform/admin/formLogin HTTP/1.1" 301 175 "http://179.232.255.135:80/admin/login.asp" "Mozilla/5.0 (X11; Ubuntu; Linux x86_64; rv:71.0) Gecko/20100101 Firefox/71.0"
179.43.169.162 - - [19/Jan/2025:06:32:46 -0300] "" 400 0 "-" "-"
205.210.31.20 - - [19/Jan/2025:06:32:54 -0300] "GET / HTTP/1.1" 404 2186 "-" "-"
47.242.224.70 - - [19/Jan/2025:06:33:12 -0300] "GET / HTTP/1.1" 404 2186 "-" "Mozilla/5.0 (X11; U; Linux i686; pl-PL; rv:1.9.0.6) Gecko/2009020911"
95.214.55.185 - - [19/Jan/2025:06:33:18 -0300] "GET / HTTP/1.1" 301 175 "-" "Mozilla/5.0 (Windows NT 10.0; Win64; x64) AppleWebKit/537.36 (KHTML, like Gecko) Chrome/90.0.4430.85 Safari/537.36 Edg/90.0.818.46"
43.135.182.95 - - [19/Jan/2025:06:35:31 -0300] "GET / HTTP/1.1" 301 175 "-" "Mozilla/5.0 (iPhone; CPU iPhone OS 13_2_3 like Mac OS X) AppleWebKit/605.1.15 (KHTML, like Gecko) Version/13.0.3 Mobile/15E148 Safari/604.1"
43.135.182.95 - - [19/Jan/2025:06:35:32 -0300] "GET / HTTP/1.1" 200 128646 "http://179.232.255.135" "Mozilla/5.0 (iPhone; CPU iPhone OS 13_2_3 like Mac OS X) AppleWebKit/605.1.15 (KHTML, like Gecko) Version/13.0.3 Mobile/15E148 Safari/604.1"
179.43.169.162 - - [19/Jan/2025:06:38:43 -0300] "POST /boaform/admin/formLogin HTTP/1.1" 301 175 "http://179.232.255.135:80/admin/login.asp" "Mozilla/5.0 (X11; Ubuntu; Linux x86_64; rv:71.0) Gecko/20100101 Firefox/71.0"
179.43.169.162 - - [19/Jan/2025:06:38:43 -0300] "" 400 0 "-" "-"
185.91.69.5 - - [19/Jan/2025:06:39:40 -0300] "\x16\x03\x01\x02\x00\x01\x00\x01\xFC\x03\x03\x1A\xC1I\x1A\x9A\xF4(s\x12*\xF0c\x94\x0E@P\xD3\xF5\xB6.\xDBh\xA5H'nW^kFLF \xF5Hp\xB9t7\xF1s\xB8R\xB5\x8D\xE9\xEDi\xD3D\x12\xB0Q7\x9D\xCB\xA6a\xB1%\xC5\x84\x8FCG\x00$\x13\x02\x13\x03\x13\x01\xC0,\xC00\xC0+\xC0/\xCC\xA9\xCC\xA8\xC0$\xC0(\xC0#\xC0'\x00\x9F\x00\x9E\x00k\x00g\x00\xFF\x01\x00\x01\x8F\x00\x0B\x00\x04\x03\x00\x01\x02\x00" 400 163 "-" "-"
185.91.69.5 - - [19/Jan/2025:06:39:40 -0300] "{\x22id\x22: 1, \x22method\x22: \x22mining.subscribe\x22, \x22params\x22: [\x22cpuminer/2.5.1\x22]}" 400 163 "-" "-"
185.91.69.5 - - [19/Jan/2025:06:39:41 -0300] "{\x22id\x22: 1, \x22method\x22: \x22mining.subscribe\x22, \x22params\x22: [\x22MinerName/1.0.0\x22, \x22EthereumStratum/1.0.0\x22]}" 400 163 "-" "-"
185.91.69.5 - - [19/Jan/2025:06:39:42 -0300] "{\x22id\x22:1,\x22method\x22:\x22eth_submitLogin\x22,\x22worker\x22:\x22igwrcvap\x22,\x22params\x22:[\x220xcf3478a1858b12e0ed282124026d2b3046ec57c4\x22,\x22x\x22],\x22jsonrpc\x22:\x222.0\x22}" 400 163 "-" "-"
185.91.69.5 - - [19/Jan/2025:06:39:45 -0300] "{\x22id\x22:1,\x22jsonrpc\x22:\x222.0\x22,\x22method\x22:\x22login\x22,\x22params\x22:{\x22login\x22:\x22432NhuBueAMgpWtgYZTjc2L1wE7hS1K9kBGS95bYVMzxB6KjtrP2qrFHdMdiFTSZvQKnoCm8vXAfPJWHU56RPGCYQVDxpnq\x22,\x22pass\x22:\x22x\x22,\x22agent\x22:\x22XMRig/6.15.3 (Windows NT 10.0; Win64; x64) libuv/1.42.0 msvc/2019\x22,\x22algo\x22:[\x22cn/1\x22,\x22cn/2\x22,\x22cn/r\x22,\x22cn/fast\x22,\x22cn/half\x22,\x22cn/xao\x22,\x22cn/rto\x22,\x22cn/rwz\x22,\x22cn/zls\x22,\x22cn/double\x22,\x22cn/ccx\x22,\x22cn-lite/1\x22,\x22cn-heavy/0\x22,\x22cn-heavy/tube\x22,\x22cn-heavy/xhv\x22,\x22cn-pico\x22,\x22cn-pico/tlo\x22,\x22cn/upx2\x22,\x22rx/0\x22,\x22rx/wow\x22,\x22rx/arq\x22,\x22rx/graft\x22,\x22rx/sfx\x22,\x22rx/keva\x22,\x22argon2/chukwa\x22,\x22argon2/chukwav2\x22,\x22argon2/ninja\x22,\x22astrobwt\x22]}}" 400 163 "-" "-"
185.91.69.5 - - [19/Jan/2025:06:39:45 -0300] "GET / HTTP/1.1" 301 175 "-" "Mozilla/5.0 (Windows NT 10.0; Win64; x64) AppleWebKit/537.36 (KHTML, like Gecko) Chrome/94.0.4606.61 Safari/537.36"
171.244.43.14 - - [19/Jan/2025:06:39:57 -0300] "GET /robots.txt HTTP/1.1" 404 2186 "-" "Mozilla/5.0 (Linux; Android 10; K) AppleWebKit/537.36 (KHTML, like Gecko) Chrome/131.0.0.0 Mobile Safari/537.36"
171.244.43.14 - - [19/Jan/2025:06:39:57 -0300] "GET / HTTP/1.1" 404 2186 "-" "Mozilla/5.0 (Linux; Android 10; K) AppleWebKit/537.36 (KHTML, like Gecko) Chrome/131.0.0.0 Mobile Safari/537.36"
94.225.100.154 - - [19/Jan/2025:06:40:00 -0300] "GET /.env HTTP/1.1" 301 175 "-" "Mozilla/5.0 (Macintosh; Intel Mac OS X 10_10_1) AppleWebKit/537.36 (KHTML, like Gecko) Chrome/39.0.2171.95 Safari/537.36"
185.91.69.5 - - [19/Jan/2025:06:40:21 -0300] "GET / HTTP/1.1" 301 175 "-" "Mozilla/5.0 (Windows NT 10.0; Win64; x64) AppleWebKit/537.36 (KHTML, like Gecko) Chrome/94.0.4606.61 Safari/537.36"
185.91.69.5 - - [19/Jan/2025:06:40:37 -0300] "GET / HTTP/1.1" 301 175 "-" "Mozilla/5.0 (Windows NT 10.0; Win64; x64) AppleWebKit/537.36 (KHTML, like Gecko) Chrome/94.0.4606.61 Safari/537.36"
94.225.100.154 - - [19/Jan/2025:06:40:40 -0300] "GET /.env HTTP/1.1" 404 2186 "-" "Mozilla/5.0 (Macintosh; Intel Mac OS X 10_10_1) AppleWebKit/537.36 (KHTML, like Gecko) Chrome/39.0.2171.95 Safari/537.36"
185.91.69.5 - 1GP8z4phw8zuE6n2S3s1XDdyPpjPjukRUg [19/Jan/2025:06:40:48 -0300] "POST / HTTP/1.1" 301 175 "-" "Mozilla/5.0 (Windows NT 10.0; Win64; x64) AppleWebKit/537.36 (KHTML, like Gecko) Chrome/94.0.4606.61 Safari/537.36"
185.91.69.5 - 1GP8z4phw8zuE6n2S3s1XDdyPpjPjukRUg [19/Jan/2025:06:41:02 -0300] "POST / HTTP/1.1" 301 175 "-" "Mozilla/5.0 (Windows NT 10.0; Win64; x64) AppleWebKit/537.36 (KHTML, like Gecko) Chrome/94.0.4606.61 Safari/537.36"
185.91.69.5 - 1GP8z4phw8zuE6n2S3s1XDdyPpjPjukRUg [19/Jan/2025:06:41:16 -0300] "POST / HTTP/1.1" 301 175 "-" "Mozilla/5.0 (Windows NT 10.0; Win64; x64) AppleWebKit/537.36 (KHTML, like Gecko) Chrome/94.0.4606.61 Safari/537.36"
185.91.69.5 - 1GP8z4phw8zuE6n2S3s1XDdyPpjPjukRUg [19/Jan/2025:06:41:24 -0300] "POST / HTTP/1.1" 301 175 "-" "Mozilla/5.0 (Windows NT 10.0; Win64; x64) AppleWebKit/537.36 (KHTML, like Gecko) Chrome/94.0.4606.61 Safari/537.36"
185.91.69.5 - 0x1f22b34f976239e2a18317f39ec91e967bb31dfe [19/Jan/2025:06:41:28 -0300] "POST / HTTP/1.1" 301 175 "-" "Mozilla/5.0 (Windows NT 10.0; Win64; x64) AppleWebKit/537.36 (KHTML, like Gecko) Chrome/94.0.4606.61 Safari/537.36"
185.91.69.5 - 0x1f22b34f976239e2a18317f39ec91e967bb31dfe [19/Jan/2025:06:41:38 -0300] "POST / HTTP/1.1" 301 175 "-" "Mozilla/5.0 (Windows NT 10.0; Win64; x64) AppleWebKit/537.36 (KHTML, like Gecko) Chrome/94.0.4606.61 Safari/537.36"
185.91.69.5 - 0x1f22b34f976239e2a18317f39ec91e967bb31dfe [19/Jan/2025:06:41:52 -0300] "POST / HTTP/1.1" 301 175 "-" "Mozilla/5.0 (Windows NT 10.0; Win64; x64) AppleWebKit/537.36 (KHTML, like Gecko) Chrome/94.0.4606.61 Safari/537.36"
185.91.69.5 - 0x1f22b34f976239e2a18317f39ec91e967bb31dfe [19/Jan/2025:06:42:14 -0300] "POST / HTTP/1.1" 301 175 "-" "Mozilla/5.0 (Windows NT 10.0; Win64; x64) AppleWebKit/537.36 (KHTML, like Gecko) Chrome/94.0.4606.61 Safari/537.36"
185.91.69.5 - - [19/Jan/2025:06:42:15 -0300] "GET /WuEL HTTP/1.1" 301 175 "-" "Mozilla/5.0 (compatible; MSIE 9.0; Windows NT 6.1; Trident/5.0; ; NCLIENT50_AAPCDA5841E333)"
185.91.69.5 - - [19/Jan/2025:06:42:15 -0300] "GET stager64 HTTP/1.1" 400 163 "-" "-"
185.91.69.5 - - [19/Jan/2025:06:42:18 -0300] "GET /a HTTP/1.1" 301 175 "-" "Mozilla/5.0 (Windows NT 10.0; Win64; x64) AppleWebKit/537.36 (KHTML, like Gecko) Chrome/94.0.4606.61 Safari/537.36"
185.91.69.5 - - [19/Jan/2025:06:42:37 -0300] "GET /a HTTP/1.1" 301 175 "-" "Mozilla/5.0 (Windows NT 10.0; Win64; x64) AppleWebKit/537.36 (KHTML, like Gecko) Chrome/94.0.4606.61 Safari/537.36"
205.210.31.247 - - [19/Jan/2025:06:42:45 -0300] "\x16\x03\x01\x00\xEE\x01\x00\x00\xEA\x03\x03XP\xF5vl\xE6\xF3\xB4\x92\x15t\x1F\x16\xD7!\xAB\x8C( \x84Yr\xCFtg\xD6\x03\x15\x9FW\xD2q \x93j\xEF\x96\xA9" 400 163 "-" "-"
205.210.31.247 - - [19/Jan/2025:06:42:45 -0300] "\x16\x03\x01\x00\xCA\x01\x00\x00\xC6\x03\x03F+\x9A\xB1\x97\x1C\x89\x8A\xB9\xEC\x98G\xDF/#\x08TR\xAA\xE9h%\x9B\x128\x06\xAA\x81\x8B\xB3\xDE|\x00\x00h\xCC\x14\xCC\x13\xC0/\xC0+\xC00\xC0,\xC0\x11\xC0\x07\xC0'\xC0#\xC0\x13\xC0\x09\xC0(\xC0$\xC0\x14\xC0" 400 163 "-" "-"
185.91.69.5 - - [19/Jan/2025:06:42:50 -0300] "GET /a HTTP/1.1" 301 175 "-" "Mozilla/5.0 (Windows NT 10.0; Win64; x64) AppleWebKit/537.36 (KHTML, like Gecko) Chrome/94.0.4606.61 Safari/537.36"
185.91.69.5 - - [19/Jan/2025:06:42:57 -0300] "GET /a HTTP/1.1" 301 175 "-" "Mozilla/5.0 (Windows NT 10.0; Win64; x64) AppleWebKit/537.36 (KHTML, like Gecko) Chrome/94.0.4606.61 Safari/537.36"
179.43.169.162 - - [19/Jan/2025:06:43:02 -0300] "POST /boaform/admin/formLogin HTTP/1.1" 301 175 "http://179.232.255.135:80/admin/login.asp" "Mozilla/5.0 (X11; Ubuntu; Linux x86_64; rv:71.0) Gecko/20100101 Firefox/71.0"
179.43.169.162 - - [19/Jan/2025:06:43:02 -0300] "" 400 0 "-" "-"
