149.88.22.69 - - [19/Jan/2025:02:34:42 -0300] "GET //test/wp-includes/wlwmanifest.xml HTTP/1.1" 404 2186 "-" "Mozilla/5.0 (Windows NT 10.0; Win64; x64) AppleWebKit/537.36 (KHTML, like Gecko) Chrome/95.0.4638.69 Safari/537.36"
149.88.22.69 - - [19/Jan/2025:02:34:42 -0300] "GET //site/wp-includes/wlwmanifest.xml HTTP/1.1" 404 2186 "-" "Mozilla/5.0 (Windows NT 10.0; Win64; x64) AppleWebKit/537.36 (KHTML, like Gecko) Chrome/95.0.4638.69 Safari/537.36"
149.88.22.69 - - [19/Jan/2025:02:34:42 -0300] "GET //cms/wp-includes/wlwmanifest.xml HTTP/1.1" 404 2186 "-" "Mozilla/5.0 (Windows NT 10.0; Win64; x64) AppleWebKit/537.36 (KHTML, like Gecko) Chrome/95.0.4638.69 Safari/537.36"
149.88.22.69 - - [19/Jan/2025:02:34:43 -0300] "" 400 0 "-" "-"
179.43.169.162 - - [19/Jan/2025:02:36:09 -0300] "POST /boaform/admin/formLogin HTTP/1.1" 301 175 "http://179.232.255.135:80/admin/login.asp" "Mozilla/5.0 (X11; Ubuntu; Linux x86_64; rv:71.0) Gecko/20100101 Firefox/71.0"
179.43.169.162 - - [19/Jan/2025:02:36:09 -0300] "" 400 0 "-" "-"
179.43.169.162 - - [19/Jan/2025:02:42:29 -0300] "POST /boaform/admin/formLogin HTTP/1.1" 301 175 "http://179.232.255.135:80/admin/login.asp" "Mozilla/5.0 (X11; Ubuntu; Linux x86_64; rv:71.0) Gecko/20100101 Firefox/71.0"
179.43.169.162 - - [19/Jan/2025:02:42:29 -0300] "" 400 0 "-" "-"
149.50.103.48 - - [19/Jan/2025:02:44:08 -0300] "GET / HTTP/1.1" 301 175 "-" "Hello World/1.0"
161.97.140.229 - - [19/Jan/2025:02:58:03 -0300] "GET /socket.io HTTP/1.1" 301 175 "-" "Mozilla/5.0 (Linux; Android 13; SM-G981B) AppleWebKit/537.36 (KHTML, like Gecko) Chrome/116.0.0.0 Mobile Safari/537.36"
161.97.140.229 - - [19/Jan/2025:02:58:04 -0300] "GET /socket.io HTTP/1.1" 404 2186 "-" "Mozilla/5.0 (Linux; Android 13; SM-G981B) AppleWebKit/537.36 (KHTML, like Gecko) Chrome/116.0.0.0 Mobile Safari/537.36"
5.181.190.248 - - [19/Jan/2025:02:59:45 -0300] "GET / HTTP/1.1" 301 175 "-" "-"
5.181.190.248 - - [19/Jan/2025:02:59:47 -0300] "GET / HTTP/1.1" 200 128646 "http://179.232.255.135:80/" "-"
149.50.103.48 - - [19/Jan/2025:03:06:48 -0300] "GET / HTTP/1.1" 301 175 "-" "Hello World/1.0"
146.19.24.168 - - [19/Jan/2025:03:11:22 -0300] "GET / HTTP/1.1" 301 175 "-" "-"
193.34.212.75 - - [19/Jan/2025:03:15:20 -0300] "GET / HTTP/1.1" 301 175 "-" "Mozilla/5.0 (Windows NT 10.0; Win64; x64) AppleWebKit/537.36 (KHTML, like Gecko) Chrome/90.0.4430.85 Safari/537.36 Edg/90.0.818.46"
52.167.144.191 - - [19/Jan/2025:03:15:36 -0300] "GET /sitemap.xml HTTP/1.1" 301 175 "-" "Mozilla/5.0 AppleWebKit/537.36 (KHTML, like Gecko; compatible; bingbot/2.0; +http://www.bing.com/bingbot.htm) Chrome/116.0.1938.76 Safari/537.36"
40.77.167.108 - - [19/Jan/2025:03:15:40 -0300] "GET /robots.txt HTTP/1.1" 404 2186 "-" "Mozilla/5.0 AppleWebKit/537.36 (KHTML, like Gecko; compatible; bingbot/2.0; +http://www.bing.com/bingbot.htm) Chrome/116.0.1938.76 Safari/537.36"
182.42.105.85 - - [19/Jan/2025:03:15:58 -0300] "GET / HTTP/1.1" 301 175 "-" "Mozilla/5.0 (iPhone; CPU iPhone OS 13_2_3 like Mac OS X) AppleWebKit/605.1.15 (KHTML, like Gecko) Version/13.0.3 Mobile/15E148 Safari/604.1"
182.42.105.85 - - [19/Jan/2025:03:16:03 -0300] "GET / HTTP/1.1" 200 128646 "http://mlopes.xyz" "Mozilla/5.0 (iPhone; CPU iPhone OS 13_2_3 like Mac OS X) AppleWebKit/605.1.15 (KHTML, like Gecko) Version/13.0.3 Mobile/15E148 Safari/604.1"
179.43.169.162 - - [19/Jan/2025:03:18:02 -0300] "GET / HTTP/1.1" 301 175 "-" "Hello World/1.0"
193.142.146.175 - - [19/Jan/2025:03:23:19 -0300] "GET / HTTP/1.1" 301 175 "-" "-"
193.142.146.175 - - [19/Jan/2025:03:23:20 -0300] "GET /logon.htm HTTP/1.1" 301 175 "-" "Hello World"
219.148.163.2 - - [19/Jan/2025:03:23:43 -0300] "GET / HTTP/1.0" 301 175 "-" "-"
219.148.163.2 - - [19/Jan/2025:03:23:52 -0300] "GET / HTTP/1.0" 404 2174 "-" "-"
219.148.163.2 - - [19/Jan/2025:03:23:56 -0300] "HEAD / HTTP/1.1" 301 0 "-" "Mozilla/5.0(WindowsNT10.0;Win64;x64)AppleWebKit/537.36(KHTML,likeGecko)Chrome/86.0.4240.111Safari/537.36"
219.148.163.2 - - [19/Jan/2025:03:23:57 -0300] "HEAD / HTTP/1.1" 400 0 "-" "Mozilla/5.0(WindowsNT10.0;Win64;x64)AppleWebKit/537.36(KHTML,likeGecko)Chrome/86.0.4240.111Safari/537.36"
219.148.163.2 - - [19/Jan/2025:03:23:58 -0300] "GET / HTTP/1.1" 301 175 "-" "Mozilla/5.0(WindowsNT10.0;Win64;x64)AppleWebKit/537.36(KHTML,likeGecko)Chrome/86.0.4240.111Safari/537.36"
219.148.163.2 - - [19/Jan/2025:03:23:59 -0300] "GET / HTTP/1.1" 400 663 "-" "Mozilla/5.0(WindowsNT10.0;Win64;x64)AppleWebKit/537.36(KHTML,likeGecko)Chrome/86.0.4240.111Safari/537.36"
219.148.163.2 - - [19/Jan/2025:03:24:06 -0300] "\x16\x03\x01\x02\x00\x01\x00\x01\xFC\x03\x03@0\xC8\x05:\xC3\x8A \x1C\x9Af0\xDB\xCB\xED\x97?U\x09\xEC\xEF\xDD[F\xE3\xCAm\x9C\xF2\x8C\xA0F\x00\x00\xDA\x00\x05\x00\x04\x00\x02\x00\x01\x00\x16\x003\x009\x00:\x00\x18\x005\x00" 400 163 "-" "-"
219.148.163.2 - - [19/Jan/2025:03:24:07 -0300] "\x16\x03\x01\x02\x00\x01\x00\x01\xFC\x03\x032o\xD2\x1A\xA5G\xA2\xF9\xD1g\x01\x9Cs\x1B\xAA\x1F\xE9\xA0\x8A\xE4\xE3\xCB\xCA#\xBBJh\x1F]qM\xD5\x00\x00\xDA\x00\x05\x00\x04\x00\x02\x00\x01\x00\x16\x003\x009\x00:\x00\x18\x005\x00" 400 163 "-" "-"
71.6.134.234 - - [19/Jan/2025:03:24:24 -0300] "\x16\x03\x01\x00\xEE\x01\x00\x00\xEA\x03\x03\xF8:\x11\x1F\xDF\x12\x0F\x8F\xC8e\xCC#+\x17\x86\x09aB\xA3@\x8A</(F&JLO\xCAE\xCF (\x16{i8\xEF\xF4\xF0\x0F\xCB\x118\xF9.}\x86\x05I\x09" 400 163 "-" "-"
146.19.24.18 - - [19/Jan/2025:03:28:59 -0300] "GET / HTTP/1.1" 301 175 "-" "-"
146.19.24.18 - - [19/Jan/2025:03:29:07 -0300] "GET / HTTP/1.1" 200 128646 "https://179.232.255.135:443/" "-"
149.50.103.48 - - [19/Jan/2025:03:29:28 -0300] "GET / HTTP/1.1" 301 175 "-" "Hello World/1.0"
179.43.169.162 - - [19/Jan/2025:03:29:46 -0300] "POST /boaform/admin/formLogin HTTP/1.1" 301 175 "http://179.232.255.135:80/admin/login.asp" "Mozilla/5.0 (X11; Ubuntu; Linux x86_64; rv:71.0) Gecko/20100101 Firefox/71.0"
179.43.169.162 - - [19/Jan/2025:03:29:46 -0300] "" 400 0 "-" "-"
179.43.169.162 - - [19/Jan/2025:03:32:48 -0300] "POST /boaform/admin/formLogin HTTP/1.1" 301 175 "http://179.232.255.135:80/admin/login.asp" "Mozilla/5.0 (X11; Ubuntu; Linux x86_64; rv:71.0) Gecko/20100101 Firefox/71.0"
179.43.169.162 - - [19/Jan/2025:03:32:48 -0300] "" 400 0 "-" "-"
179.43.169.162 - - [19/Jan/2025:03:37:17 -0300] "POST /boaform/admin/formLogin HTTP/1.1" 301 175 "http://179.232.255.135:80/admin/login.asp" "Mozilla/5.0 (X11; Ubuntu; Linux x86_64; rv:71.0) Gecko/20100101 Firefox/71.0"
179.43.169.162 - - [19/Jan/2025:03:37:17 -0300] "" 400 0 "-" "-"
71.6.134.234 - - [19/Jan/2025:03:40:41 -0300] "GET / HTTP/1.1" 301 175 "-" "Mozilla/5.0 (Windows NT 10.0; Win64; x64) AppleWebKit/537.36 (KHTML, like Gecko) Chrome/102.0.0.0 Safari/537.36"
31.220.1.144 - - [19/Jan/2025:03:41:05 -0300] "HEAD / HTTP/1.0" 301 0 "-" "-"
179.43.169.162 - - [19/Jan/2025:03:41:50 -0300] "POST /boaform/admin/formLogin HTTP/1.1" 301 175 "http://179.232.255.135:80/admin/login.asp" "Mozilla/5.0 (X11; Ubuntu; Linux x86_64; rv:71.0) Gecko/20100101 Firefox/71.0"
179.43.169.162 - - [19/Jan/2025:03:41:50 -0300] "" 400 0 "-" "-"
71.6.134.234 - - [19/Jan/2025:03:42:47 -0300] "GET /favicon.ico HTTP/1.1" 301 175 "-" "Mozilla/5.0 (Windows NT 10.0; Win64; x64) AppleWebKit/537.36 (KHTML, like Gecko) Chrome/102.0.0.0 Safari/537.36"
149.50.103.48 - - [19/Jan/2025:03:46:26 -0300] "GET / HTTP/1.1" 301 175 "-" "Hello World/1.0"
35.91.170.143 - - [19/Jan/2025:03:51:41 -0300] "GET / HTTP/1.1" 404 2186 "-" "Mozilla/5.0 (Linux; Android 12; Pixel 6) AppleWebKit/537.36 (KHTML, like Gecko) Chrome/114.0.0.0 Mobile Safari/537.36"
185.242.226.163 - - [19/Jan/2025:03:54:03 -0300] "GET / HTTP/1.1" 301 175 "-" "Mozilla/5.0 (Windows NT 10.0; Win64; x64) AppleWebKit/537.36 (KHTML, like Gecko) Chrome/88.0.4324.190 Safari/537.36"
185.242.226.163 - - [19/Jan/2025:03:54:04 -0300] "GET / HTTP/1.1" 200 128646 "https://179.232.255.135:443/" "Mozilla/5.0 (Windows NT 10.0; Win64; x64) AppleWebKit/537.36 (KHTML, like Gecko) Chrome/88.0.4324.190 Safari/537.36"
167.172.51.4 - - [19/Jan/2025:03:58:06 -0300] "GET / HTTP/1.1" 301 175 "-" "Mozilla/5.0 (compatible)"
167.172.51.4 - - [19/Jan/2025:03:58:07 -0300] "GET / HTTP/1.1" 404 2186 "-" "Mozilla/5.0 (compatible)"
167.172.51.4 - - [19/Jan/2025:03:58:14 -0300] "GET /favicon.ico HTTP/1.1" 404 2186 "https://teste.mlopes.xyz/" "Mozilla/5.0 (compatible)"
185.196.220.253 - - [19/Jan/2025:03:59:33 -0300] "GET / HTTP/1.1" 301 175 "-" "Hello World"
35.171.144.152 - - [19/Jan/2025:04:09:13 -0300] "GET / HTTP/1.1" 404 2186 "-" "Mozilla/5.0 (Windows NT 10.0; Win64; x64) AppleWebKit/537.36 (KHTML, like Gecko) Chrome/100.0.4896.75 Safari/537.36"
- - - [19/Jan/2025:04:09:19 -0300] "POST /deploy-challenge HTTP/1.1" 200 5 "-" "curl/8.5.0"
149.50.103.48 - - [19/Jan/2025:04:09:25 -0300] "GET / HTTP/1.1" 301 175 "-" "Hello World/1.0"
35.171.144.152 - - [19/Jan/2025:04:09:29 -0300] "GET / HTTP/1.1" 301 175 "-" "Mozilla/5.0 (Windows NT 10.0; Win64; x64) AppleWebKit/537.36 (KHTML, like Gecko) Chrome/100.0.4896.75 Safari/537.36"
35.171.144.152 - - [19/Jan/2025:04:09:29 -0300] "GET / HTTP/1.1" 404 2186 "-" "Mozilla/5.0 (Windows NT 10.0; Win64; x64) AppleWebKit/537.36 (KHTML, like Gecko) Chrome/100.0.4896.75 Safari/537.36"
35.171.144.152 - - [19/Jan/2025:04:09:29 -0300] "GET / HTTP/1.1" 301 175 "-" "Mozilla/5.0 (Windows NT 10.0; Win64; x64) AppleWebKit/537.36 (KHTML, like Gecko) Chrome/100.0.4896.75 Safari/537.36"
23.178.112.100 - - [19/Jan/2025:04:09:31 -0300] "GET /.well-known/acme-challenge/W9GopgSYaS0dzNtcpHRwPQXKOt2U_TtrCfyopX3C4TY HTTP/1.1" 200 99 "-" "Mozilla/5.0 (compatible; Let's Encrypt validation server; +https://www.letsencrypt.org)"
3.22.225.136 - - [19/Jan/2025:04:09:42 -0300] "GET /.well-known/acme-challenge/W9GopgSYaS0dzNtcpHRwPQXKOt2U_TtrCfyopX3C4TY HTTP/1.1" 200 99 "-" "Mozilla/5.0 (compatible; Let's Encrypt validation server; +https://www.letsencrypt.org)"
35.90.18.44 - - [19/Jan/2025:04:09:42 -0300] "GET /.well-known/acme-challenge/W9GopgSYaS0dzNtcpHRwPQXKOt2U_TtrCfyopX3C4TY HTTP/1.1" 200 99 "-" "Mozilla/5.0 (compatible; Let's Encrypt validation server; +https://www.letsencrypt.org)"
13.48.10.230 - - [19/Jan/2025:04:09:42 -0300] "GET /.well-known/acme-challenge/W9GopgSYaS0dzNtcpHRwPQXKOt2U_TtrCfyopX3C4TY HTTP/1.1" 200 99 "-" "Mozilla/5.0 (compatible; Let's Encrypt validation server; +https://www.letsencrypt.org)"
18.138.240.167 - - [19/Jan/2025:04:09:42 -0300] "GET /.well-known/acme-challenge/W9GopgSYaS0dzNtcpHRwPQXKOt2U_TtrCfyopX3C4TY HTTP/1.1" 200 99 "-" "Mozilla/5.0 (compatible; Let's Encrypt validation server; +https://www.letsencrypt.org)"
- - - [19/Jan/2025:04:09:43 -0300] "POST /clean-challenge HTTP/1.1" 200 5 "-" "curl/8.5.0"
- - - [19/Jan/2025:04:09:45 -0300] "POST /deploy-cert HTTP/1.1" 200 5 "-" "curl/8.5.0"
180.214.237.230 - - [19/Jan/2025:04:09:56 -0300] "GET /.env HTTP/1.1" 301 175 "-" "Mozilla/5.0 (Macintosh; Intel Mac OS X 10.15; rv:77.0) Gecko/20100101 Firefox/77.0"
180.214.237.230 - - [19/Jan/2025:04:09:57 -0300] "GET /.env HTTP/1.1" 404 2186 "-" "Mozilla/5.0 (Macintosh; Intel Mac OS X 10.15; rv:77.0) Gecko/20100101 Firefox/77.0"
141.148.153.213 - - [19/Jan/2025:04:10:45 -0300] "GET / HTTP/1.1" 404 2186 "-" "Mozilla/5.0 (iPhone; CPU iPhone OS 17_0 like Mac OS X) AppleWebKit/605.1.15 (KHTML, like Gecko) Version/17.0 Mobile/15E148 Safari/604.1"
141.148.153.213 - - [19/Jan/2025:04:10:48 -0300] "GET / HTTP/1.1" 404 2186 "-" "Mozilla/5.0 (iPhone; CPU iPhone OS 16_0 like Mac OS X) AppleWebKit/605.1.15 (KHTML, like Gecko) Version/18.2 Mobile/15E148 Safari/604.1"
141.148.153.213 - - [19/Jan/2025:04:10:50 -0300] "GET /favicon.ico HTTP/1.1" 404 2186 "-" "Mozilla/5.0 (iPhone; CPU iPhone OS 16_0 like Mac OS X) AppleWebKit/605.1.15 (KHTML, like Gecko) Version/18.2 Mobile/15E148 Safari/604.1"
141.148.153.213 - - [19/Jan/2025:04:10:50 -0300] "GET /favicon.ico HTTP/1.1" 404 2186 "-" "Mozilla/5.0 (iPhone; CPU iPhone OS 17_0 like Mac OS X) AppleWebKit/605.1.15 (KHTML, like Gecko) Version/17.0 Mobile/15E148 Safari/604.1"
138.68.86.32 - - [19/Jan/2025:04:10:55 -0300] "\x16\x03\x01\x01\x15\x01\x00\x01\x11\x03\x03\x06\xAB\x8E\x9A\x03{[\x96;\x88\xAE \x9B\xCB\x82\x9E\x9D\x15b\x1EyQ.\x9C\xBD" 400 163 "-" "-"
138.68.86.32 - - [19/Jan/2025:04:10:55 -0300] "GET / HTTP/1.1" 404 2186 "-" "-"
138.68.86.32 - - [19/Jan/2025:04:10:55 -0300] "GET / HTTP/1.1" 301 175 "-" "-"
138.68.86.32 - - [19/Jan/2025:04:10:56 -0300] "GET / HTTP/1.1" 301 175 "-" "Mozilla/5.0 (Linux; Android 6.0; HTC One M9 Build/MRA394865) AppleWebKit/537.36 (KHTML, like Gecko) Chrome/52.0.3018.98 Mobile Safari/537.3"
138.68.86.32 - - [19/Jan/2025:04:10:56 -0300] "GET /actuator/env HTTP/1.1" 301 175 "-" "Go-http-client/1.1"
138.68.86.32 - - [19/Jan/2025:04:10:57 -0300] "GET /server HTTP/1.1" 301 175 "-" "Go-http-client/1.1"
138.68.86.32 - - [19/Jan/2025:04:10:57 -0300] "GET /.vscode/sftp.json HTTP/1.1" 301 175 "-" "Go-http-client/1.1"
138.68.86.32 - - [19/Jan/2025:04:10:58 -0300] "GET /about HTTP/1.1" 301 175 "-" "Go-http-client/1.1"
138.68.86.32 - - [19/Jan/2025:04:10:58 -0300] "GET /debug/default/view?panel=config HTTP/1.1" 301 175 "-" "Go-http-client/1.1"
138.68.86.32 - - [19/Jan/2025:04:10:59 -0300] "GET /v2/_catalog HTTP/1.1" 301 175 "-" "Go-http-client/1.1"
138.68.86.32 - - [19/Jan/2025:04:10:59 -0300] "GET /ecp/Current/exporttool/microsoft.exchange.ediscovery.exporttool.application HTTP/1.1" 301 175 "-" "Go-http-client/1.1"
138.68.86.32 - - [19/Jan/2025:04:11:00 -0300] "GET /server-status HTTP/1.1" 301 175 "-" "Go-http-client/1.1"
138.68.86.32 - - [19/Jan/2025:04:11:00 -0300] "GET /login.action HTTP/1.1" 301 175 "-" "Go-http-client/1.1"
138.68.86.32 - - [19/Jan/2025:04:11:00 -0300] "GET /_all_dbs HTTP/1.1" 301 175 "-" "Mozilla/5.0 (l9scan/2.0.533313e2535323e2233323e2937313; +https://leakix.net)"
138.68.86.32 - - [19/Jan/2025:04:11:01 -0300] "GET /.DS_Store HTTP/1.1" 301 175 "-" "Go-http-client/1.1"
138.68.86.32 - - [19/Jan/2025:04:11:01 -0300] "GET /.env HTTP/1.1" 301 175 "-" "Go-http-client/1.1"
138.68.86.32 - - [19/Jan/2025:04:11:02 -0300] "GET /.git/config HTTP/1.1" 301 175 "-" "Go-http-client/1.1"
138.68.86.32 - - [19/Jan/2025:04:11:02 -0300] "GET /s/533313e2535323e2233323e2937313/_/;/META-INF/maven/com.atlassian.jira/jira-webapp-dist/pom.properties HTTP/1.1" 301 175 "-" "Go-http-client/1.1"
138.68.86.32 - - [19/Jan/2025:04:11:03 -0300] "GET /config.json HTTP/1.1" 301 175 "-" "Go-http-client/1.1"
138.68.86.32 - - [19/Jan/2025:04:11:03 -0300] "GET /telescope/requests HTTP/1.1" 301 175 "-" "Go-http-client/1.1"
138.68.86.32 - - [19/Jan/2025:04:11:04 -0300] "GET /info.php HTTP/1.1" 301 175 "-" "Go-http-client/1.1"
138.68.86.32 - - [19/Jan/2025:04:11:04 -0300] "GET /?rest_route=/wp/v2/users/ HTTP/1.1" 301 175 "-" "Go-http-client/1.1"
138.68.86.32 - - [19/Jan/2025:04:11:05 -0300] "GET / HTTP/1.1" 404 2186 "-" "Mozilla/5.0 (Linux; Android 6.0; HTC One M9 Build/MRA394865) AppleWebKit/537.36 (KHTML, like Gecko) Chrome/52.0.3018.98 Mobile Safari/537.3"
138.68.86.32 - - [19/Jan/2025:04:11:06 -0300] "GET /actuator/env HTTP/1.1" 404 2186 "-" "Go-http-client/1.1"
138.68.86.32 - - [19/Jan/2025:04:11:07 -0300] "GET /server HTTP/1.1" 404 2186 "-" "Go-http-client/1.1"
138.68.86.32 - - [19/Jan/2025:04:11:07 -0300] "GET /version HTTP/1.1" 404 2186 "-" "Go-http-client/1.1"
138.68.86.32 - - [19/Jan/2025:04:11:08 -0300] "GET /.vscode/sftp.json HTTP/1.1" 404 2186 "-" "Go-http-client/1.1"
138.68.86.32 - - [19/Jan/2025:04:11:09 -0300] "GET /about HTTP/1.1" 404 2186 "-" "Go-http-client/1.1"
138.68.86.32 - - [19/Jan/2025:04:11:10 -0300] "GET /debug/default/view?panel=config HTTP/1.1" 404 2186 "-" "Go-http-client/1.1"
138.68.86.32 - - [19/Jan/2025:04:11:10 -0300] "GET /v2/_catalog HTTP/1.1" 404 2186 "-" "Go-http-client/1.1"
138.68.86.32 - - [19/Jan/2025:04:11:11 -0300] "GET /ecp/Current/exporttool/microsoft.exchange.ediscovery.exporttool.application HTTP/1.1" 404 2186 "-" "Go-http-client/1.1"
138.68.86.32 - - [19/Jan/2025:04:11:12 -0300] "GET /server-status HTTP/1.1" 404 2186 "-" "Go-http-client/1.1"
141.148.153.213 - - [19/Jan/2025:04:11:12 -0300] "GET / HTTP/1.1" 404 2186 "-" "Mozilla/5.0 (iPhone; CPU iPhone OS 17_0 like Mac OS X) AppleWebKit/605.1.15 (KHTML, like Gecko) Version/17.0 Mobile/15E148 Safari/604.1"
138.68.86.32 - - [19/Jan/2025:04:11:13 -0300] "GET /login.action HTTP/1.1" 404 2186 "-" "Go-http-client/1.1"
138.68.86.32 - - [19/Jan/2025:04:11:13 -0300] "GET /_all_dbs HTTP/1.1" 404 2186 "-" "Mozilla/5.0 (l9scan/2.0.533313e2535323e2233323e2937313; +https://leakix.net)"
138.68.86.32 - - [19/Jan/2025:04:11:14 -0300] "GET /.DS_Store HTTP/1.1" 404 2186 "-" "Go-http-client/1.1"
141.148.153.213 - - [19/Jan/2025:04:11:15 -0300] "GET / HTTP/1.1" 404 2186 "-" "Mozilla/5.0 (iPhone; CPU iPhone OS 16_0 like Mac OS X) AppleWebKit/605.1.15 (KHTML, like Gecko) Version/18.2 Mobile/15E148 Safari/604.1"
138.68.86.32 - - [19/Jan/2025:04:11:15 -0300] "GET /.env HTTP/1.1" 404 2186 "-" "Go-http-client/1.1"
138.68.86.32 - - [19/Jan/2025:04:11:15 -0300] "GET /.git/config HTTP/1.1" 404 2186 "-" "Go-http-client/1.1"
138.68.86.32 - - [19/Jan/2025:04:11:16 -0300] "GET /s/533313e2535323e2233323e2937313/_/;/META-INF/maven/com.atlassian.jira/jira-webapp-dist/pom.properties HTTP/1.1" 404 2186 "-" "Go-http-client/1.1"
141.148.153.213 - - [19/Jan/2025:04:11:16 -0300] "GET /favicon.ico HTTP/1.1" 404 2186 "-" "Mozilla/5.0 (iPhone; CPU iPhone OS 16_0 like Mac OS X) AppleWebKit/605.1.15 (KHTML, like Gecko) Version/18.2 Mobile/15E148 Safari/604.1"
141.148.153.213 - - [19/Jan/2025:04:11:16 -0300] "GET /favicon.ico HTTP/1.1" 404 2186 "-" "Mozilla/5.0 (iPhone; CPU iPhone OS 17_0 like Mac OS X) AppleWebKit/605.1.15 (KHTML, like Gecko) Version/17.0 Mobile/15E148 Safari/604.1"
138.68.86.32 - - [19/Jan/2025:04:11:17 -0300] "GET /config.json HTTP/1.1" 404 2186 "-" "Go-http-client/1.1"
138.68.86.32 - - [19/Jan/2025:04:11:18 -0300] "GET /telescope/requests HTTP/1.1" 404 2186 "-" "Go-http-client/1.1"
138.68.86.32 - - [19/Jan/2025:04:11:18 -0300] "GET /info.php HTTP/1.1" 404 2186 "-" "Go-http-client/1.1"
138.68.86.32 - - [19/Jan/2025:04:11:19 -0300] "GET /?rest_route=/wp/v2/users/ HTTP/1.1" 404 2186 "-" "Go-http-client/1.1"
35.202.119.214 - - [19/Jan/2025:04:11:24 -0300] "GET / HTTP/1.1" 301 175 "-" "Mozilla/5.0 (Windows NT 6.1) AppleWebKit/537.36 (KHTML, like Gecko) Chrome/41.0.2228.0 Safari/537.36"
35.202.119.214 - - [19/Jan/2025:04:11:25 -0300] "GET / HTTP/1.1" 404 2186 "-" "Mozilla/5.0 (Windows NT 6.1) AppleWebKit/537.36 (KHTML, like Gecko) Chrome/41.0.2228.0 Safari/537.36"
88.99.26.177 - - [19/Jan/2025:04:11:29 -0300] "GET / HTTP/1.1" 301 175 "-" "Mozilla/5.0 (Linux; Android 14) AppleWebKit/537.36 (KHTML, like Gecko) Chrome/118.0.5993.80 Mobile Safari/537.36"
88.99.26.177 - - [19/Jan/2025:04:11:35 -0300] "GET / HTTP/1.1" 404 2186 "-" "Mozilla/5.0 (Linux; Android 14) AppleWebKit/537.36 (KHTML, like Gecko) Chrome/118.0.5993.80 Mobile Safari/537.36"
94.154.35.225 - - [19/Jan/2025:04:14:19 -0300] "GET /.env HTTP/1.1" 301 175 "-" "Mozilla/5.0 (Macintosh; Intel Mac OS X 10.15; rv:77.0) Gecko/20100101 Firefox/77.0"
94.154.35.225 - - [19/Jan/2025:04:15:20 -0300] "GET /wp-content/ HTTP/1.1" 301 175 "-" "Mozilla/5.0 (Macintosh; Intel Mac OS X 10.15; rv:77.0) Gecko/20100101 Firefox/77.0"
94.154.35.225 - - [19/Jan/2025:04:16:11 -0300] "GET /wp-content/ HTTP/1.1" 404 2186 "-" "Mozilla/5.0 (Macintosh; Intel Mac OS X 10.15; rv:77.0) Gecko/20100101 Firefox/77.0"
94.154.35.225 - - [19/Jan/2025:04:16:12 -0300] "GET /.git/config HTTP/1.1" 301 175 "-" "Mozilla/5.0 (Macintosh; Intel Mac OS X 10.15; rv:77.0) Gecko/20100101 Firefox/77.0"
94.154.35.225 - - [19/Jan/2025:04:16:16 -0300] "GET /.git/config HTTP/1.1" 404 2186 "-" "Mozilla/5.0 (Macintosh; Intel Mac OS X 10.15; rv:77.0) Gecko/20100101 Firefox/77.0"
161.97.140.229 - - [19/Jan/2025:04:17:41 -0300] "GET /socket.io HTTP/1.1" 301 175 "-" "Mozilla/5.0 (Linux; Android 13; SM-G981B) AppleWebKit/537.36 (KHTML, like Gecko) Chrome/116.0.0.0 Mobile Safari/537.36"
161.97.140.229 - - [19/Jan/2025:04:17:41 -0300] "GET /socket.io HTTP/1.1" 404 2186 "-" "Mozilla/5.0 (Linux; Android 13; SM-G981B) AppleWebKit/537.36 (KHTML, like Gecko) Chrome/116.0.0.0 Mobile Safari/537.36"
179.43.169.162 - - [19/Jan/2025:04:19:41 -0300] "GET / HTTP/1.1" 301 175 "-" "Hello World/1.0"
212.102.49.8 - - [19/Jan/2025:04:21:35 -0300] "GET / HTTP/1.1" 301 175 "-" "Mozilla/5.0 (Macintosh; Intel Mac OS X 10_15_7) AppleWebKit/537.36 (KHTML, like Gecko) Chrome/126.0.0.0 Safari/537.36"
15.161.147.106 - - [19/Jan/2025:04:21:35 -0300] "GET / HTTP/1.1" 301 175 "-" "Mozilla/5.0 (Macintosh; Intel Mac OS X 10.15; rv:125.0) Gecko/20100101 Firefox/125.0"
147.45.116.145 - - [19/Jan/2025:04:21:41 -0300] "GET / HTTP/1.1" 301 175 "-" "Mozilla/5.0 (Linux; Android 10; K) AppleWebKit/537.36 (KHTML, like Gecko) Chrome/123.0.0.0 Mobile Safari/537.36"
212.102.49.8 - - [19/Jan/2025:04:22:03 -0300] "GET / HTTP/1.1" 301 175 "-" "Mozilla/5.0 Autopliuslt/10.7.0 EmbeddedBrowser (iPhone; CPU iPhone OS 17_5_1 like Mac OS X) AppleWebKit/605.1.15 (KHTML, like Gecko) Mobile/15E148 DeviceUID:  VendorUID:  AppPkgID: lt.plius.auto"
212.102.49.8 - - [19/Jan/2025:04:22:07 -0300] "GET /favicon.ico HTTP/1.1" 301 175 "-" "Mozilla/5.0 (Macintosh; Intel Mac OS X 10_15_7) AppleWebKit/537.36 (KHTML, like Gecko) Chrome/126.0.0.0 Safari/537.36"
212.102.49.8 - - [19/Jan/2025:04:22:08 -0300] "GET /favicon.ico HTTP/1.1" 404 2186 "http://www.aaaaaaaaaaaaaaaaaaa.mlopes.xyz/favicon.ico" "Mozilla/5.0 (Macintosh; Intel Mac OS X 10_15_7) AppleWebKit/537.36 (KHTML, like Gecko) Chrome/126.0.0.0 Safari/537.36"
149.78.184.101 - - [19/Jan/2025:04:22:17 -0300] "GET / HTTP/1.1" 404 2186 "http://www.aaaaaaaaaaaaaaaaaaa.mlopes.xyz/" "Mozilla/5.0 (Linux; Android 10; K) AppleWebKit/537.36 (KHTML, like Gecko) SamsungBrowser/25.0 Chrome/121.0.0.0 Mobile Safari/537.36"
82.102.17.138 - - [19/Jan/2025:04:22:18 -0300] "GET / HTTP/1.1" 404 2186 "http://www.aaaaaaaaaaaaaaaaaaa.mlopes.xyz/" "Mozilla/5.0 (Macintosh; Intel Mac OS X 10_15_7) AppleWebKit/537.36 (KHTML, like Gecko) Chrome/126.0.0.0 Safari/537.36"
156.146.41.79 - - [19/Jan/2025:04:22:18 -0300] "GET / HTTP/1.1" 404 2186 "http://www.aaaaaaaaaaaaaaaaaaa.mlopes.xyz/" "Mozilla/5.0 (Macintosh; Intel Mac OS X 10_15_7) AppleWebKit/605.1.15 (KHTML, like Gecko) Version/17.5 Safari/605.1.15"
82.102.17.138 - - [19/Jan/2025:04:22:29 -0300] "GET / HTTP/1.1" 404 2186 "http://www.aaaaaaaaaaaaaaaaaaa.mlopes.xyz/" "Mozilla/5.0 (iPhone; CPU iPhone OS 15_7_1 like Mac OS X) AppleWebKit/605.1.15 (KHTML, like Gecko) Version/15.7 Mobile/15E148 Safari/604.1"
82.102.17.138 - - [19/Jan/2025:04:22:29 -0300] "GET /sSQSCSPYjqARx HTTP/1.1" 404 2186 "http://www.aaaaaaaaaaaaaaaaaaa.mlopes.xyz/" "Mozilla/5.0 (Macintosh; Intel Mac OS X 10_15_7) AppleWebKit/605.1.15 (KHTML, like Gecko) Version/17.5 Safari/605.1.15"
82.102.17.138 - - [19/Jan/2025:04:22:35 -0300] "GET /favicon.ico HTTP/1.1" 404 2186 "http://www.aaaaaaaaaaaaaaaaaaa.mlopes.xyz/" "Mozilla/5.0 (Macintosh; Intel Mac OS X 10_15_7) AppleWebKit/537.36 (KHTML, like Gecko) Chrome/126.0.0.0 Safari/537.36"
156.146.41.79 - - [19/Jan/2025:04:27:07 -0300] "GET / HTTP/1.1" 404 2186 "http://www.aaaaaaaaaaaaaaaaaaa.mlopes.xyz/" "Mozilla/5.0 (Macintosh; Intel Mac OS X 10_15_7) AppleWebKit/537.36 (KHTML, like Gecko) Chrome/125.0.0.0 Safari/537.36"
156.146.41.79 - - [19/Jan/2025:04:27:08 -0300] "GET /favicon.ico HTTP/1.1" 404 2186 "https://www.aaaaaaaaaaaaaaaaaaa.mlopes.xyz/" "Mozilla/5.0 (Macintosh; Intel Mac OS X 10_15_7) AppleWebKit/537.36 (KHTML, like Gecko) Chrome/125.0.0.0 Safari/537.36"
172.169.4.214 - - [19/Jan/2025:04:27:38 -0300] "SSH-2.0-Go" 400 2176 "-" "-"
82.102.17.138 - - [19/Jan/2025:04:27:54 -0300] "GET / HTTP/1.1" 404 2186 "http://www.aaaaaaaaaaaaaaaaaaa.mlopes.xyz/" "Mozilla/5.0 (Macintosh; Intel Mac OS X 10_15_7) AppleWebKit/537.36 (KHTML, like Gecko) Chrome/125.0.0.0 Safari/537.36"
82.102.17.138 - - [19/Jan/2025:04:27:55 -0300] "GET /favicon.ico HTTP/1.1" 404 2186 "https://www.aaaaaaaaaaaaaaaaaaa.mlopes.xyz/" "Mozilla/5.0 (Macintosh; Intel Mac OS X 10_15_7) AppleWebKit/537.36 (KHTML, like Gecko) Chrome/125.0.0.0 Safari/537.36"
149.50.103.48 - - [19/Jan/2025:04:28:33 -0300] "GET / HTTP/1.1" 301 175 "-" "Hello World/1.0"
149.78.184.101 - - [19/Jan/2025:04:28:48 -0300] "GET / HTTP/1.1" 404 2186 "http://www.aaaaaaaaaaaaaaaaaaa.mlopes.xyz/" "Mozilla/5.0 (Macintosh; Intel Mac OS X 10_15_7) AppleWebKit/537.36 (KHTML, like Gecko) Chrome/125.0.0.0 Safari/537.36"
149.78.184.101 - - [19/Jan/2025:04:28:50 -0300] "GET /favicon.ico HTTP/1.1" 404 2186 "https://www.aaaaaaaaaaaaaaaaaaa.mlopes.xyz/" "Mozilla/5.0 (Macintosh; Intel Mac OS X 10_15_7) AppleWebKit/537.36 (KHTML, like Gecko) Chrome/125.0.0.0 Safari/537.36"
179.43.169.162 - - [19/Jan/2025:04:29:39 -0300] "POST /boaform/admin/formLogin HTTP/1.1" 301 175 "http://179.232.255.135:80/admin/login.asp" "Mozilla/5.0 (X11; Ubuntu; Linux x86_64; rv:71.0) Gecko/20100101 Firefox/71.0"
179.43.169.162 - - [19/Jan/2025:04:29:39 -0300] "" 400 0 "-" "-"
179.43.169.162 - - [19/Jan/2025:04:33:30 -0300] "POST /boaform/admin/formLogin HTTP/1.1" 301 175 "http://179.232.255.135:80/admin/login.asp" "Mozilla/5.0 (X11; Ubuntu; Linux x86_64; rv:71.0) Gecko/20100101 Firefox/71.0"
179.43.169.162 - - [19/Jan/2025:04:33:30 -0300] "" 400 0 "-" "-"
179.43.169.162 - - [19/Jan/2025:04:37:48 -0300] "POST /boaform/admin/formLogin HTTP/1.1" 301 175 "http://179.232.255.135:80/admin/login.asp" "Mozilla/5.0 (X11; Ubuntu; Linux x86_64; rv:71.0) Gecko/20100101 Firefox/71.0"
179.43.169.162 - - [19/Jan/2025:04:37:48 -0300] "" 400 0 "-" "-"
149.88.22.69 - - [19/Jan/2025:04:37:50 -0300] "GET / HTTP/1.1" 301 175 "-" "Mozilla/5.0 (Windows NT 10.0; Win64; x64) AppleWebKit/537.36 (KHTML, like Gecko) Chrome/95.0.4638.69 Safari/537.36"
149.88.22.69 - - [19/Jan/2025:04:37:51 -0300] "" 400 0 "-" "-"
149.88.22.69 - - [19/Jan/2025:04:37:51 -0300] "GET / HTTP/1.1" 301 175 "-" "Mozilla/5.0 (Windows NT 10.0; Win64; x64) AppleWebKit/537.36 (KHTML, like Gecko) Chrome/95.0.4638.69 Safari/537.36"
149.88.22.69 - - [19/Jan/2025:04:37:51 -0300] "" 400 0 "-" "-"
149.88.22.69 - - [19/Jan/2025:04:37:52 -0300] "GET //wp-includes/ID3/license.txt HTTP/1.1" 404 2186 "-" "Mozilla/5.0 (Windows NT 10.0; Win64; x64) AppleWebKit/537.36 (KHTML, like Gecko) Chrome/95.0.4638.69 Safari/537.36"
149.88.22.69 - - [19/Jan/2025:04:37:52 -0300] "GET //feed/ HTTP/1.1" 404 2186 "-" "Mozilla/5.0 (Windows NT 10.0; Win64; x64) AppleWebKit/537.36 (KHTML, like Gecko) Chrome/95.0.4638.69 Safari/537.36"
149.88.22.69 - - [19/Jan/2025:04:37:52 -0300] "GET //wp-includes/ID3/license.txt HTTP/1.1" 404 2186 "-" "Mozilla/5.0 (Windows NT 10.0; Win64; x64) AppleWebKit/537.36 (KHTML, like Gecko) Chrome/95.0.4638.69 Safari/537.36"
149.88.22.69 - - [19/Jan/2025:04:37:52 -0300] "GET //xmlrpc.php?rsd HTTP/1.1" 404 2186 "-" "Mozilla/5.0 (Windows NT 10.0; Win64; x64) AppleWebKit/537.36 (KHTML, like Gecko) Chrome/95.0.4638.69 Safari/537.36"
149.88.22.69 - - [19/Jan/2025:04:37:52 -0300] "GET //feed/ HTTP/1.1" 404 2186 "-" "Mozilla/5.0 (Windows NT 10.0; Win64; x64) AppleWebKit/537.36 (KHTML, like Gecko) Chrome/95.0.4638.69 Safari/537.36"
149.88.22.69 - - [19/Jan/2025:04:37:52 -0300] "GET //blog/wp-includes/wlwmanifest.xml HTTP/1.1" 404 2186 "-" "Mozilla/5.0 (Windows NT 10.0; Win64; x64) AppleWebKit/537.36 (KHTML, like Gecko) Chrome/95.0.4638.69 Safari/537.36"
149.88.22.69 - - [19/Jan/2025:04:37:53 -0300] "GET //xmlrpc.php?rsd HTTP/1.1" 404 2186 "-" "Mozilla/5.0 (Windows NT 10.0; Win64; x64) AppleWebKit/537.36 (KHTML, like Gecko) Chrome/95.0.4638.69 Safari/537.36"
149.88.22.69 - - [19/Jan/2025:04:37:53 -0300] "GET //web/wp-includes/wlwmanifest.xml HTTP/1.1" 404 2186 "-" "Mozilla/5.0 (Windows NT 10.0; Win64; x64) AppleWebKit/537.36 (KHTML, like Gecko) Chrome/95.0.4638.69 Safari/537.36"
149.88.22.69 - - [19/Jan/2025:04:37:53 -0300] "GET //blog/wp-includes/wlwmanifest.xml HTTP/1.1" 404 2186 "-" "Mozilla/5.0 (Windows NT 10.0; Win64; x64) AppleWebKit/537.36 (KHTML, like Gecko) Chrome/95.0.4638.69 Safari/537.36"
149.88.22.69 - - [19/Jan/2025:04:37:53 -0300] "GET //wordpress/wp-includes/wlwmanifest.xml HTTP/1.1" 404 2186 "-" "Mozilla/5.0 (Windows NT 10.0; Win64; x64) AppleWebKit/537.36 (KHTML, like Gecko) Chrome/95.0.4638.69 Safari/537.36"
149.88.22.69 - - [19/Jan/2025:04:37:53 -0300] "GET //web/wp-includes/wlwmanifest.xml HTTP/1.1" 404 2186 "-" "Mozilla/5.0 (Windows NT 10.0; Win64; x64) AppleWebKit/537.36 (KHTML, like Gecko) Chrome/95.0.4638.69 Safari/537.36"
149.88.22.69 - - [19/Jan/2025:04:37:53 -0300] "GET //wp/wp-includes/wlwmanifest.xml HTTP/1.1" 404 2186 "-" "Mozilla/5.0 (Windows NT 10.0; Win64; x64) AppleWebKit/537.36 (KHTML, like Gecko) Chrome/95.0.4638.69 Safari/537.36"
149.88.22.69 - - [19/Jan/2025:04:37:53 -0300] "GET //wordpress/wp-includes/wlwmanifest.xml HTTP/1.1" 404 2186 "-" "Mozilla/5.0 (Windows NT 10.0; Win64; x64) AppleWebKit/537.36 (KHTML, like Gecko) Chrome/95.0.4638.69 Safari/537.36"
149.88.22.69 - - [19/Jan/2025:04:37:53 -0300] "GET //2020/wp-includes/wlwmanifest.xml HTTP/1.1" 404 2186 "-" "Mozilla/5.0 (Windows NT 10.0; Win64; x64) AppleWebKit/537.36 (KHTML, like Gecko) Chrome/95.0.4638.69 Safari/537.36"
149.88.22.69 - - [19/Jan/2025:04:37:54 -0300] "GET //wp/wp-includes/wlwmanifest.xml HTTP/1.1" 404 2186 "-" "Mozilla/5.0 (Windows NT 10.0; Win64; x64) AppleWebKit/537.36 (KHTML, like Gecko) Chrome/95.0.4638.69 Safari/537.36"
149.88.22.69 - - [19/Jan/2025:04:37:54 -0300] "GET //2019/wp-includes/wlwmanifest.xml HTTP/1.1" 404 2186 "-" "Mozilla/5.0 (Windows NT 10.0; Win64; x64) AppleWebKit/537.36 (KHTML, like Gecko) Chrome/95.0.4638.69 Safari/537.36"
149.88.22.69 - - [19/Jan/2025:04:37:54 -0300] "GET //2020/wp-includes/wlwmanifest.xml HTTP/1.1" 404 2186 "-" "Mozilla/5.0 (Windows NT 10.0; Win64; x64) AppleWebKit/537.36 (KHTML, like Gecko) Chrome/95.0.4638.69 Safari/537.36"
149.88.22.69 - - [19/Jan/2025:04:37:54 -0300] "GET //2021/wp-includes/wlwmanifest.xml HTTP/1.1" 404 2186 "-" "Mozilla/5.0 (Windows NT 10.0; Win64; x64) AppleWebKit/537.36 (KHTML, like Gecko) Chrome/95.0.4638.69 Safari/537.36"
149.88.22.69 - - [19/Jan/2025:04:37:54 -0300] "GET //2019/wp-includes/wlwmanifest.xml HTTP/1.1" 404 2186 "-" "Mozilla/5.0 (Windows NT 10.0; Win64; x64) AppleWebKit/537.36 (KHTML, like Gecko) Chrome/95.0.4638.69 Safari/537.36"
149.88.22.69 - - [19/Jan/2025:04:37:54 -0300] "GET //shop/wp-includes/wlwmanifest.xml HTTP/1.1" 404 2186 "-" "Mozilla/5.0 (Windows NT 10.0; Win64; x64) AppleWebKit/537.36 (KHTML, like Gecko) Chrome/95.0.4638.69 Safari/537.36"
149.88.22.69 - - [19/Jan/2025:04:37:54 -0300] "GET //2021/wp-includes/wlwmanifest.xml HTTP/1.1" 404 2186 "-" "Mozilla/5.0 (Windows NT 10.0; Win64; x64) AppleWebKit/537.36 (KHTML, like Gecko) Chrome/95.0.4638.69 Safari/537.36"
149.88.22.69 - - [19/Jan/2025:04:37:54 -0300] "GET //wp1/wp-includes/wlwmanifest.xml HTTP/1.1" 404 2186 "-" "Mozilla/5.0 (Windows NT 10.0; Win64; x64) AppleWebKit/537.36 (KHTML, like Gecko) Chrome/95.0.4638.69 Safari/537.36"
149.88.22.69 - - [19/Jan/2025:04:37:55 -0300] "GET //shop/wp-includes/wlwmanifest.xml HTTP/1.1" 404 2186 "-" "Mozilla/5.0 (Windows NT 10.0; Win64; x64) AppleWebKit/537.36 (KHTML, like Gecko) Chrome/95.0.4638.69 Safari/537.36"
149.88.22.69 - - [19/Jan/2025:04:37:55 -0300] "GET //test/wp-includes/wlwmanifest.xml HTTP/1.1" 404 2186 "-" "Mozilla/5.0 (Windows NT 10.0; Win64; x64) AppleWebKit/537.36 (KHTML, like Gecko) Chrome/95.0.4638.69 Safari/537.36"
149.88.22.69 - - [19/Jan/2025:04:37:55 -0300] "GET //wp1/wp-includes/wlwmanifest.xml HTTP/1.1" 404 2186 "-" "Mozilla/5.0 (Windows NT 10.0; Win64; x64) AppleWebKit/537.36 (KHTML, like Gecko) Chrome/95.0.4638.69 Safari/537.36"
149.88.22.69 - - [19/Jan/2025:04:37:55 -0300] "GET //site/wp-includes/wlwmanifest.xml HTTP/1.1" 404 2186 "-" "Mozilla/5.0 (Windows NT 10.0; Win64; x64) AppleWebKit/537.36 (KHTML, like Gecko) Chrome/95.0.4638.69 Safari/537.36"
149.88.22.69 - - [19/Jan/2025:04:37:55 -0300] "GET //test/wp-includes/wlwmanifest.xml HTTP/1.1" 404 2186 "-" "Mozilla/5.0 (Windows NT 10.0; Win64; x64) AppleWebKit/537.36 (KHTML, like Gecko) Chrome/95.0.4638.69 Safari/537.36"
149.88.22.69 - - [19/Jan/2025:04:37:55 -0300] "GET //cms/wp-includes/wlwmanifest.xml HTTP/1.1" 404 2186 "-" "Mozilla/5.0 (Windows NT 10.0; Win64; x64) AppleWebKit/537.36 (KHTML, like Gecko) Chrome/95.0.4638.69 Safari/537.36"
149.88.22.69 - - [19/Jan/2025:04:37:55 -0300] "GET //site/wp-includes/wlwmanifest.xml HTTP/1.1" 404 2186 "-" "Mozilla/5.0 (Windows NT 10.0; Win64; x64) AppleWebKit/537.36 (KHTML, like Gecko) Chrome/95.0.4638.69 Safari/537.36"
149.88.22.69 - - [19/Jan/2025:04:37:55 -0300] "" 400 0 "-" "-"
149.88.22.69 - - [19/Jan/2025:04:37:56 -0300] "GET //cms/wp-includes/wlwmanifest.xml HTTP/1.1" 404 2186 "-" "Mozilla/5.0 (Windows NT 10.0; Win64; x64) AppleWebKit/537.36 (KHTML, like Gecko) Chrome/95.0.4638.69 Safari/537.36"
149.88.22.69 - - [19/Jan/2025:04:37:56 -0300] "" 400 0 "-" "-"
31.13.103.9 - - [19/Jan/2025:04:42:30 -0300] "GET / HTTP/1.1" 301 175 "-" "facebookexternalhit/1.1 (+http://www.facebook.com/externalhit_uatext.php)"
31.13.103.114 - - [19/Jan/2025:04:42:31 -0300] "GET / HTTP/1.1" 404 2186 "-" "facebookexternalhit/1.1 (+http://www.facebook.com/externalhit_uatext.php)"
31.13.103.4 - - [19/Jan/2025:04:42:33 -0300] "GET / HTTP/1.1" 200 128646 "-" "facebookexternalhit/1.1 (+http://www.facebook.com/externalhit_uatext.php)"
31.13.127.112 - - [19/Jan/2025:04:42:39 -0300] "GET /?fbclid=IwZXh0bgNhZW0CMTEAAR0Xsy-xFM8R1I2WsP78F4AxPm3AdjdLJlqu6n_RuoBHf22nQKRQn5M6QDU_aem_8fNeHq8o2HTGyhVq_VK_Zg HTTP/1.1" 404 2186 "-" "Mozilla/5.0 (iPhone; CPU iPhone OS 18_1_1 like Mac OS X) AppleWebKit/605.1.15 (KHTML, like Gecko) Version/18.1.1 Mobile/15E148 Safari/604.1"
31.13.103.112 - - [19/Jan/2025:04:43:14 -0300] "GET / HTTP/1.1" 404 2186 "-" "facebookexternalhit/1.1 (+http://www.facebook.com/externalhit_uatext.php)"
179.43.169.162 - - [19/Jan/2025:04:43:33 -0300] "POST /boaform/admin/formLogin HTTP/1.1" 301 175 "http://179.232.255.135:80/admin/login.asp" "Mozilla/5.0 (X11; Ubuntu; Linux x86_64; rv:71.0) Gecko/20100101 Firefox/71.0"
179.43.169.162 - - [19/Jan/2025:04:43:33 -0300] "" 400 0 "-" "-"
94.225.100.154 - - [19/Jan/2025:04:45:51 -0300] "GET /.env HTTP/1.1" 301 175 "-" "Mozilla/5.0 (Macintosh; Intel Mac OS X 10_10_1) AppleWebKit/537.36 (KHTML, like Gecko) Chrome/39.0.2171.95 Safari/537.36"
146.19.24.168 - - [19/Jan/2025:04:46:05 -0300] "GET / HTTP/1.1" 301 175 "-" "-"
165.22.224.71 - - [19/Jan/2025:04:46:37 -0300] "GET / HTTP/1.1" 301 175 "-" "Mozilla/5.0 (compatible)"
165.22.224.71 - - [19/Jan/2025:04:46:38 -0300] "GET / HTTP/1.1" 404 2186 "-" "Mozilla/5.0 (compatible)"
165.22.224.71 - - [19/Jan/2025:04:46:42 -0300] "GET /favicon.ico HTTP/1.1" 404 2186 "https://wp.mlopes.xyz/" "Mozilla/5.0 (compatible)"
94.225.100.154 - - [19/Jan/2025:04:47:56 -0300] "GET /.env HTTP/1.1" 404 2186 "-" "Mozilla/5.0 (Macintosh; Intel Mac OS X 10_10_1) AppleWebKit/537.36 (KHTML, like Gecko) Chrome/39.0.2171.95 Safari/537.36"
179.43.191.146 - - [19/Jan/2025:04:50:03 -0300] "GET / HTTP/1.1" 301 175 "-" "Mozilla/5.0 (Windows NT 10.0; Win64; x64) AppleWebKit/537.36 (KHTML, like Gecko) Chrome/90.0.4430.85 Safari/537.36 Edg/90.0.818.46"
192.175.111.247 - - [19/Jan/2025:04:50:04 -0300] "GET / HTTP/1.1" 301 175 "-" "Mozilla/5.0 (Windows NT 10.0; Win64; x64) AppleWebKit/537.36 (KHTML, like Gecko) Chrome/132.0.0.0 Safari/537.36"
192.175.111.234 - - [19/Jan/2025:04:50:05 -0300] "GET / HTTP/1.1" 404 2186 "http://www.aaaaaaaaaaaaaaaaaaa.mlopes.xyz/" "Mozilla/5.0 (Windows NT 10.0; Win64; x64) AppleWebKit/537.36 (KHTML, like Gecko) Chrome/132.0.0.0 Safari/537.36"
64.15.129.119 - - [19/Jan/2025:04:50:05 -0300] "GET / HTTP/1.1" 301 175 "-" "Mozilla/5.0 (Windows NT 10.0; Win64; x64) AppleWebKit/537.36 (KHTML, like Gecko) Chrome/132.0.0.0 Safari/537.36"
192.175.111.253 - - [19/Jan/2025:04:50:06 -0300] "GET / HTTP/1.1" 404 2186 "http://www.aaaaaaaaaaaaaaaaaaa.mlopes.xyz/" "Mozilla/5.0 (Windows NT 10.0; Win64; x64) AppleWebKit/537.36 (KHTML, like Gecko) Chrome/132.0.0.0 Safari/537.36"
192.175.111.239 - - [19/Jan/2025:04:50:07 -0300] "GET / HTTP/1.1" 301 175 "-" "Mozilla/5.0 (Windows NT 10.0; Win64; x64) AppleWebKit/537.36 (KHTML, like Gecko) Chrome/132.0.0.0 Safari/537.36"
64.15.129.107 - - [19/Jan/2025:04:50:07 -0300] "GET / HTTP/1.1" 404 2186 "http://www.aaaaaaaaaaaaaaaaaaa.mlopes.xyz/" "Mozilla/5.0 (Windows NT 10.0; Win64; x64) AppleWebKit/537.36 (KHTML, like Gecko) Chrome/132.0.0.0 Safari/537.36"
64.15.129.113 - - [19/Jan/2025:04:50:08 -0300] "GET / HTTP/1.1" 301 175 "-" "Mozilla/5.0 (Windows NT 10.0; Win64; x64) AppleWebKit/537.36 (KHTML, like Gecko) Chrome/132.0.0.0 Safari/537.36"
192.175.111.241 - - [19/Jan/2025:04:50:08 -0300] "GET / HTTP/1.1" 404 2186 "http://www.aaaaaaaaaaaaaaaaaaa.mlopes.xyz/" "Mozilla/5.0 (Windows NT 10.0; Win64; x64) AppleWebKit/537.36 (KHTML, like Gecko) Chrome/132.0.0.0 Safari/537.36"
149.50.103.48 - - [19/Jan/2025:04:50:58 -0300] "GET / HTTP/1.1" 301 175 "-" "Hello World/1.0"
149.88.22.69 - - [19/Jan/2025:04:52:30 -0300] "GET / HTTP/1.1" 301 175 "-" "Mozilla/5.0 (Windows NT 10.0; Win64; x64) AppleWebKit/537.36 (KHTML, like Gecko) Chrome/95.0.4638.69 Safari/537.36"
149.88.22.69 - - [19/Jan/2025:04:52:30 -0300] "" 400 0 "-" "-"
149.88.22.69 - - [19/Jan/2025:04:52:32 -0300] "GET //wp-includes/ID3/license.txt HTTP/1.1" 404 2186 "-" "Mozilla/5.0 (Windows NT 10.0; Win64; x64) AppleWebKit/537.36 (KHTML, like Gecko) Chrome/95.0.4638.69 Safari/537.36"
149.88.22.69 - - [19/Jan/2025:04:52:32 -0300] "GET //feed/ HTTP/1.1" 404 2186 "-" "Mozilla/5.0 (Windows NT 10.0; Win64; x64) AppleWebKit/537.36 (KHTML, like Gecko) Chrome/95.0.4638.69 Safari/537.36"
149.88.22.69 - - [19/Jan/2025:04:52:32 -0300] "GET //xmlrpc.php?rsd HTTP/1.1" 404 2186 "-" "Mozilla/5.0 (Windows NT 10.0; Win64; x64) AppleWebKit/537.36 (KHTML, like Gecko) Chrome/95.0.4638.69 Safari/537.36"
149.88.22.69 - - [19/Jan/2025:04:52:32 -0300] "GET //blog/wp-includes/wlwmanifest.xml HTTP/1.1" 404 2186 "-" "Mozilla/5.0 (Windows NT 10.0; Win64; x64) AppleWebKit/537.36 (KHTML, like Gecko) Chrome/95.0.4638.69 Safari/537.36"
149.88.22.69 - - [19/Jan/2025:04:52:33 -0300] "GET //web/wp-includes/wlwmanifest.xml HTTP/1.1" 404 2186 "-" "Mozilla/5.0 (Windows NT 10.0; Win64; x64) AppleWebKit/537.36 (KHTML, like Gecko) Chrome/95.0.4638.69 Safari/537.36"
149.88.22.69 - - [19/Jan/2025:04:52:33 -0300] "GET //wordpress/wp-includes/wlwmanifest.xml HTTP/1.1" 404 2186 "-" "Mozilla/5.0 (Windows NT 10.0; Win64; x64) AppleWebKit/537.36 (KHTML, like Gecko) Chrome/95.0.4638.69 Safari/537.36"
149.88.22.69 - - [19/Jan/2025:04:52:33 -0300] "GET //wp/wp-includes/wlwmanifest.xml HTTP/1.1" 404 2186 "-" "Mozilla/5.0 (Windows NT 10.0; Win64; x64) AppleWebKit/537.36 (KHTML, like Gecko) Chrome/95.0.4638.69 Safari/537.36"
149.88.22.69 - - [19/Jan/2025:04:52:33 -0300] "GET //2020/wp-includes/wlwmanifest.xml HTTP/1.1" 404 2186 "-" "Mozilla/5.0 (Windows NT 10.0; Win64; x64) AppleWebKit/537.36 (KHTML, like Gecko) Chrome/95.0.4638.69 Safari/537.36"
149.88.22.69 - - [19/Jan/2025:04:52:34 -0300] "GET //2019/wp-includes/wlwmanifest.xml HTTP/1.1" 404 2186 "-" "Mozilla/5.0 (Windows NT 10.0; Win64; x64) AppleWebKit/537.36 (KHTML, like Gecko) Chrome/95.0.4638.69 Safari/537.36"
149.88.22.69 - - [19/Jan/2025:04:52:34 -0300] "GET //2021/wp-includes/wlwmanifest.xml HTTP/1.1" 404 2186 "-" "Mozilla/5.0 (Windows NT 10.0; Win64; x64) AppleWebKit/537.36 (KHTML, like Gecko) Chrome/95.0.4638.69 Safari/537.36"
149.88.22.69 - - [19/Jan/2025:04:52:34 -0300] "GET //shop/wp-includes/wlwmanifest.xml HTTP/1.1" 404 2186 "-" "Mozilla/5.0 (Windows NT 10.0; Win64; x64) AppleWebKit/537.36 (KHTML, like Gecko) Chrome/95.0.4638.69 Safari/537.36"
149.88.22.69 - - [19/Jan/2025:04:52:34 -0300] "GET //wp1/wp-includes/wlwmanifest.xml HTTP/1.1" 404 2186 "-" "Mozilla/5.0 (Windows NT 10.0; Win64; x64) AppleWebKit/537.36 (KHTML, like Gecko) Chrome/95.0.4638.69 Safari/537.36"
149.88.22.69 - - [19/Jan/2025:04:52:35 -0300] "GET //test/wp-includes/wlwmanifest.xml HTTP/1.1" 404 2186 "-" "Mozilla/5.0 (Windows NT 10.0; Win64; x64) AppleWebKit/537.36 (KHTML, like Gecko) Chrome/95.0.4638.69 Safari/537.36"
149.88.22.69 - - [19/Jan/2025:04:52:35 -0300] "GET //site/wp-includes/wlwmanifest.xml HTTP/1.1" 404 2186 "-" "Mozilla/5.0 (Windows NT 10.0; Win64; x64) AppleWebKit/537.36 (KHTML, like Gecko) Chrome/95.0.4638.69 Safari/537.36"
149.88.22.69 - - [19/Jan/2025:04:52:35 -0300] "GET //cms/wp-includes/wlwmanifest.xml HTTP/1.1" 404 2186 "-" "Mozilla/5.0 (Windows NT 10.0; Win64; x64) AppleWebKit/537.36 (KHTML, like Gecko) Chrome/95.0.4638.69 Safari/537.36"
149.88.22.69 - - [19/Jan/2025:04:52:35 -0300] "" 400 0 "-" "-"
198.235.24.174 - - [19/Jan/2025:04:52:55 -0300] "GET / HTTP/1.1" 301 175 "-" "-"
- - - [19/Jan/2025:04:53:01 -0300] "POST /deploy-challenge HTTP/1.1" 200 5 "-" "curl/8.5.0"
23.178.112.215 - - [19/Jan/2025:04:53:13 -0300] "GET /.well-known/acme-challenge/2xKaQ-VTiDfozXiuv-w_Lhgj4qaf5LBSoQjZZvByYDs HTTP/1.1" 200 99 "-" "Mozilla/5.0 (compatible; Let's Encrypt validation server; +https://www.letsencrypt.org)"
3.15.15.3 - - [19/Jan/2025:04:53:23 -0300] "GET /.well-known/acme-challenge/2xKaQ-VTiDfozXiuv-w_Lhgj4qaf5LBSoQjZZvByYDs HTTP/1.1" 200 99 "-" "Mozilla/5.0 (compatible; Let's Encrypt validation server; +https://www.letsencrypt.org)"
18.237.67.193 - - [19/Jan/2025:04:53:23 -0300] "GET /.well-known/acme-challenge/2xKaQ-VTiDfozXiuv-w_Lhgj4qaf5LBSoQjZZvByYDs HTTP/1.1" 200 99 "-" "Mozilla/5.0 (compatible; Let's Encrypt validation server; +https://www.letsencrypt.org)"
51.20.103.162 - - [19/Jan/2025:04:53:23 -0300] "GET /.well-known/acme-challenge/2xKaQ-VTiDfozXiuv-w_Lhgj4qaf5LBSoQjZZvByYDs HTTP/1.1" 200 99 "-" "Mozilla/5.0 (compatible; Let's Encrypt validation server; +https://www.letsencrypt.org)"
47.129.175.193 - - [19/Jan/2025:04:53:23 -0300] "GET /.well-known/acme-challenge/2xKaQ-VTiDfozXiuv-w_Lhgj4qaf5LBSoQjZZvByYDs HTTP/1.1" 200 99 "-" "Mozilla/5.0 (compatible; Let's Encrypt validation server; +https://www.letsencrypt.org)"
- - - [19/Jan/2025:04:53:24 -0300] "POST /clean-challenge HTTP/1.1" 200 5 "-" "curl/8.5.0"
- - - [19/Jan/2025:04:53:27 -0300] "POST /deploy-cert HTTP/1.1" 200 5 "-" "curl/8.5.0"
51.81.245.138 - - [19/Jan/2025:04:53:33 -0300] "GET / HTTP/1.1" 404 2186 "-" "Mozilla/5.0 (Windows NT 10.0; Win64; x64) AppleWebKit/537.36 (KHTML, like Gecko) Chrome/108.0.0.0 Safari/537.36"
51.81.245.138 - - [19/Jan/2025:04:53:34 -0300] "GET /favicon.ico HTTP/1.1" 404 2186 "-" "python-requests/2.25.1"
154.28.229.142 - - [19/Jan/2025:04:53:37 -0300] "GET / HTTP/1.1" 404 2186 "-" "Mozilla/5.0 (X11; Linux x86_64) AppleWebKit/537.36 (KHTML, like Gecko) Chrome/117.0.0.0 Safari/537.36"
206.81.24.227 - - [19/Jan/2025:04:53:39 -0300] "\x16\x03\x01\x01\x06\x01\x00\x01\x02\x03\x03Kv 1\x12?vb\xD4\xB4\x97X#\x03\xD2\x0E\xA6\xEEne\xFEt\xDE" 400 163 "-" "-"
159.203.96.42 - - [19/Jan/2025:04:53:39 -0300] "GET / HTTP/1.1" 404 2186 "-" "-"
206.81.24.227 - - [19/Jan/2025:04:53:39 -0300] "GET / HTTP/1.1" 301 175 "-" "-"
206.81.24.227 - - [19/Jan/2025:04:53:40 -0300] "GET / HTTP/1.1" 301 175 "-" "Mozilla/5.0 (Linux; Android 6.0; HTC One M9 Build/MRA394865) AppleWebKit/537.36 (KHTML, like Gecko) Chrome/52.0.3018.98 Mobile Safari/537.3"
206.81.24.227 - - [19/Jan/2025:04:53:40 -0300] "GET /actuator/env HTTP/1.1" 301 175 "-" "Go-http-client/1.1"
206.81.24.227 - - [19/Jan/2025:04:53:41 -0300] "GET /server HTTP/1.1" 301 175 "-" "Go-http-client/1.1"
206.81.24.227 - - [19/Jan/2025:04:53:41 -0300] "GET /.vscode/sftp.json HTTP/1.1" 301 175 "-" "Go-http-client/1.1"
206.81.24.227 - - [19/Jan/2025:04:53:42 -0300] "GET /about HTTP/1.1" 301 175 "-" "Go-http-client/1.1"
206.81.24.227 - - [19/Jan/2025:04:53:42 -0300] "GET /debug/default/view?panel=config HTTP/1.1" 301 175 "-" "Go-http-client/1.1"
206.81.24.227 - - [19/Jan/2025:04:53:43 -0300] "GET /v2/_catalog HTTP/1.1" 301 175 "-" "Go-http-client/1.1"
206.81.24.227 - - [19/Jan/2025:04:53:43 -0300] "GET /ecp/Current/exporttool/microsoft.exchange.ediscovery.exporttool.application HTTP/1.1" 301 175 "-" "Go-http-client/1.1"
206.81.24.227 - - [19/Jan/2025:04:53:44 -0300] "GET /server-status HTTP/1.1" 301 175 "-" "Go-http-client/1.1"
206.81.24.227 - - [19/Jan/2025:04:53:44 -0300] "GET /login.action HTTP/1.1" 301 175 "-" "Go-http-client/1.1"
206.81.24.227 - - [19/Jan/2025:04:53:45 -0300] "GET /_all_dbs HTTP/1.1" 301 175 "-" "Mozilla/5.0 (l9scan/2.0.533313e2535323e2233323e2937313; +https://leakix.net)"
206.81.24.227 - - [19/Jan/2025:04:53:45 -0300] "GET /.DS_Store HTTP/1.1" 301 175 "-" "Go-http-client/1.1"
206.81.24.227 - - [19/Jan/2025:04:53:46 -0300] "GET /.env HTTP/1.1" 301 175 "-" "Go-http-client/1.1"
206.81.24.227 - - [19/Jan/2025:04:53:46 -0300] "GET /.git/config HTTP/1.1" 301 175 "-" "Go-http-client/1.1"
206.81.24.227 - - [19/Jan/2025:04:53:47 -0300] "GET /s/533313e2535323e2233323e2937313/_/;/META-INF/maven/com.atlassian.jira/jira-webapp-dist/pom.properties HTTP/1.1" 301 175 "-" "Go-http-client/1.1"
206.81.24.227 - - [19/Jan/2025:04:53:47 -0300] "GET /config.json HTTP/1.1" 301 175 "-" "Go-http-client/1.1"
206.81.24.227 - - [19/Jan/2025:04:53:48 -0300] "GET /telescope/requests HTTP/1.1" 301 175 "-" "Go-http-client/1.1"
206.81.24.227 - - [19/Jan/2025:04:53:48 -0300] "GET /info.php HTTP/1.1" 301 175 "-" "Go-http-client/1.1"
206.81.24.227 - - [19/Jan/2025:04:53:49 -0300] "GET /?rest_route=/wp/v2/users/ HTTP/1.1" 301 175 "-" "Go-http-client/1.1"
159.203.96.42 - - [19/Jan/2025:04:53:49 -0300] "GET / HTTP/1.1" 404 2186 "-" "Mozilla/5.0 (Linux; Android 6.0; HTC One M9 Build/MRA394865) AppleWebKit/537.36 (KHTML, like Gecko) Chrome/52.0.3018.98 Mobile Safari/537.3"
159.203.96.42 - - [19/Jan/2025:04:53:49 -0300] "GET /actuator/env HTTP/1.1" 404 2186 "-" "Go-http-client/1.1"
159.203.96.42 - - [19/Jan/2025:04:53:50 -0300] "GET /server HTTP/1.1" 404 2186 "-" "Go-http-client/1.1"
159.203.96.42 - - [19/Jan/2025:04:53:50 -0300] "GET /version HTTP/1.1" 404 2186 "-" "Go-http-client/1.1"
159.203.96.42 - - [19/Jan/2025:04:53:51 -0300] "GET /.vscode/sftp.json HTTP/1.1" 404 2186 "-" "Go-http-client/1.1"
159.203.96.42 - - [19/Jan/2025:04:53:51 -0300] "GET /about HTTP/1.1" 404 2186 "-" "Go-http-client/1.1"
159.203.96.42 - - [19/Jan/2025:04:53:52 -0300] "GET /debug/default/view?panel=config HTTP/1.1" 404 2186 "-" "Go-http-client/1.1"
154.28.229.88 - - [19/Jan/2025:04:53:52 -0300] "GET / HTTP/1.1" 404 2186 "-" "Mozilla/5.0 (X11; Linux x86_64) AppleWebKit/537.36 (KHTML, like Gecko) Chrome/117.0.0.0 Safari/537.36"
159.203.96.42 - - [19/Jan/2025:04:53:52 -0300] "GET /v2/_catalog HTTP/1.1" 404 2186 "-" "Go-http-client/1.1"
159.203.96.42 - - [19/Jan/2025:04:53:53 -0300] "GET /ecp/Current/exporttool/microsoft.exchange.ediscovery.exporttool.application HTTP/1.1" 404 2186 "-" "Go-http-client/1.1"
104.164.173.127 - - [19/Jan/2025:04:53:53 -0300] "GET / HTTP/1.1" 404 2186 "-" "Mozilla/5.0 (Macintosh; Intel Mac OS X 10_15_7) AppleWebKit/537.36 (KHTML, like Gecko) Chrome/116.0.0.0 Safari/537.36"
159.203.96.42 - - [19/Jan/2025:04:53:53 -0300] "GET /server-status HTTP/1.1" 404 2186 "-" "Go-http-client/1.1"
159.203.96.42 - - [19/Jan/2025:04:53:53 -0300] "GET /login.action HTTP/1.1" 404 2186 "-" "Go-http-client/1.1"
159.203.96.42 - - [19/Jan/2025:04:53:54 -0300] "GET /_all_dbs HTTP/1.1" 404 2186 "-" "Mozilla/5.0 (l9scan/2.0.533313e2535323e2233323e2937313; +https://leakix.net)"
159.203.96.42 - - [19/Jan/2025:04:53:54 -0300] "GET /.DS_Store HTTP/1.1" 404 2186 "-" "Go-http-client/1.1"
159.203.96.42 - - [19/Jan/2025:04:53:55 -0300] "GET /.env HTTP/1.1" 404 2186 "-" "Go-http-client/1.1"
159.203.96.42 - - [19/Jan/2025:04:53:55 -0300] "GET /.git/config HTTP/1.1" 404 2186 "-" "Go-http-client/1.1"
104.164.173.213 - - [19/Jan/2025:04:53:56 -0300] "GET / HTTP/1.1" 404 2186 "-" "Mozilla/5.0 (Windows NT 10.0; Win64; x64) AppleWebKit/537.36 (KHTML, like Gecko) Chrome/116.0.0.0 Safari/537.36"
159.203.96.42 - - [19/Jan/2025:04:53:56 -0300] "GET /s/533313e2535323e2233323e2937313/_/;/META-INF/maven/com.atlassian.jira/jira-webapp-dist/pom.properties HTTP/1.1" 404 2186 "-" "Go-http-client/1.1"
104.164.173.213 - - [19/Jan/2025:04:53:56 -0300] "GET / HTTP/1.1" 404 2186 "-" "Mozilla/5.0 (Windows NT 10.0; Win64; x64) AppleWebKit/537.36 (KHTML, like Gecko) Chrome/116.0.0.0 Safari/537.36"
159.203.96.42 - - [19/Jan/2025:04:53:56 -0300] "GET /config.json HTTP/1.1" 404 2186 "-" "Go-http-client/1.1"
159.203.96.42 - - [19/Jan/2025:04:53:57 -0300] "GET /telescope/requests HTTP/1.1" 404 2186 "-" "Go-http-client/1.1"
159.203.96.42 - - [19/Jan/2025:04:53:57 -0300] "GET /info.php HTTP/1.1" 404 2186 "-" "Go-http-client/1.1"
159.203.96.42 - - [19/Jan/2025:04:53:58 -0300] "GET /?rest_route=/wp/v2/users/ HTTP/1.1" 404 2186 "-" "Go-http-client/1.1"
104.164.173.227 - - [19/Jan/2025:04:54:02 -0300] "GET / HTTP/1.1" 404 2186 "-" "Mozilla/5.0 (Windows NT 10.0; Win64; x64) AppleWebKit/537.36 (KHTML, like Gecko) Chrome/116.0.0.0 Safari/537.36"
104.164.173.227 - - [19/Jan/2025:04:54:02 -0300] "GET / HTTP/1.1" 404 2186 "-" "Mozilla/5.0 (Windows NT 10.0; Win64; x64) AppleWebKit/537.36 (KHTML, like Gecko) Chrome/116.0.0.0 Safari/537.36"
205.169.39.23 - - [19/Jan/2025:04:55:32 -0300] "GET / HTTP/1.1" 301 175 "-" "Mozilla/5.0 (Windows NT 10.0; Win64; x64) AppleWebKit/537.36 (KHTML, like Gecko) Chrome/117.0.5938.132 Safari/537.36"
34.123.170.104 - - [19/Jan/2025:04:55:32 -0300] "GET / HTTP/1.1" 301 175 "-" "Mozilla/5.0 (X11; Linux x86_64) AppleWebKit/537.36 (KHTML, like Gecko) HeadlessChrome/125.0.6422.60 Safari/537.36"
34.122.147.229 - - [19/Jan/2025:04:55:34 -0300] "GET / HTTP/1.1" 404 2186 "-" "Mozilla/5.0 (X11; Linux x86_64) AppleWebKit/537.36 (KHTML, like Gecko) HeadlessChrome/125.0.6422.60 Safari/537.36"
205.169.39.23 - - [19/Jan/2025:04:55:39 -0300] "GET / HTTP/1.1" 404 2186 "-" "Mozilla/5.0 (Windows NT 10.0; Win64; x64) AppleWebKit/537.36 (KHTML, like Gecko) Chrome/117.0.5938.132 Safari/537.36"
205.169.39.165 - - [19/Jan/2025:04:56:23 -0300] "GET / HTTP/1.1" 301 175 "-" "Mozilla/5.0 (Windows NT 6.1; Win64; x64) AppleWebKit/537.36 (KHTML, like Gecko) Chrome/83.0.4103.61 Safari/537.36"
205.169.39.165 - - [19/Jan/2025:04:56:31 -0300] "GET / HTTP/1.1" 404 2186 "-" "Mozilla/5.0 (Windows NT 6.1; Win64; x64) AppleWebKit/537.36 (KHTML, like Gecko) Chrome/83.0.4103.61 Safari/537.36"
