2804:14c:f281:8b20::1002 - - [18/Jan/2025:03:35:20 -0300] "GET / HTTP/1.1" 404 1878 "-" "Mozilla/5.0 (Windows NT 10.0; Win64; x64) AppleWebKit/537.36 (KHTML, like Gecko) Chrome/132.0.0.0 Safari/537.36 Edg/132.0.0.0"
2804:14c:f281:8b20::1002 - - [18/Jan/2025:03:35:21 -0300] "GET / HTTP/1.1" 404 1878 "-" "Mozilla/5.0 (Windows NT 10.0; Win64; x64) AppleWebKit/537.36 (KHTML, like Gecko) Chrome/132.0.0.0 Safari/537.36 Edg/132.0.0.0"
2804:14c:f281:8b20::1002 - - [18/Jan/2025:03:35:21 -0300] "GET / HTTP/1.1" 404 1878 "-" "Mozilla/5.0 (Windows NT 10.0; Win64; x64) AppleWebKit/537.36 (KHTML, like Gecko) Chrome/132.0.0.0 Safari/537.36 Edg/132.0.0.0"
2804:14c:f281:8b20::1002 - - [18/Jan/2025:03:35:21 -0300] "GET / HTTP/1.1" 404 1878 "-" "Mozilla/5.0 (Windows NT 10.0; Win64; x64) AppleWebKit/537.36 (KHTML, like Gecko) Chrome/132.0.0.0 Safari/537.36 Edg/132.0.0.0"
2804:14c:f281:8b20::1002 - - [18/Jan/2025:03:35:21 -0300] "GET / HTTP/1.1" 404 1878 "-" "Mozilla/5.0 (Windows NT 10.0; Win64; x64) AppleWebKit/537.36 (KHTML, like Gecko) Chrome/132.0.0.0 Safari/537.36 Edg/132.0.0.0"
2804:14c:f281:8b20::1002 - - [18/Jan/2025:03:35:21 -0300] "GET / HTTP/1.1" 404 1878 "-" "Mozilla/5.0 (Windows NT 10.0; Win64; x64) AppleWebKit/537.36 (KHTML, like Gecko) Chrome/132.0.0.0 Safari/537.36 Edg/132.0.0.0"
2804:14c:f281:8b20::1002 - - [18/Jan/2025:03:35:22 -0300] "GET / HTTP/1.1" 404 1878 "-" "Mozilla/5.0 (Windows NT 10.0; Win64; x64) AppleWebKit/537.36 (KHTML, like Gecko) Chrome/132.0.0.0 Safari/537.36 Edg/132.0.0.0"
2804:14c:f281:8b20::1002 - - [18/Jan/2025:03:35:22 -0300] "GET / HTTP/1.1" 404 1878 "-" "Mozilla/5.0 (Windows NT 10.0; Win64; x64) AppleWebKit/537.36 (KHTML, like Gecko) Chrome/132.0.0.0 Safari/537.36 Edg/132.0.0.0"
2804:14c:f281:8b20::1002 - - [18/Jan/2025:03:35:22 -0300] "GET / HTTP/1.1" 404 1878 "-" "Mozilla/5.0 (Windows NT 10.0; Win64; x64) AppleWebKit/537.36 (KHTML, like Gecko) Chrome/132.0.0.0 Safari/537.36 Edg/132.0.0.0"
2804:14c:f281:8b20::1002 - - [18/Jan/2025:03:35:24 -0300] "GET / HTTP/1.1" 404 1878 "-" "Mozilla/5.0 (Windows NT 10.0; Win64; x64) AppleWebKit/537.36 (KHTML, like Gecko) Chrome/132.0.0.0 Safari/537.36 Edg/132.0.0.0"
2804:14c:f281:8b20::1002 - - [18/Jan/2025:03:35:24 -0300] "GET / HTTP/1.1" 404 1878 "-" "Mozilla/5.0 (Windows NT 10.0; Win64; x64) AppleWebKit/537.36 (KHTML, like Gecko) Chrome/132.0.0.0 Safari/537.36 Edg/132.0.0.0"
2804:14c:f281:8b20::1002 - - [18/Jan/2025:03:35:25 -0300] "GET / HTTP/1.1" 404 1879 "-" "Mozilla/5.0 (Windows NT 10.0; Win64; x64) AppleWebKit/537.36 (KHTML, like Gecko) Chrome/132.0.0.0 Safari/537.36 Edg/132.0.0.0"
2804:14c:f281:8b20::1002 - - [18/Jan/2025:03:35:25 -0300] "GET / HTTP/1.1" 404 1879 "-" "Mozilla/5.0 (Windows NT 10.0; Win64; x64) AppleWebKit/537.36 (KHTML, like Gecko) Chrome/132.0.0.0 Safari/537.36 Edg/132.0.0.0"
2804:14c:f281:8b20::1002 - - [18/Jan/2025:03:35:25 -0300] "GET / HTTP/1.1" 404 1879 "-" "Mozilla/5.0 (Windows NT 10.0; Win64; x64) AppleWebKit/537.36 (KHTML, like Gecko) Chrome/132.0.0.0 Safari/537.36 Edg/132.0.0.0"
2804:14c:f281:8b20::1002 - - [18/Jan/2025:03:35:25 -0300] "GET / HTTP/1.1" 404 1879 "-" "Mozilla/5.0 (Windows NT 10.0; Win64; x64) AppleWebKit/537.36 (KHTML, like Gecko) Chrome/132.0.0.0 Safari/537.36 Edg/132.0.0.0"
2804:14c:f281:8b20::1002 - - [18/Jan/2025:03:35:52 -0300] "GET / HTTP/1.1" 404 1898 "-" "Mozilla/5.0 (Windows NT 10.0; Win64; x64) AppleWebKit/537.36 (KHTML, like Gecko) Chrome/132.0.0.0 Safari/537.36 Edg/132.0.0.0"
2804:14c:f281:8b20::1002 - - [18/Jan/2025:03:35:53 -0300] "GET / HTTP/1.1" 404 1898 "-" "Mozilla/5.0 (Windows NT 10.0; Win64; x64) AppleWebKit/537.36 (KHTML, like Gecko) Chrome/132.0.0.0 Safari/537.36 Edg/132.0.0.0"
2804:14c:f281:8b20::1002 - - [18/Jan/2025:03:35:53 -0300] "GET / HTTP/1.1" 404 1898 "-" "Mozilla/5.0 (Windows NT 10.0; Win64; x64) AppleWebKit/537.36 (KHTML, like Gecko) Chrome/132.0.0.0 Safari/537.36 Edg/132.0.0.0"
2804:14c:f281:8b20::1002 - - [18/Jan/2025:03:35:53 -0300] "GET / HTTP/1.1" 404 1898 "-" "Mozilla/5.0 (Windows NT 10.0; Win64; x64) AppleWebKit/537.36 (KHTML, like Gecko) Chrome/132.0.0.0 Safari/537.36 Edg/132.0.0.0"
2804:14c:f281:8b20::1002 - - [18/Jan/2025:03:35:53 -0300] "GET / HTTP/1.1" 404 1898 "-" "Mozilla/5.0 (Windows NT 10.0; Win64; x64) AppleWebKit/537.36 (KHTML, like Gecko) Chrome/132.0.0.0 Safari/537.36 Edg/132.0.0.0"
2804:14c:f281:8b20::1002 - - [18/Jan/2025:03:35:55 -0300] "GET / HTTP/1.1" 404 1898 "https://aaaaaaaaaaaaaaaaaaa.mlopes.xyz/" "Mozilla/5.0 (Windows NT 10.0; Win64; x64) AppleWebKit/537.36 (KHTML, like Gecko) Chrome/132.0.0.0 Safari/537.36 Edg/132.0.0.0"
2804:14c:f281:8b20::1002 - - [18/Jan/2025:03:35:55 -0300] "GET /favicon.ico HTTP/1.1" 404 1898 "https://mlopes.xyz/" "Mozilla/5.0 (Windows NT 10.0; Win64; x64) AppleWebKit/537.36 (KHTML, like Gecko) Chrome/132.0.0.0 Safari/537.36 Edg/132.0.0.0"
2804:14c:f281:8b20::1002 - - [18/Jan/2025:03:35:56 -0300] "GET / HTTP/1.1" 404 1898 "https://mlopes.xyz/" "Mozilla/5.0 (Windows NT 10.0; Win64; x64) AppleWebKit/537.36 (KHTML, like Gecko) Chrome/132.0.0.0 Safari/537.36 Edg/132.0.0.0"
2804:14c:f281:8b20::1002 - - [18/Jan/2025:03:36:18 -0300] "GET / HTTP/1.1" 404 1933 "https://mlopes.xyz/" "Mozilla/5.0 (Windows NT 10.0; Win64; x64) AppleWebKit/537.36 (KHTML, like Gecko) Chrome/132.0.0.0 Safari/537.36 Edg/132.0.0.0"
2804:14c:f281:8b20::1002 - - [18/Jan/2025:03:36:19 -0300] "GET / HTTP/1.1" 404 1933 "https://mlopes.xyz/" "Mozilla/5.0 (Windows NT 10.0; Win64; x64) AppleWebKit/537.36 (KHTML, like Gecko) Chrome/132.0.0.0 Safari/537.36 Edg/132.0.0.0"
2804:14c:f281:8b20::1002 - - [18/Jan/2025:03:36:19 -0300] "GET / HTTP/1.1" 404 1933 "https://mlopes.xyz/" "Mozilla/5.0 (Windows NT 10.0; Win64; x64) AppleWebKit/537.36 (KHTML, like Gecko) Chrome/132.0.0.0 Safari/537.36 Edg/132.0.0.0"
2804:14c:f281:8b20::1002 - - [18/Jan/2025:03:36:27 -0300] "GET / HTTP/1.1" 404 1916 "https://mlopes.xyz/" "Mozilla/5.0 (Windows NT 10.0; Win64; x64) AppleWebKit/537.36 (KHTML, like Gecko) Chrome/132.0.0.0 Safari/537.36 Edg/132.0.0.0"
2804:14c:f281:8b20::1002 - - [18/Jan/2025:03:36:28 -0300] "GET / HTTP/1.1" 404 1916 "https://mlopes.xyz/" "Mozilla/5.0 (Windows NT 10.0; Win64; x64) AppleWebKit/537.36 (KHTML, like Gecko) Chrome/132.0.0.0 Safari/537.36 Edg/132.0.0.0"
2804:14c:f281:8b20::1002 - - [18/Jan/2025:03:37:30 -0300] "GET / HTTP/1.1" 404 2059 "https://mlopes.xyz/" "Mozilla/5.0 (Windows NT 10.0; Win64; x64) AppleWebKit/537.36 (KHTML, like Gecko) Chrome/132.0.0.0 Safari/537.36 Edg/132.0.0.0"
2804:14c:f281:8b20::1002 - - [18/Jan/2025:03:37:31 -0300] "GET / HTTP/1.1" 404 2059 "https://mlopes.xyz/" "Mozilla/5.0 (Windows NT 10.0; Win64; x64) AppleWebKit/537.36 (KHTML, like Gecko) Chrome/132.0.0.0 Safari/537.36 Edg/132.0.0.0"
2804:14c:f281:8b20::1002 - - [18/Jan/2025:03:37:31 -0300] "GET / HTTP/1.1" 404 2059 "https://mlopes.xyz/" "Mozilla/5.0 (Windows NT 10.0; Win64; x64) AppleWebKit/537.36 (KHTML, like Gecko) Chrome/132.0.0.0 Safari/537.36 Edg/132.0.0.0"
2804:14c:f281:8b20::1002 - - [18/Jan/2025:03:37:31 -0300] "GET / HTTP/1.1" 404 2059 "https://mlopes.xyz/" "Mozilla/5.0 (Windows NT 10.0; Win64; x64) AppleWebKit/537.36 (KHTML, like Gecko) Chrome/132.0.0.0 Safari/537.36 Edg/132.0.0.0"
2804:14c:f281:8b20::1002 - - [18/Jan/2025:03:38:03 -0300] "GET / HTTP/1.1" 404 2059 "https://mlopes.xyz/" "Mozilla/5.0 (Windows NT 10.0; Win64; x64) AppleWebKit/537.36 (KHTML, like Gecko) Chrome/132.0.0.0 Safari/537.36 Edg/132.0.0.0"
2804:14c:f281:8b20::1002 - - [18/Jan/2025:03:38:04 -0300] "GET / HTTP/1.1" 404 2059 "https://mlopes.xyz/" "Mozilla/5.0 (Windows NT 10.0; Win64; x64) AppleWebKit/537.36 (KHTML, like Gecko) Chrome/132.0.0.0 Safari/537.36 Edg/132.0.0.0"
2804:14c:f281:8b20::1002 - - [18/Jan/2025:03:38:04 -0300] "GET / HTTP/1.1" 404 2059 "https://mlopes.xyz/" "Mozilla/5.0 (Windows NT 10.0; Win64; x64) AppleWebKit/537.36 (KHTML, like Gecko) Chrome/132.0.0.0 Safari/537.36 Edg/132.0.0.0"
2804:14c:f281:8b20::1002 - - [18/Jan/2025:03:38:04 -0300] "GET / HTTP/1.1" 404 2059 "https://mlopes.xyz/" "Mozilla/5.0 (Windows NT 10.0; Win64; x64) AppleWebKit/537.36 (KHTML, like Gecko) Chrome/132.0.0.0 Safari/537.36 Edg/132.0.0.0"
2804:14c:f281:8b20::1002 - - [18/Jan/2025:03:39:05 -0300] "GET / HTTP/1.1" 404 2100 "https://mlopes.xyz/" "Mozilla/5.0 (Windows NT 10.0; Win64; x64) AppleWebKit/537.36 (KHTML, like Gecko) Chrome/132.0.0.0 Safari/537.36 Edg/132.0.0.0"
2804:14c:f281:8b20::1002 - - [18/Jan/2025:03:39:05 -0300] "GET / HTTP/1.1" 404 2100 "https://mlopes.xyz/" "Mozilla/5.0 (Windows NT 10.0; Win64; x64) AppleWebKit/537.36 (KHTML, like Gecko) Chrome/132.0.0.0 Safari/537.36 Edg/132.0.0.0"
2804:14c:f281:8b20::1002 - - [18/Jan/2025:03:39:05 -0300] "GET / HTTP/1.1" 404 2100 "https://mlopes.xyz/" "Mozilla/5.0 (Windows NT 10.0; Win64; x64) AppleWebKit/537.36 (KHTML, like Gecko) Chrome/132.0.0.0 Safari/537.36 Edg/132.0.0.0"
2804:14c:f281:8b20::1002 - - [18/Jan/2025:03:39:05 -0300] "GET / HTTP/1.1" 404 2100 "https://mlopes.xyz/" "Mozilla/5.0 (Windows NT 10.0; Win64; x64) AppleWebKit/537.36 (KHTML, like Gecko) Chrome/132.0.0.0 Safari/537.36 Edg/132.0.0.0"
2804:14c:f281:8b20::1002 - - [18/Jan/2025:03:39:06 -0300] "GET / HTTP/1.1" 404 2100 "https://mlopes.xyz/" "Mozilla/5.0 (Windows NT 10.0; Win64; x64) AppleWebKit/537.36 (KHTML, like Gecko) Chrome/132.0.0.0 Safari/537.36 Edg/132.0.0.0"
2804:14c:f281:8b20::1002 - - [18/Jan/2025:03:39:10 -0300] "GET / HTTP/1.1" 404 2103 "https://mlopes.xyz/" "Mozilla/5.0 (Windows NT 10.0; Win64; x64) AppleWebKit/537.36 (KHTML, like Gecko) Chrome/132.0.0.0 Safari/537.36 Edg/132.0.0.0"
2804:14c:f281:8b20::1002 - - [18/Jan/2025:03:39:10 -0300] "GET / HTTP/1.1" 404 2103 "https://mlopes.xyz/" "Mozilla/5.0 (Windows NT 10.0; Win64; x64) AppleWebKit/537.36 (KHTML, like Gecko) Chrome/132.0.0.0 Safari/537.36 Edg/132.0.0.0"
2804:14c:f281:8b20::1002 - - [18/Jan/2025:03:39:15 -0300] "GET / HTTP/1.1" 404 2102 "https://mlopes.xyz/" "Mozilla/5.0 (Windows NT 10.0; Win64; x64) AppleWebKit/537.36 (KHTML, like Gecko) Chrome/132.0.0.0 Safari/537.36 Edg/132.0.0.0"
2804:14c:f281:8b20::1002 - - [18/Jan/2025:03:39:29 -0300] "GET / HTTP/1.1" 404 2147 "https://mlopes.xyz/" "Mozilla/5.0 (Windows NT 10.0; Win64; x64) AppleWebKit/537.36 (KHTML, like Gecko) Chrome/132.0.0.0 Safari/537.36 Edg/132.0.0.0"
2804:14c:f281:8b20::1002 - - [18/Jan/2025:03:39:29 -0300] "GET / HTTP/1.1" 404 2147 "https://mlopes.xyz/" "Mozilla/5.0 (Windows NT 10.0; Win64; x64) AppleWebKit/537.36 (KHTML, like Gecko) Chrome/132.0.0.0 Safari/537.36 Edg/132.0.0.0"
146.19.24.168 - - [18/Jan/2025:03:39:35 -0300] "GET / HTTP/1.1" 301 175 "-" "-"
2804:14c:f281:8b20::1002 - - [18/Jan/2025:03:39:43 -0300] "GET / HTTP/1.1" 404 2178 "https://mlopes.xyz/" "Mozilla/5.0 (Windows NT 10.0; Win64; x64) AppleWebKit/537.36 (KHTML, like Gecko) Chrome/132.0.0.0 Safari/537.36 Edg/132.0.0.0"
2804:14c:f281:8b20::1002 - - [18/Jan/2025:03:39:44 -0300] "GET / HTTP/1.1" 404 2178 "https://mlopes.xyz/" "Mozilla/5.0 (Windows NT 10.0; Win64; x64) AppleWebKit/537.36 (KHTML, like Gecko) Chrome/132.0.0.0 Safari/537.36 Edg/132.0.0.0"
2804:14c:f281:8b20::1002 - - [18/Jan/2025:03:39:44 -0300] "GET / HTTP/1.1" 404 2178 "https://mlopes.xyz/" "Mozilla/5.0 (Windows NT 10.0; Win64; x64) AppleWebKit/537.36 (KHTML, like Gecko) Chrome/132.0.0.0 Safari/537.36 Edg/132.0.0.0"
2804:14c:f281:8b20::1002 - - [18/Jan/2025:03:39:44 -0300] "GET / HTTP/1.1" 404 2178 "https://mlopes.xyz/" "Mozilla/5.0 (Windows NT 10.0; Win64; x64) AppleWebKit/537.36 (KHTML, like Gecko) Chrome/132.0.0.0 Safari/537.36 Edg/132.0.0.0"
2804:14c:f281:8b20::1002 - - [18/Jan/2025:03:39:53 -0300] "GET / HTTP/1.1" 404 2205 "https://mlopes.xyz/" "Mozilla/5.0 (Windows NT 10.0; Win64; x64) AppleWebKit/537.36 (KHTML, like Gecko) Chrome/132.0.0.0 Safari/537.36 Edg/132.0.0.0"
2804:14c:f281:8b20::1002 - - [18/Jan/2025:03:39:53 -0300] "GET / HTTP/1.1" 404 2205 "https://mlopes.xyz/" "Mozilla/5.0 (Windows NT 10.0; Win64; x64) AppleWebKit/537.36 (KHTML, like Gecko) Chrome/132.0.0.0 Safari/537.36 Edg/132.0.0.0"
2804:14c:f281:8b20::1002 - - [18/Jan/2025:03:39:53 -0300] "GET / HTTP/1.1" 404 2205 "https://mlopes.xyz/" "Mozilla/5.0 (Windows NT 10.0; Win64; x64) AppleWebKit/537.36 (KHTML, like Gecko) Chrome/132.0.0.0 Safari/537.36 Edg/132.0.0.0"
2804:14c:f281:8b20::1002 - - [18/Jan/2025:03:39:59 -0300] "GET / HTTP/1.1" 404 2205 "https://mlopes.xyz/" "Mozilla/5.0 (Windows NT 10.0; Win64; x64) AppleWebKit/537.36 (KHTML, like Gecko) Chrome/132.0.0.0 Safari/537.36 Edg/132.0.0.0"
2804:14c:f281:8b20::1002 - - [18/Jan/2025:03:40:00 -0300] "GET / HTTP/1.1" 404 2205 "https://mlopes.xyz/" "Mozilla/5.0 (Windows NT 10.0; Win64; x64) AppleWebKit/537.36 (KHTML, like Gecko) Chrome/132.0.0.0 Safari/537.36 Edg/132.0.0.0"
2804:14c:f281:8b20::1002 - - [18/Jan/2025:03:40:00 -0300] "GET / HTTP/1.1" 404 2205 "https://mlopes.xyz/" "Mozilla/5.0 (Windows NT 10.0; Win64; x64) AppleWebKit/537.36 (KHTML, like Gecko) Chrome/132.0.0.0 Safari/537.36 Edg/132.0.0.0"
2804:14c:f281:8b20::1002 - - [18/Jan/2025:03:40:00 -0300] "GET / HTTP/1.1" 404 2205 "https://mlopes.xyz/" "Mozilla/5.0 (Windows NT 10.0; Win64; x64) AppleWebKit/537.36 (KHTML, like Gecko) Chrome/132.0.0.0 Safari/537.36 Edg/132.0.0.0"
2804:14c:f281:8b20::1002 - - [18/Jan/2025:03:40:00 -0300] "GET / HTTP/1.1" 404 2205 "https://mlopes.xyz/" "Mozilla/5.0 (Windows NT 10.0; Win64; x64) AppleWebKit/537.36 (KHTML, like Gecko) Chrome/132.0.0.0 Safari/537.36 Edg/132.0.0.0"
2804:14c:f281:8b20::1002 - - [18/Jan/2025:03:40:00 -0300] "GET / HTTP/1.1" 404 2205 "https://mlopes.xyz/" "Mozilla/5.0 (Windows NT 10.0; Win64; x64) AppleWebKit/537.36 (KHTML, like Gecko) Chrome/132.0.0.0 Safari/537.36 Edg/132.0.0.0"
2804:14c:f281:8b20::1002 - - [18/Jan/2025:03:40:03 -0300] "GET / HTTP/1.1" 404 2199 "https://mlopes.xyz/" "Mozilla/5.0 (Windows NT 10.0; Win64; x64) AppleWebKit/537.36 (KHTML, like Gecko) Chrome/132.0.0.0 Safari/537.36 Edg/132.0.0.0"
2804:14c:f281:8b20::1002 - - [18/Jan/2025:03:40:17 -0300] "GET / HTTP/1.1" 404 2020 "https://mlopes.xyz/" "Mozilla/5.0 (Windows NT 10.0; Win64; x64) AppleWebKit/537.36 (KHTML, like Gecko) Chrome/132.0.0.0 Safari/537.36 Edg/132.0.0.0"
188.166.250.131 - - [18/Jan/2025:03:40:24 -0300] "GET / HTTP/1.1" 301 175 "-" "Mozilla/5.0 (Windows NT 10.0; Win64; x64) AppleWebKit/537.36 (KHTML, like Gecko) Chrome/95.0.4638.69 Safari/537.36"
188.166.250.131 - - [18/Jan/2025:03:40:24 -0300] "" 400 0 "-" "-"
188.166.250.131 - - [18/Jan/2025:03:40:25 -0300] "GET //wp-includes/ID3/license.txt HTTP/1.1" 404 2199 "-" "Mozilla/5.0 (Windows NT 10.0; Win64; x64) AppleWebKit/537.36 (KHTML, like Gecko) Chrome/95.0.4638.69 Safari/537.36"
188.166.250.131 - - [18/Jan/2025:03:40:26 -0300] "GET //feed/ HTTP/1.1" 404 2199 "-" "Mozilla/5.0 (Windows NT 10.0; Win64; x64) AppleWebKit/537.36 (KHTML, like Gecko) Chrome/95.0.4638.69 Safari/537.36"
188.166.250.131 - - [18/Jan/2025:03:40:26 -0300] "GET //xmlrpc.php?rsd HTTP/1.1" 404 2199 "-" "Mozilla/5.0 (Windows NT 10.0; Win64; x64) AppleWebKit/537.36 (KHTML, like Gecko) Chrome/95.0.4638.69 Safari/537.36"
188.166.250.131 - - [18/Jan/2025:03:40:26 -0300] "GET //blog/wp-includes/wlwmanifest.xml HTTP/1.1" 404 2199 "-" "Mozilla/5.0 (Windows NT 10.0; Win64; x64) AppleWebKit/537.36 (KHTML, like Gecko) Chrome/95.0.4638.69 Safari/537.36"
188.166.250.131 - - [18/Jan/2025:03:40:27 -0300] "GET //web/wp-includes/wlwmanifest.xml HTTP/1.1" 404 2199 "-" "Mozilla/5.0 (Windows NT 10.0; Win64; x64) AppleWebKit/537.36 (KHTML, like Gecko) Chrome/95.0.4638.69 Safari/537.36"
188.166.250.131 - - [18/Jan/2025:03:40:27 -0300] "GET //wordpress/wp-includes/wlwmanifest.xml HTTP/1.1" 404 2199 "-" "Mozilla/5.0 (Windows NT 10.0; Win64; x64) AppleWebKit/537.36 (KHTML, like Gecko) Chrome/95.0.4638.69 Safari/537.36"
188.166.250.131 - - [18/Jan/2025:03:40:28 -0300] "GET //wp/wp-includes/wlwmanifest.xml HTTP/1.1" 404 2198 "-" "Mozilla/5.0 (Windows NT 10.0; Win64; x64) AppleWebKit/537.36 (KHTML, like Gecko) Chrome/95.0.4638.69 Safari/537.36"
188.166.250.131 - - [18/Jan/2025:03:40:28 -0300] "GET //2020/wp-includes/wlwmanifest.xml HTTP/1.1" 404 2198 "-" "Mozilla/5.0 (Windows NT 10.0; Win64; x64) AppleWebKit/537.36 (KHTML, like Gecko) Chrome/95.0.4638.69 Safari/537.36"
188.166.250.131 - - [18/Jan/2025:03:40:28 -0300] "GET //2019/wp-includes/wlwmanifest.xml HTTP/1.1" 404 2198 "-" "Mozilla/5.0 (Windows NT 10.0; Win64; x64) AppleWebKit/537.36 (KHTML, like Gecko) Chrome/95.0.4638.69 Safari/537.36"
188.166.250.131 - - [18/Jan/2025:03:40:29 -0300] "GET //2021/wp-includes/wlwmanifest.xml HTTP/1.1" 404 2198 "-" "Mozilla/5.0 (Windows NT 10.0; Win64; x64) AppleWebKit/537.36 (KHTML, like Gecko) Chrome/95.0.4638.69 Safari/537.36"
2804:14c:f281:8b20::1002 - - [18/Jan/2025:03:40:29 -0300] "GET / HTTP/1.1" 404 2198 "https://mlopes.xyz/" "Mozilla/5.0 (Windows NT 10.0; Win64; x64) AppleWebKit/537.36 (KHTML, like Gecko) Chrome/132.0.0.0 Safari/537.36 Edg/132.0.0.0"
188.166.250.131 - - [18/Jan/2025:03:40:29 -0300] "GET //shop/wp-includes/wlwmanifest.xml HTTP/1.1" 404 2198 "-" "Mozilla/5.0 (Windows NT 10.0; Win64; x64) AppleWebKit/537.36 (KHTML, like Gecko) Chrome/95.0.4638.69 Safari/537.36"
188.166.250.131 - - [18/Jan/2025:03:40:30 -0300] "GET //wp1/wp-includes/wlwmanifest.xml HTTP/1.1" 404 2198 "-" "Mozilla/5.0 (Windows NT 10.0; Win64; x64) AppleWebKit/537.36 (KHTML, like Gecko) Chrome/95.0.4638.69 Safari/537.36"
2804:14c:f281:8b20::1002 - - [18/Jan/2025:03:40:30 -0300] "GET / HTTP/1.1" 404 2198 "https://mlopes.xyz/" "Mozilla/5.0 (Windows NT 10.0; Win64; x64) AppleWebKit/537.36 (KHTML, like Gecko) Chrome/132.0.0.0 Safari/537.36 Edg/132.0.0.0"
188.166.250.131 - - [18/Jan/2025:03:40:30 -0300] "GET //test/wp-includes/wlwmanifest.xml HTTP/1.1" 404 2198 "-" "Mozilla/5.0 (Windows NT 10.0; Win64; x64) AppleWebKit/537.36 (KHTML, like Gecko) Chrome/95.0.4638.69 Safari/537.36"
188.166.250.131 - - [18/Jan/2025:03:40:30 -0300] "GET //site/wp-includes/wlwmanifest.xml HTTP/1.1" 404 2198 "-" "Mozilla/5.0 (Windows NT 10.0; Win64; x64) AppleWebKit/537.36 (KHTML, like Gecko) Chrome/95.0.4638.69 Safari/537.36"
188.166.250.131 - - [18/Jan/2025:03:40:31 -0300] "GET //cms/wp-includes/wlwmanifest.xml HTTP/1.1" 404 2071 "-" "Mozilla/5.0 (Windows NT 10.0; Win64; x64) AppleWebKit/537.36 (KHTML, like Gecko) Chrome/95.0.4638.69 Safari/537.36"
188.166.250.131 - - [18/Jan/2025:03:40:31 -0300] "" 400 0 "-" "-"
2804:14c:f281:8b20::1002 - - [18/Jan/2025:03:40:34 -0300] "GET / HTTP/1.1" 404 2071 "https://mlopes.xyz/" "Mozilla/5.0 (Windows NT 10.0; Win64; x64) AppleWebKit/537.36 (KHTML, like Gecko) Chrome/132.0.0.0 Safari/537.36 Edg/132.0.0.0"
2804:14c:f281:8b20::1002 - - [18/Jan/2025:03:40:58 -0300] "GET / HTTP/1.1" 404 2071 "https://mlopes.xyz/" "Mozilla/5.0 (Windows NT 10.0; Win64; x64) AppleWebKit/537.36 (KHTML, like Gecko) Chrome/132.0.0.0 Safari/537.36 Edg/132.0.0.0"
2804:14c:f281:8b20::1002 - - [18/Jan/2025:03:40:59 -0300] "GET / HTTP/1.1" 404 2071 "https://mlopes.xyz/" "Mozilla/5.0 (Windows NT 10.0; Win64; x64) AppleWebKit/537.36 (KHTML, like Gecko) Chrome/132.0.0.0 Safari/537.36 Edg/132.0.0.0"
2804:14c:f281:8b20::1002 - - [18/Jan/2025:03:41:00 -0300] "GET / HTTP/1.1" 404 2071 "https://mlopes.xyz/" "Mozilla/5.0 (Windows NT 10.0; Win64; x64) AppleWebKit/537.36 (KHTML, like Gecko) Chrome/132.0.0.0 Safari/537.36 Edg/132.0.0.0"
2804:14c:f281:8b20::1002 - - [18/Jan/2025:03:41:06 -0300] "GET / HTTP/1.1" 404 2033 "https://mlopes.xyz/" "Mozilla/5.0 (Windows NT 10.0; Win64; x64) AppleWebKit/537.36 (KHTML, like Gecko) Chrome/132.0.0.0 Safari/537.36 Edg/132.0.0.0"
2804:14c:f281:8b20::1002 - - [18/Jan/2025:03:41:06 -0300] "GET / HTTP/1.1" 404 2033 "https://mlopes.xyz/" "Mozilla/5.0 (Windows NT 10.0; Win64; x64) AppleWebKit/537.36 (KHTML, like Gecko) Chrome/132.0.0.0 Safari/537.36 Edg/132.0.0.0"
2804:14c:f281:8b20::1002 - - [18/Jan/2025:03:41:07 -0300] "GET / HTTP/1.1" 404 2033 "https://mlopes.xyz/" "Mozilla/5.0 (Windows NT 10.0; Win64; x64) AppleWebKit/537.36 (KHTML, like Gecko) Chrome/132.0.0.0 Safari/537.36 Edg/132.0.0.0"
2804:14c:f281:8b20::1002 - - [18/Jan/2025:03:41:07 -0300] "GET / HTTP/1.1" 404 2033 "https://mlopes.xyz/" "Mozilla/5.0 (Windows NT 10.0; Win64; x64) AppleWebKit/537.36 (KHTML, like Gecko) Chrome/132.0.0.0 Safari/537.36 Edg/132.0.0.0"
2804:14c:f281:8b20::1002 - - [18/Jan/2025:03:41:07 -0300] "GET / HTTP/1.1" 404 2033 "https://mlopes.xyz/" "Mozilla/5.0 (Windows NT 10.0; Win64; x64) AppleWebKit/537.36 (KHTML, like Gecko) Chrome/132.0.0.0 Safari/537.36 Edg/132.0.0.0"
2804:14c:f281:8b20::1002 - - [18/Jan/2025:03:41:07 -0300] "GET / HTTP/1.1" 404 2033 "https://mlopes.xyz/" "Mozilla/5.0 (Windows NT 10.0; Win64; x64) AppleWebKit/537.36 (KHTML, like Gecko) Chrome/132.0.0.0 Safari/537.36 Edg/132.0.0.0"
2804:14c:f281:8b20::1002 - - [18/Jan/2025:03:41:07 -0300] "GET / HTTP/1.1" 404 2033 "https://mlopes.xyz/" "Mozilla/5.0 (Windows NT 10.0; Win64; x64) AppleWebKit/537.36 (KHTML, like Gecko) Chrome/132.0.0.0 Safari/537.36 Edg/132.0.0.0"
2804:14c:f281:8b20::1002 - - [18/Jan/2025:03:41:08 -0300] "GET / HTTP/1.1" 404 2033 "https://mlopes.xyz/" "Mozilla/5.0 (Windows NT 10.0; Win64; x64) AppleWebKit/537.36 (KHTML, like Gecko) Chrome/132.0.0.0 Safari/537.36 Edg/132.0.0.0"
2804:14c:f281:8b20::1002 - - [18/Jan/2025:03:41:08 -0300] "GET / HTTP/1.1" 404 2033 "https://mlopes.xyz/" "Mozilla/5.0 (Windows NT 10.0; Win64; x64) AppleWebKit/537.36 (KHTML, like Gecko) Chrome/132.0.0.0 Safari/537.36 Edg/132.0.0.0"
2804:14c:f281:8b20::1002 - - [18/Jan/2025:03:41:08 -0300] "GET / HTTP/1.1" 404 2033 "https://mlopes.xyz/" "Mozilla/5.0 (Windows NT 10.0; Win64; x64) AppleWebKit/537.36 (KHTML, like Gecko) Chrome/132.0.0.0 Safari/537.36 Edg/132.0.0.0"
2804:14c:f281:8b20::1002 - - [18/Jan/2025:03:41:08 -0300] "GET / HTTP/1.1" 404 2033 "https://mlopes.xyz/" "Mozilla/5.0 (Windows NT 10.0; Win64; x64) AppleWebKit/537.36 (KHTML, like Gecko) Chrome/132.0.0.0 Safari/537.36 Edg/132.0.0.0"
2804:14c:f281:8b20::1002 - - [18/Jan/2025:03:41:08 -0300] "GET / HTTP/1.1" 404 2033 "https://mlopes.xyz/" "Mozilla/5.0 (Windows NT 10.0; Win64; x64) AppleWebKit/537.36 (KHTML, like Gecko) Chrome/132.0.0.0 Safari/537.36 Edg/132.0.0.0"
2804:14c:f281:8b20::1002 - - [18/Jan/2025:03:41:09 -0300] "GET / HTTP/1.1" 404 2033 "https://mlopes.xyz/" "Mozilla/5.0 (Windows NT 10.0; Win64; x64) AppleWebKit/537.36 (KHTML, like Gecko) Chrome/132.0.0.0 Safari/537.36 Edg/132.0.0.0"
2804:14c:f281:8b20::1002 - - [18/Jan/2025:03:41:09 -0300] "GET / HTTP/1.1" 404 2033 "https://mlopes.xyz/" "Mozilla/5.0 (Windows NT 10.0; Win64; x64) AppleWebKit/537.36 (KHTML, like Gecko) Chrome/132.0.0.0 Safari/537.36 Edg/132.0.0.0"
2804:14c:f281:8b20::1002 - - [18/Jan/2025:03:41:09 -0300] "GET / HTTP/1.1" 404 2033 "https://mlopes.xyz/" "Mozilla/5.0 (Windows NT 10.0; Win64; x64) AppleWebKit/537.36 (KHTML, like Gecko) Chrome/132.0.0.0 Safari/537.36 Edg/132.0.0.0"
2804:14c:f281:8b20::1002 - - [18/Jan/2025:03:41:14 -0300] "GET / HTTP/1.1" 404 2071 "https://mlopes.xyz/" "Mozilla/5.0 (Windows NT 10.0; Win64; x64) AppleWebKit/537.36 (KHTML, like Gecko) Chrome/132.0.0.0 Safari/537.36 Edg/132.0.0.0"
2804:14c:f281:8b20::1002 - - [18/Jan/2025:03:41:15 -0300] "GET / HTTP/1.1" 404 2071 "https://mlopes.xyz/" "Mozilla/5.0 (Windows NT 10.0; Win64; x64) AppleWebKit/537.36 (KHTML, like Gecko) Chrome/132.0.0.0 Safari/537.36 Edg/132.0.0.0"
2804:14c:f281:8b20::1002 - - [18/Jan/2025:03:41:15 -0300] "GET / HTTP/1.1" 404 2071 "https://mlopes.xyz/" "Mozilla/5.0 (Windows NT 10.0; Win64; x64) AppleWebKit/537.36 (KHTML, like Gecko) Chrome/132.0.0.0 Safari/537.36 Edg/132.0.0.0"
2804:14c:f281:8b20::1002 - - [18/Jan/2025:03:41:15 -0300] "GET / HTTP/1.1" 404 2071 "https://mlopes.xyz/" "Mozilla/5.0 (Windows NT 10.0; Win64; x64) AppleWebKit/537.36 (KHTML, like Gecko) Chrome/132.0.0.0 Safari/537.36 Edg/132.0.0.0"
2804:14c:f281:8b20::1002 - - [18/Jan/2025:03:41:15 -0300] "GET / HTTP/1.1" 404 2071 "https://mlopes.xyz/" "Mozilla/5.0 (Windows NT 10.0; Win64; x64) AppleWebKit/537.36 (KHTML, like Gecko) Chrome/132.0.0.0 Safari/537.36 Edg/132.0.0.0"
2804:14c:f281:8b20::1002 - - [18/Jan/2025:03:41:15 -0300] "GET / HTTP/1.1" 404 2071 "https://mlopes.xyz/" "Mozilla/5.0 (Windows NT 10.0; Win64; x64) AppleWebKit/537.36 (KHTML, like Gecko) Chrome/132.0.0.0 Safari/537.36 Edg/132.0.0.0"
154.28.229.237 - - [18/Jan/2025:03:41:27 -0300] "GET / HTTP/1.1" 404 2090 "-" "Mozilla/5.0 (X11; Linux x86_64) AppleWebKit/537.36 (KHTML, like Gecko) Chrome/117.0.0.0 Safari/537.36"
154.28.229.57 - - [18/Jan/2025:03:41:27 -0300] "GET / HTTP/1.1" 404 2090 "-" "Mozilla/5.0 (Windows NT 10.0; Win64; x64) AppleWebKit/537.36 (KHTML, like Gecko) Chrome/116.0.0.0 Safari/537.36"
2804:14c:f281:8b20::1002 - - [18/Jan/2025:03:41:39 -0300] "GET / HTTP/1.1" 404 2099 "https://mlopes.xyz/" "Mozilla/5.0 (Windows NT 10.0; Win64; x64) AppleWebKit/537.36 (KHTML, like Gecko) Chrome/132.0.0.0 Safari/537.36 Edg/132.0.0.0"
2804:14c:f281:8b20::1002 - - [18/Jan/2025:03:41:40 -0300] "GET / HTTP/1.1" 404 2099 "https://mlopes.xyz/" "Mozilla/5.0 (Windows NT 10.0; Win64; x64) AppleWebKit/537.36 (KHTML, like Gecko) Chrome/132.0.0.0 Safari/537.36 Edg/132.0.0.0"
104.164.173.125 - - [18/Jan/2025:03:41:40 -0300] "GET / HTTP/1.1" 404 2099 "-" "Mozilla/5.0 (X11; Linux x86_64) AppleWebKit/537.36 (KHTML, like Gecko) Chrome/116.0.0.0 Safari/537.36"
2804:14c:f281:8b20::1002 - - [18/Jan/2025:03:41:40 -0300] "GET / HTTP/1.1" 404 2099 "https://mlopes.xyz/" "Mozilla/5.0 (Windows NT 10.0; Win64; x64) AppleWebKit/537.36 (KHTML, like Gecko) Chrome/132.0.0.0 Safari/537.36 Edg/132.0.0.0"
2804:14c:f281:8b20::1002 - - [18/Jan/2025:03:41:40 -0300] "GET / HTTP/1.1" 404 2099 "https://mlopes.xyz/" "Mozilla/5.0 (Windows NT 10.0; Win64; x64) AppleWebKit/537.36 (KHTML, like Gecko) Chrome/132.0.0.0 Safari/537.36 Edg/132.0.0.0"
2804:14c:f281:8b20::1002 - - [18/Jan/2025:03:41:40 -0300] "GET / HTTP/1.1" 404 2099 "https://mlopes.xyz/" "Mozilla/5.0 (Windows NT 10.0; Win64; x64) AppleWebKit/537.36 (KHTML, like Gecko) Chrome/132.0.0.0 Safari/537.36 Edg/132.0.0.0"
2804:14c:f281:8b20::1002 - - [18/Jan/2025:03:41:40 -0300] "GET / HTTP/1.1" 404 2099 "https://mlopes.xyz/" "Mozilla/5.0 (Windows NT 10.0; Win64; x64) AppleWebKit/537.36 (KHTML, like Gecko) Chrome/132.0.0.0 Safari/537.36 Edg/132.0.0.0"
104.164.173.125 - - [18/Jan/2025:03:41:41 -0300] "GET / HTTP/1.1" 404 2099 "-" "Mozilla/5.0 (X11; Linux x86_64) AppleWebKit/537.36 (KHTML, like Gecko) Chrome/116.0.0.0 Safari/537.36"
2804:14c:f281:8b20::1002 - - [18/Jan/2025:03:41:47 -0300] "GET / HTTP/1.1" 404 2109 "https://mlopes.xyz/" "Mozilla/5.0 (Windows NT 10.0; Win64; x64) AppleWebKit/537.36 (KHTML, like Gecko) Chrome/132.0.0.0 Safari/537.36 Edg/132.0.0.0"
2804:14c:f281:8b20::1002 - - [18/Jan/2025:03:41:47 -0300] "GET / HTTP/1.1" 404 2109 "https://mlopes.xyz/" "Mozilla/5.0 (Windows NT 10.0; Win64; x64) AppleWebKit/537.36 (KHTML, like Gecko) Chrome/132.0.0.0 Safari/537.36 Edg/132.0.0.0"
2804:14c:f281:8b20::1002 - - [18/Jan/2025:03:41:48 -0300] "GET / HTTP/1.1" 404 2109 "https://mlopes.xyz/" "Mozilla/5.0 (Windows NT 10.0; Win64; x64) AppleWebKit/537.36 (KHTML, like Gecko) Chrome/132.0.0.0 Safari/537.36 Edg/132.0.0.0"
2804:14c:f281:8b20::1002 - - [18/Jan/2025:03:41:48 -0300] "GET / HTTP/1.1" 404 2109 "https://mlopes.xyz/" "Mozilla/5.0 (Windows NT 10.0; Win64; x64) AppleWebKit/537.36 (KHTML, like Gecko) Chrome/132.0.0.0 Safari/537.36 Edg/132.0.0.0"
2804:14c:f281:8b20::1002 - - [18/Jan/2025:03:42:07 -0300] "GET / HTTP/1.1" 404 2109 "https://mlopes.xyz/" "Mozilla/5.0 (Windows NT 10.0; Win64; x64) AppleWebKit/537.36 (KHTML, like Gecko) Chrome/132.0.0.0 Safari/537.36 Edg/132.0.0.0"
2804:14c:f281:8b20::1002 - - [18/Jan/2025:03:42:07 -0300] "GET / HTTP/1.1" 404 2109 "https://mlopes.xyz/" "Mozilla/5.0 (Windows NT 10.0; Win64; x64) AppleWebKit/537.36 (KHTML, like Gecko) Chrome/132.0.0.0 Safari/537.36 Edg/132.0.0.0"
2804:14c:f281:8b20::1002 - - [18/Jan/2025:03:42:13 -0300] "GET / HTTP/1.1" 404 2109 "https://mlopes.xyz/" "Mozilla/5.0 (Windows NT 10.0; Win64; x64) AppleWebKit/537.36 (KHTML, like Gecko) Chrome/132.0.0.0 Safari/537.36 Edg/132.0.0.0"
2804:14c:f281:8b20::1002 - - [18/Jan/2025:03:42:13 -0300] "GET / HTTP/1.1" 404 2109 "https://mlopes.xyz/" "Mozilla/5.0 (Windows NT 10.0; Win64; x64) AppleWebKit/537.36 (KHTML, like Gecko) Chrome/132.0.0.0 Safari/537.36 Edg/132.0.0.0"
185.242.226.163 - - [18/Jan/2025:03:42:47 -0300] "GET / HTTP/1.1" 404 2109 "-" "Mozilla/5.0 (Windows NT 10.0; Win64; x64) AppleWebKit/537.36 (KHTML, like Gecko) Chrome/88.0.4324.190 Safari/537.36"
2804:14c:f281:8b20::1002 - - [18/Jan/2025:03:43:26 -0300] "GET / HTTP/1.1" 404 2109 "https://mlopes.xyz/" "Mozilla/5.0 (Windows NT 10.0; Win64; x64) AppleWebKit/537.36 (KHTML, like Gecko) Chrome/132.0.0.0 Safari/537.36 Edg/132.0.0.0"
2804:14c:f281:8b20::1002 - - [18/Jan/2025:03:43:27 -0300] "GET / HTTP/1.1" 404 2109 "https://mlopes.xyz/" "Mozilla/5.0 (Windows NT 10.0; Win64; x64) AppleWebKit/537.36 (KHTML, like Gecko) Chrome/132.0.0.0 Safari/537.36 Edg/132.0.0.0"
2804:14c:f281:8b20::1002 - - [18/Jan/2025:03:43:29 -0300] "GET /500 HTTP/1.1" 500 2123 "-" "Mozilla/5.0 (Windows NT 10.0; Win64; x64) AppleWebKit/537.36 (KHTML, like Gecko) Chrome/132.0.0.0 Safari/537.36 Edg/132.0.0.0"
88.99.26.177 - - [18/Jan/2025:03:44:24 -0300] "GET / HTTP/1.1" 301 175 "-" "Mozilla/5.0 (Linux; Android 14) AppleWebKit/537.36 (KHTML, like Gecko) Chrome/118.0.5993.80 Mobile Safari/537.36"
2804:14c:f281:8b20::1002 - - [18/Jan/2025:03:44:26 -0300] "GET /500 HTTP/1.1" 404 2109 "-" "Mozilla/5.0 (Windows NT 10.0; Win64; x64) AppleWebKit/537.36 (KHTML, like Gecko) Chrome/132.0.0.0 Safari/537.36 Edg/132.0.0.0"
88.99.26.177 - - [18/Jan/2025:03:44:30 -0300] "GET / HTTP/1.1" 404 2109 "-" "Mozilla/5.0 (Linux; Android 14) AppleWebKit/537.36 (KHTML, like Gecko) Chrome/118.0.5993.80 Mobile Safari/537.36"
2804:14c:f281:8b20::1002 - - [18/Jan/2025:03:44:30 -0300] "GET /418 HTTP/1.1" 418 2105 "-" "Mozilla/5.0 (Windows NT 10.0; Win64; x64) AppleWebKit/537.36 (KHTML, like Gecko) Chrome/132.0.0.0 Safari/537.36 Edg/132.0.0.0"
2804:14c:f281:8b20::1002 - - [18/Jan/2025:03:45:37 -0300] "GET / HTTP/1.1" 404 2109 "-" "Mozilla/5.0 (Windows NT 10.0; Win64; x64) AppleWebKit/537.36 (KHTML, like Gecko) Chrome/132.0.0.0 Safari/537.36 Edg/132.0.0.0"
2804:14c:f281:8b20::1002 - - [18/Jan/2025:03:46:24 -0300] "GET / HTTP/1.1" 404 2109 "-" "Mozilla/5.0 (Windows NT 10.0; Win64; x64) AppleWebKit/537.36 (KHTML, like Gecko) Chrome/132.0.0.0 Safari/537.36 Edg/132.0.0.0"
2804:14c:f281:8b20::1002 - - [18/Jan/2025:03:46:25 -0300] "GET / HTTP/1.1" 404 2109 "-" "Mozilla/5.0 (Windows NT 10.0; Win64; x64) AppleWebKit/537.36 (KHTML, like Gecko) Chrome/132.0.0.0 Safari/537.36 Edg/132.0.0.0"
2804:14c:f281:8b20::1002 - - [18/Jan/2025:03:46:25 -0300] "GET / HTTP/1.1" 404 2109 "-" "Mozilla/5.0 (Windows NT 10.0; Win64; x64) AppleWebKit/537.36 (KHTML, like Gecko) Chrome/132.0.0.0 Safari/537.36 Edg/132.0.0.0"
2804:14c:f281:8b20::1002 - - [18/Jan/2025:03:46:25 -0300] "GET / HTTP/1.1" 404 2109 "-" "Mozilla/5.0 (Windows NT 10.0; Win64; x64) AppleWebKit/537.36 (KHTML, like Gecko) Chrome/132.0.0.0 Safari/537.36 Edg/132.0.0.0"
2804:14c:f281:8b20::1002 - - [18/Jan/2025:03:46:25 -0300] "GET / HTTP/1.1" 404 2109 "-" "Mozilla/5.0 (Windows NT 10.0; Win64; x64) AppleWebKit/537.36 (KHTML, like Gecko) Chrome/132.0.0.0 Safari/537.36 Edg/132.0.0.0"
2804:14c:f281:8b20::1002 - - [18/Jan/2025:03:46:26 -0300] "GET / HTTP/1.1" 404 2109 "-" "Mozilla/5.0 (Windows NT 10.0; Win64; x64) AppleWebKit/537.36 (KHTML, like Gecko) Chrome/132.0.0.0 Safari/537.36 Edg/132.0.0.0"
2804:14c:f281:8b20::1002 - - [18/Jan/2025:03:49:16 -0300] "GET / HTTP/1.1" 200 128646 "-" "Mozilla/5.0 (Windows NT 10.0; Win64; x64) AppleWebKit/537.36 (KHTML, like Gecko) Chrome/132.0.0.0 Safari/537.36 Edg/132.0.0.0"
2804:14c:f281:8b20::1002 - - [18/Jan/2025:03:49:19 -0300] "GET /aaaaa HTTP/1.1" 404 2109 "-" "Mozilla/5.0 (Windows NT 10.0; Win64; x64) AppleWebKit/537.36 (KHTML, like Gecko) Chrome/132.0.0.0 Safari/537.36 Edg/132.0.0.0"
2804:14c:f281:8b20::1002 - - [18/Jan/2025:03:49:45 -0300] "GET /418 HTTP/1.1" 418 2105 "-" "Mozilla/5.0 (Windows NT 10.0; Win64; x64) AppleWebKit/537.36 (KHTML, like Gecko) Chrome/132.0.0.0 Safari/537.36 Edg/132.0.0.0"
2804:14c:f281:8b20::1002 - - [18/Jan/2025:03:50:42 -0300] "GET / HTTP/1.1" 418 2105 "-" "Mozilla/5.0 (Windows NT 10.0; Win64; x64) AppleWebKit/537.36 (KHTML, like Gecko) Chrome/132.0.0.0 Safari/537.36 Edg/132.0.0.0"
100.27.217.35 - - [18/Jan/2025:03:51:41 -0300] "GET / HTTP/1.1" 404 2177 "-" "Mozilla/5.0 (Windows NT 10.0; Win64; x64) AppleWebKit/537.36 (KHTML, like Gecko) Chrome/58.0.3029.110 Safari/537.3"
2804:14c:f281:8b20::1002 - - [18/Jan/2025:03:51:42 -0300] "GET / HTTP/1.1" 418 2174 "-" "Mozilla/5.0 (Windows NT 10.0; Win64; x64) AppleWebKit/537.36 (KHTML, like Gecko) Chrome/132.0.0.0 Safari/537.36 Edg/132.0.0.0"
2804:14c:f281:8b20::1002 - - [18/Jan/2025:03:52:07 -0300] "GET / HTTP/1.1" 418 2147 "-" "Mozilla/5.0 (Windows NT 10.0; Win64; x64) AppleWebKit/537.36 (KHTML, like Gecko) Chrome/132.0.0.0 Safari/537.36 Edg/132.0.0.0"
2804:14c:f281:8b20::1002 - - [18/Jan/2025:03:52:22 -0300] "GET / HTTP/1.1" 418 2182 "-" "Mozilla/5.0 (Windows NT 10.0; Win64; x64) AppleWebKit/537.36 (KHTML, like Gecko) Chrome/132.0.0.0 Safari/537.36 Edg/132.0.0.0"
154.28.229.233 - - [18/Jan/2025:03:52:30 -0300] "GET / HTTP/1.1" 404 2186 "-" "Mozilla/5.0 (Macintosh; Intel Mac OS X 10_15_7) AppleWebKit/537.36 (KHTML, like Gecko) Chrome/117.0.0.0 Safari/537.36"
104.164.173.230 - - [18/Jan/2025:03:52:35 -0300] "GET / HTTP/1.1" 404 2186 "-" "Mozilla/5.0 (Windows NT 10.0; Win64; x64) AppleWebKit/537.36 (KHTML, like Gecko) Chrome/117.0.0.0 Safari/537.36"
104.164.173.164 - - [18/Jan/2025:03:52:35 -0300] "GET / HTTP/1.1" 404 2186 "-" "Mozilla/5.0 (Windows NT 10.0; Win64; x64) AppleWebKit/537.36 (KHTML, like Gecko) Chrome/117.0.0.0 Safari/537.36"
104.164.173.91 - - [18/Jan/2025:03:52:35 -0300] "GET / HTTP/1.1" 404 2186 "-" "Mozilla/5.0 (X11; Linux x86_64) AppleWebKit/537.36 (KHTML, like Gecko) Chrome/116.0.0.0 Safari/537.36"
104.164.173.203 - - [18/Jan/2025:03:52:44 -0300] "GET / HTTP/1.1" 404 2186 "-" "Mozilla/5.0 (Windows NT 10.0; Win64; x64) AppleWebKit/537.36 (KHTML, like Gecko) Chrome/116.0.0.0 Safari/537.36"
104.164.173.203 - - [18/Jan/2025:03:52:45 -0300] "GET / HTTP/1.1" 404 2186 "-" "Mozilla/5.0 (Windows NT 10.0; Win64; x64) AppleWebKit/537.36 (KHTML, like Gecko) Chrome/116.0.0.0 Safari/537.36"
104.164.173.36 - - [18/Jan/2025:03:52:45 -0300] "GET / HTTP/1.1" 404 2186 "-" "Mozilla/5.0 (X11; Linux x86_64) AppleWebKit/537.36 (KHTML, like Gecko) Chrome/116.0.0.0 Safari/537.36"
104.164.173.36 - - [18/Jan/2025:03:52:46 -0300] "GET / HTTP/1.1" 404 2186 "-" "Mozilla/5.0 (X11; Linux x86_64) AppleWebKit/537.36 (KHTML, like Gecko) Chrome/116.0.0.0 Safari/537.36"
2804:14c:f281:8b20::1002 - - [18/Jan/2025:03:52:47 -0300] "GET / HTTP/1.1" 404 2186 "-" "Mozilla/5.0 (Windows NT 10.0; Win64; x64) AppleWebKit/537.36 (KHTML, like Gecko) Chrome/132.0.0.0 Safari/537.36 Edg/132.0.0.0"
2804:14c:f281:8b20::1002 - - [18/Jan/2025:03:52:47 -0300] "GET /favicon.ico HTTP/1.1" 404 2186 "https://aa.mlopes.xyz/" "Mozilla/5.0 (Windows NT 10.0; Win64; x64) AppleWebKit/537.36 (KHTML, like Gecko) Chrome/132.0.0.0 Safari/537.36 Edg/132.0.0.0"
2804:14c:f281:8b20::1002 - - [18/Jan/2025:03:52:52 -0300] "GET /awdwad HTTP/1.1" 404 2186 "-" "Mozilla/5.0 (Windows NT 10.0; Win64; x64) AppleWebKit/537.36 (KHTML, like Gecko) Chrome/132.0.0.0 Safari/537.36 Edg/132.0.0.0"
2804:14c:f281:8b20::1002 - - [18/Jan/2025:03:52:54 -0300] "GET / HTTP/1.1" 404 2186 "-" "Mozilla/5.0 (Windows NT 10.0; Win64; x64) AppleWebKit/537.36 (KHTML, like Gecko) Chrome/132.0.0.0 Safari/537.36 Edg/132.0.0.0"
192.168.0.1 - - [18/Jan/2025:03:53:56 -0300] "GET / HTTP/1.1" 301 175 "-" "curl/8.9.1"
192.168.0.1 - - [18/Jan/2025:03:54:00 -0300] "GET / HTTP/1.1" 301 175 "-" "curl/8.9.1"
193.142.146.175 - - [18/Jan/2025:03:54:13 -0300] "GET / HTTP/1.1" 301 175 "-" "-"
193.142.146.175 - - [18/Jan/2025:03:54:14 -0300] "GET /logon.htm HTTP/1.1" 301 175 "-" "Hello World"
106.75.169.16 - - [18/Jan/2025:03:54:22 -0300] "GET / HTTP/1.1" 404 2186 "http://www.instadebitcasino.ca" "Mozilla/5.0 (Windows NT 6.1) AppleWebKit/537.36 (KHTML, like Gecko) Chrome/49.0.2623.112 Safari/537.36"
106.75.181.50 - - [18/Jan/2025:03:54:23 -0300] "GET / HTTP/1.1" 301 175 "https://a.btcforum.ru:443" "Mozilla/5.0 (Windows NT 6.1) AppleWebKit/537.36 (KHTML, like Gecko) Chrome/49.0.2623.112 Safari/537.36"
106.75.169.16 - - [18/Jan/2025:03:54:25 -0300] "GET /favicon.ico HTTP/1.1" 404 2186 "https://aaaaaaaaaaaaaaaaaaa.mlopes.xyz" "Mozilla/5.0 (Windows NT 6.1) AppleWebKit/537.36 (KHTML, like Gecko) Chrome/49.0.2623.112 Safari/537.36"
106.75.181.50 - - [18/Jan/2025:03:54:25 -0300] "GET / HTTP/1.1" 404 2186 "https://a.btcforum.ru:443" "Mozilla/5.0 (Windows NT 6.1) AppleWebKit/537.36 (KHTML, like Gecko) Chrome/49.0.2623.112 Safari/537.36"
106.75.181.50 - - [18/Jan/2025:03:54:28 -0300] "GET /favicon.ico HTTP/1.1" 404 2186 "https://aaaaaaaaaaaaaaaaaaa.mlopes.xyz" "Mozilla/5.0 (Windows NT 6.1) AppleWebKit/537.36 (KHTML, like Gecko) Chrome/49.0.2623.112 Safari/537.36"
192.168.0.1 - - [18/Jan/2025:03:54:30 -0300] "GET / HTTP/1.1" 301 175 "-" "curl/8.9.1"
192.168.0.1 - - [18/Jan/2025:03:54:36 -0300] "GET / HTTP/1.1" 301 175 "-" "curl/8.9.1"
2804:14c:f281:8b20::1002 - - [18/Jan/2025:03:54:46 -0300] "GET / HTTP/1.1" 301 175 "-" "curl/8.9.1"
2804:14c:f281:8b20::1002 - - [18/Jan/2025:03:54:53 -0300] "GET / HTTP/1.1" 301 175 "-" "curl/8.9.1"
2804:14c:f281:8b20::1002 - - [18/Jan/2025:03:55:34 -0300] "GET / HTTP/1.1" 404 2186 "-" "Mozilla/5.0 (Windows NT 10.0; Win64; x64) AppleWebKit/537.36 (KHTML, like Gecko) Chrome/132.0.0.0 Safari/537.36 Edg/132.0.0.0"
2804:14c:f281:8b20::1002 - - [18/Jan/2025:03:55:36 -0300] "GET / HTTP/1.1" 404 2186 "-" "Mozilla/5.0 (Windows NT 10.0; Win64; x64) AppleWebKit/537.36 (KHTML, like Gecko) Chrome/132.0.0.0 Safari/537.36 Edg/132.0.0.0"
2804:14c:f281:8b20::1002 - - [18/Jan/2025:03:55:39 -0300] "GET / HTTP/1.1" 418 2182 "-" "Mozilla/5.0 (Windows NT 10.0; Win64; x64) AppleWebKit/537.36 (KHTML, like Gecko) Chrome/132.0.0.0 Safari/537.36 Edg/132.0.0.0"
2804:14c:f281:8b20::1002 - - [18/Jan/2025:03:56:08 -0300] "GET /favicon.ico HTTP/1.1" 418 2182 "https://mlopes.xyz/" "Mozilla/5.0 (Windows NT 10.0; Win64; x64) AppleWebKit/537.36 (KHTML, like Gecko) Chrome/132.0.0.0 Safari/537.36 Edg/132.0.0.0"
2804:14c:f281:8b20:1493:661f:37c9:6434 - - [18/Jan/2025:04:04:08 -0300] "GET / HTTP/1.1" 502 565 "-" "Mozilla/5.0 (Linux; Android 10; K) AppleWebKit/537.36 (KHTML, like Gecko) Chrome/131.0.0.0 Mobile Safari/537.36"
2804:14c:f281:8b20:1493:661f:37c9:6434 - - [18/Jan/2025:04:04:09 -0300] "GET /favicon.ico HTTP/1.1" 502 565 "https://mlopes.xyz/" "Mozilla/5.0 (Linux; Android 10; K) AppleWebKit/537.36 (KHTML, like Gecko) Chrome/131.0.0.0 Mobile Safari/537.36"
2804:14c:f281:8b20:1493:661f:37c9:6434 - - [18/Jan/2025:04:04:11 -0300] "GET / HTTP/1.1" 418 2182 "-" "Mozilla/5.0 (Linux; Android 10; K) AppleWebKit/537.36 (KHTML, like Gecko) Chrome/131.0.0.0 Mobile Safari/537.36"
2804:14c:f281:8b20:1493:661f:37c9:6434 - - [18/Jan/2025:04:04:11 -0300] "GET /favicon.ico HTTP/1.1" 418 2182 "https://mlopes.xyz/" "Mozilla/5.0 (Linux; Android 10; K) AppleWebKit/537.36 (KHTML, like Gecko) Chrome/131.0.0.0 Mobile Safari/537.36"
2804:14c:f281:8b20:1493:661f:37c9:6434 - - [18/Jan/2025:04:04:20 -0300] "GET / HTTP/1.1" 418 2182 "-" "Mozilla/5.0 (Linux; Android 10; K) AppleWebKit/537.36 (KHTML, like Gecko) Chrome/131.0.0.0 Mobile Safari/537.36"
2804:14c:f281:8b20:1493:661f:37c9:6434 - - [18/Jan/2025:04:04:20 -0300] "GET /favicon.ico HTTP/1.1" 418 2182 "https://mlopes.xyz/" "Mozilla/5.0 (Linux; Android 10; K) AppleWebKit/537.36 (KHTML, like Gecko) Chrome/131.0.0.0 Mobile Safari/537.36"
                                                                                                                                                                                                                                                                                                                                                                                                                                                                             40.77.167.93 - - [18/Jan/2025:04:05:33 -0300] "GET /robots.txt HTTP/1.1" 301 175 "-" "Mozilla/5.0 AppleWebKit/537.36 (KHTML, like Gecko; compatible; bingbot/2.0; +http://www.bing.com/bingbot.htm) Chrome/116.0.1938.76 Safari/537.36"
141.148.153.213 - - [18/Jan/2025:04:05:34 -0300] "GET / HTTP/1.1" 404 2186 "-" "Mozilla/5.0 (iPhone; CPU iPhone OS 17_0 like Mac OS X) AppleWebKit/605.1.15 (KHTML, like Gecko) Version/17.0 Mobile/15E148 Safari/604.1"
141.148.153.213 - - [18/Jan/2025:04:05:36 -0300] "GET / HTTP/1.1" 404 2186 "-" "Mozilla/5.0 (iPhone; CPU iPhone OS 16_0 like Mac OS X) AppleWebKit/605.1.15 (KHTML, like Gecko) Version/18.2 Mobile/15E148 Safari/604.1"
141.148.153.213 - - [18/Jan/2025:04:05:38 -0300] "GET /favicon.ico HTTP/1.1" 404 2186 "-" "Mozilla/5.0 (iPhone; CPU iPhone OS 16_0 like Mac OS X) AppleWebKit/605.1.15 (KHTML, like Gecko) Version/18.2 Mobile/15E148 Safari/604.1"
141.148.153.213 - - [18/Jan/2025:04:05:38 -0300] "GET /favicon.ico HTTP/1.1" 404 2186 "-" "Mozilla/5.0 (iPhone; CPU iPhone OS 17_0 like Mac OS X) AppleWebKit/605.1.15 (KHTML, like Gecko) Version/17.0 Mobile/15E148 Safari/604.1"
- - - [18/Jan/2025:04:05:44 -0300] "POST /deploy-challenge HTTP/1.1" 200 5 "-" "curl/8.5.0"
2804:14c:f281:8b20:1493:661f:37c9:6434 - - [18/Jan/2025:04:05:45 -0300] "GET / HTTP/1.1" 418 2182 "-" "Mozilla/5.0 (Linux; Android 10; K) AppleWebKit/537.36 (KHTML, like Gecko) Chrome/131.0.0.0 Mobile Safari/537.36"
2804:14c:f281:8b20:1493:661f:37c9:6434 - - [18/Jan/2025:04:05:45 -0300] "GET /favicon.ico HTTP/1.1" 418 2182 "https://mlopes.xyz/" "Mozilla/5.0 (Linux; Android 10; K) AppleWebKit/537.36 (KHTML, like Gecko) Chrome/131.0.0.0 Mobile Safari/537.36"
2804:14c:f281:8b20:1493:661f:37c9:6434 - - [18/Jan/2025:04:05:46 -0300] "GET / HTTP/1.1" 418 2182 "-" "Mozilla/5.0 (Linux; Android 10; K) AppleWebKit/537.36 (KHTML, like Gecko) Chrome/131.0.0.0 Mobile Safari/537.36"
2804:14c:f281:8b20:1493:661f:37c9:6434 - - [18/Jan/2025:04:05:46 -0300] "GET /favicon.ico HTTP/1.1" 418 2182 "https://mlopes.xyz/" "Mozilla/5.0 (Linux; Android 10; K) AppleWebKit/537.36 (KHTML, like Gecko) Chrome/131.0.0.0 Mobile Safari/537.36"
2804:14c:f281:8b20:1493:661f:37c9:6434 - - [18/Jan/2025:04:05:47 -0300] "GET / HTTP/1.1" 418 2182 "-" "Mozilla/5.0 (Linux; Android 10; K) AppleWebKit/537.36 (KHTML, like Gecko) Chrome/131.0.0.0 Mobile Safari/537.36"
2804:14c:f281:8b20:1493:661f:37c9:6434 - - [18/Jan/2025:04:05:48 -0300] "GET /favicon.ico HTTP/1.1" 418 2182 "https://mlopes.xyz/" "Mozilla/5.0 (Linux; Android 10; K) AppleWebKit/537.36 (KHTML, like Gecko) Chrome/131.0.0.0 Mobile Safari/537.36"
2804:14c:f281:8b20:1493:661f:37c9:6434 - - [18/Jan/2025:04:05:51 -0300] "GET / HTTP/1.1" 418 2182 "-" "Mozilla/5.0 (Linux; Android 10; K) AppleWebKit/537.36 (KHTML, like Gecko) Chrome/131.0.0.0 Mobile Safari/537.36"
2804:14c:f281:8b20:1493:661f:37c9:6434 - - [18/Jan/2025:04:05:51 -0300] "GET /favicon.ico HTTP/1.1" 418 2182 "https://mlopes.xyz/" "Mozilla/5.0 (Linux; Android 10; K) AppleWebKit/537.36 (KHTML, like Gecko) Chrome/131.0.0.0 Mobile Safari/537.36"
2804:14c:f281:8b20:1493:661f:37c9:6434 - - [18/Jan/2025:04:05:54 -0300] "GET /jwks HTTP/1.1" 418 2182 "-" "Mozilla/5.0 (Linux; Android 10; K) AppleWebKit/537.36 (KHTML, like Gecko) Chrome/131.0.0.0 Mobile Safari/537.36"
2804:14c:f281:8b20:1493:661f:37c9:6434 - - [18/Jan/2025:04:05:54 -0300] "GET /favicon.ico HTTP/1.1" 418 2182 "https://mlopes.xyz/jwks" "Mozilla/5.0 (Linux; Android 10; K) AppleWebKit/537.36 (KHTML, like Gecko) Chrome/131.0.0.0 Mobile Safari/537.36"
23.178.112.216 - - [18/Jan/2025:04:05:56 -0300] "GET /.well-known/acme-challenge/mCbAU8ZDfjMRrZvkIB9j54Z3TVFWoUX_w35hEwgABNA HTTP/1.1" 200 99 "-" "Mozilla/5.0 (compatible; Let's Encrypt validation server; +https://www.letsencrypt.org)"
2804:14c:f281:8b20:1493:661f:37c9:6434 - - [18/Jan/2025:04:05:56 -0300] "GET /jwks HTTP/1.1" 418 2182 "-" "Mozilla/5.0 (Linux; Android 10; K) AppleWebKit/537.36 (KHTML, like Gecko) Chrome/131.0.0.0 Mobile Safari/537.36"
2804:14c:f281:8b20:1493:661f:37c9:6434 - - [18/Jan/2025:04:05:56 -0300] "GET /favicon.ico HTTP/1.1" 418 2182 "https://mlopes.xyz/jwks" "Mozilla/5.0 (Linux; Android 10; K) AppleWebKit/537.36 (KHTML, like Gecko) Chrome/131.0.0.0 Mobile Safari/537.36"
3.144.212.239 - - [18/Jan/2025:04:06:06 -0300] "GET /.well-known/acme-challenge/mCbAU8ZDfjMRrZvkIB9j54Z3TVFWoUX_w35hEwgABNA HTTP/1.1" 200 99 "-" "Mozilla/5.0 (compatible; Let's Encrypt validation server; +https://www.letsencrypt.org)"
2804:14c:f281:8b20:1493:661f:37c9:6434 - - [18/Jan/2025:04:06:07 -0300] "GET /jwksaa HTTP/1.1" 418 2182 "-" "Mozilla/5.0 (Linux; Android 10; K) AppleWebKit/537.36 (KHTML, like Gecko) Chrome/131.0.0.0 Mobile Safari/537.36"
52.36.226.116 - - [18/Jan/2025:04:06:07 -0300] "GET /.well-known/acme-challenge/mCbAU8ZDfjMRrZvkIB9j54Z3TVFWoUX_w35hEwgABNA HTTP/1.1" 200 99 "-" "Mozilla/5.0 (compatible; Let's Encrypt validation server; +https://www.letsencrypt.org)"
2804:14c:f281:8b20:1493:661f:37c9:6434 - - [18/Jan/2025:04:06:07 -0300] "GET /favicon.ico HTTP/1.1" 418 2182 "https://mlopes.xyz/jwksaa" "Mozilla/5.0 (Linux; Android 10; K) AppleWebKit/537.36 (KHTML, like Gecko) Chrome/131.0.0.0 Mobile Safari/537.36"
13.61.184.141 - - [18/Jan/2025:04:06:07 -0300] "GET /.well-known/acme-challenge/mCbAU8ZDfjMRrZvkIB9j54Z3TVFWoUX_w35hEwgABNA HTTP/1.1" 200 99 "-" "Mozilla/5.0 (compatible; Let's Encrypt validation server; +https://www.letsencrypt.org)"
13.212.255.153 - - [18/Jan/2025:04:06:07 -0300] "GET /.well-known/acme-challenge/mCbAU8ZDfjMRrZvkIB9j54Z3TVFWoUX_w35hEwgABNA HTTP/1.1" 200 99 "-" "Mozilla/5.0 (compatible; Let's Encrypt validation server; +https://www.letsencrypt.org)"
- - - [18/Jan/2025:04:06:09 -0300] "POST /clean-challenge HTTP/1.1" 200 5 "-" "curl/8.5.0"
- - - [18/Jan/2025:04:06:14 -0300] "POST /deploy-cert HTTP/1.1" 200 5 "-" "curl/8.5.0"
2804:14c:f281:8b20:1493:661f:37c9:6434 - - [18/Jan/2025:04:06:15 -0300] "GET /jwksaa HTTP/1.1" 418 2182 "-" "Mozilla/5.0 (Linux; Android 10; K) AppleWebKit/537.36 (KHTML, like Gecko) Chrome/131.0.0.0 Mobile Safari/537.36"
2804:14c:f281:8b20:1493:661f:37c9:6434 - - [18/Jan/2025:04:06:15 -0300] "GET /favicon.ico HTTP/1.1" 418 2182 "https://mlopes.xyz/jwksaa" "Mozilla/5.0 (Linux; Android 10; K) AppleWebKit/537.36 (KHTML, like Gecko) Chrome/131.0.0.0 Mobile Safari/537.36"
2804:14c:f281:8b20:1493:661f:37c9:6434 - - [18/Jan/2025:04:06:17 -0300] "GET /jwksaa HTTP/1.1" 418 2182 "-" "Mozilla/5.0 (Linux; Android 10; K) AppleWebKit/537.36 (KHTML, like Gecko) Chrome/131.0.0.0 Mobile Safari/537.36"
2804:14c:f281:8b20:1493:661f:37c9:6434 - - [18/Jan/2025:04:06:17 -0300] "GET /favicon.ico HTTP/1.1" 418 2182 "https://mlopes.xyz/jwksaa" "Mozilla/5.0 (Linux; Android 10; K) AppleWebKit/537.36 (KHTML, like Gecko) Chrome/131.0.0.0 Mobile Safari/537.36"
2804:14c:f281:8b20:1493:661f:37c9:6434 - - [18/Jan/2025:04:06:17 -0300] "GET / HTTP/1.1" 418 2182 "https://mlopes.xyz/jwksaa" "Mozilla/5.0 (Linux; Android 10; K) AppleWebKit/537.36 (KHTML, like Gecko) Chrome/131.0.0.0 Mobile Safari/537.36"
2804:14c:f281:8b20:1493:661f:37c9:6434 - - [18/Jan/2025:04:06:17 -0300] "GET /favicon.ico HTTP/1.1" 418 2182 "https://mlopes.xyz/" "Mozilla/5.0 (Linux; Android 10; K) AppleWebKit/537.36 (KHTML, like Gecko) Chrome/131.0.0.0 Mobile Safari/537.36"
179.43.169.162 - - [18/Jan/2025:04:06:18 -0300] "GET / HTTP/1.1" 301 175 "-" "Hello World/1.0"
2804:14c:f281:8b20:1493:661f:37c9:6434 - - [18/Jan/2025:04:06:18 -0300] "GET / HTTP/1.1" 418 2182 "https://mlopes.xyz/" "Mozilla/5.0 (Linux; Android 10; K) AppleWebKit/537.36 (KHTML, like Gecko) Chrome/131.0.0.0 Mobile Safari/537.36"
2804:14c:f281:8b20:1493:661f:37c9:6434 - - [18/Jan/2025:04:06:18 -0300] "GET /favicon.ico HTTP/1.1" 418 2182 "https://mlopes.xyz/" "Mozilla/5.0 (Linux; Android 10; K) AppleWebKit/537.36 (KHTML, like Gecko) Chrome/131.0.0.0 Mobile Safari/537.36"
2804:14c:f281:8b20:1493:661f:37c9:6434 - - [18/Jan/2025:04:06:24 -0300] "GET /aaaa HTTP/1.1" 418 2182 "-" "Mozilla/5.0 (Linux; Android 10; K) AppleWebKit/537.36 (KHTML, like Gecko) Chrome/131.0.0.0 Mobile Safari/537.36"
2804:14c:f281:8b20:1493:661f:37c9:6434 - - [18/Jan/2025:04:06:24 -0300] "GET /favicon.ico HTTP/1.1" 418 2182 "https://mlopes.xyz/aaaa" "Mozilla/5.0 (Linux; Android 10; K) AppleWebKit/537.36 (KHTML, like Gecko) Chrome/131.0.0.0 Mobile Safari/537.36"
51.81.245.138 - - [18/Jan/2025:04:06:27 -0300] "GET / HTTP/1.1" 404 2186 "-" "Mozilla/5.0 (Windows NT 10.0; Win64; x64) AppleWebKit/537.36 (KHTML, like Gecko) Chrome/108.0.0.0 Safari/537.36"
51.81.245.138 - - [18/Jan/2025:04:06:31 -0300] "GET /favicon.ico HTTP/1.1" 404 2186 "-" "python-requests/2.25.1"
104.164.173.177 - - [18/Jan/2025:04:06:32 -0300] "GET / HTTP/1.1" 404 2186 "-" "Mozilla/5.0 (Macintosh; Intel Mac OS X 10_15_7) AppleWebKit/537.36 (KHTML, like Gecko) Chrome/117.0.0.0 Safari/537.36"
154.28.229.117 - - [18/Jan/2025:04:06:32 -0300] "GET / HTTP/1.1" 404 2186 "-" "Mozilla/5.0 (Windows NT 10.0; Win64; x64) AppleWebKit/537.36 (KHTML, like Gecko) Chrome/117.0.0.0 Safari/537.36"
154.28.229.149 - - [18/Jan/2025:04:06:44 -0300] "GET / HTTP/1.1" 404 2186 "-" "Mozilla/5.0 (X11; Linux x86_64) AppleWebKit/537.36 (KHTML, like Gecko) Chrome/117.0.0.0 Safari/537.36"
154.28.229.149 - - [18/Jan/2025:04:06:44 -0300] "GET / HTTP/1.1" 404 2186 "-" "Mozilla/5.0 (X11; Linux x86_64) AppleWebKit/537.36 (KHTML, like Gecko) Chrome/117.0.0.0 Safari/537.36"
141.148.153.213 - - [18/Jan/2025:04:06:45 -0300] "GET / HTTP/1.1" 404 2186 "-" "Mozilla/5.0 (iPhone; CPU iPhone OS 17_0 like Mac OS X) AppleWebKit/605.1.15 (KHTML, like Gecko) Version/17.0 Mobile/15E148 Safari/604.1"
141.148.153.213 - - [18/Jan/2025:04:06:47 -0300] "GET / HTTP/1.1" 404 2186 "-" "Mozilla/5.0 (iPhone; CPU iPhone OS 16_0 like Mac OS X) AppleWebKit/605.1.15 (KHTML, like Gecko) Version/18.2 Mobile/15E148 Safari/604.1"
141.148.153.213 - - [18/Jan/2025:04:06:48 -0300] "GET /favicon.ico HTTP/1.1" 404 2186 "-" "Mozilla/5.0 (iPhone; CPU iPhone OS 16_0 like Mac OS X) AppleWebKit/605.1.15 (KHTML, like Gecko) Version/18.2 Mobile/15E148 Safari/604.1"
